# Path: out/arsdk-native/build/libsdp/libsdp.dylib
# Arch: x86_64
# Object files:
[  0] linker synthesized
[  1] /Users/nicolassalleron/Desktop/IDMProject/product_and_sdk/macOS/eclipse/SDK_PARROT/out/arsdk-native/build/libsdp/obj/src/sdp.c.o
[  2] /Users/nicolassalleron/Desktop/IDMProject/product_and_sdk/macOS/eclipse/SDK_PARROT/out/arsdk-native/build/libsdp/obj/src/sdp_base64.c.o
[  3] /Users/nicolassalleron/Desktop/IDMProject/product_and_sdk/macOS/eclipse/SDK_PARROT/out/arsdk-native/build/libsdp/obj/src/sdp_log.c.o
[  4] /Users/nicolassalleron/Desktop/IDMProject/product_and_sdk/macOS/eclipse/SDK_PARROT/out/arsdk-native/staging/usr/lib/libulog.dylib
[  5] /Library/Developer/CommandLineTools/SDKs/MacOSX.sdk/usr/lib/libSystem.tbd
# Sections:
# Address	Size    	Segment	Section
0x00000F60	0x000044AB	__TEXT	__text
0x0000540C	0x00000060	__TEXT	__stubs
0x0000546C	0x000000B0	__TEXT	__stub_helper
0x00005520	0x00000010	__TEXT	__const
0x00005530	0x00000A52	__TEXT	__cstring
0x00005F84	0x00000074	__TEXT	__unwind_info
0x00006000	0x00000010	__DATA	__nl_symbol_ptr
0x00006010	0x00000008	__DATA	__got
0x00006018	0x00000080	__DATA	__la_symbol_ptr
0x000060A0	0x00000078	__DATA	__const
0x00006118	0x00000020	__DATA	__data
# Symbols:
# Address	Size    	File  Name
0x00000F60	0x000000C0	[  1] _sdp_session_new
0x00001020	0x00000240	[  1] _sdp_session_destroy
0x00001260	0x000001A0	[  1] _sdp_session_attr_remove
0x00001400	0x00000290	[  1] _sdp_session_media_remove
0x00001690	0x00000140	[  1] _sdp_session_attr_add
0x000017D0	0x00000160	[  1] _sdp_session_media_add
0x00001930	0x00000180	[  1] _sdp_media_attr_remove
0x00001AB0	0x00000130	[  1] _sdp_media_attr_add
0x00001BE0	0x00000B00	[  1] _sdp_description_write
0x000026E0	0x000000E0	[  1] _sdp_sprintf
0x000027C0	0x000003E0	[  1] _sdp_rtcp_xr_attr_write
0x00002BA0	0x00001BA0	[  1] _sdp_description_read
0x00004740	0x00000334	[  1] _sdp_rtcp_xr_attr_read
0x00004A80	0x000004D0	[  2] _sdp_base64_encode
0x00004F50	0x000004BB	[  2] _sdp_base64_decode
0x0000540C	0x00000006	[  5] ___stack_chk_fail
0x00005412	0x00000006	[  5] ___vsnprintf_chk
0x00005418	0x00000006	[  5] _atoi
0x0000541E	0x00000006	[  5] _atoll
0x00005424	0x00000006	[  5] _calloc
0x0000542A	0x00000006	[  5] _free
0x00005430	0x00000006	[  5] _malloc
0x00005436	0x00000006	[  5] _sscanf
0x0000543C	0x00000006	[  5] _strchr
0x00005442	0x00000006	[  5] _strcmp
0x00005448	0x00000006	[  5] _strdup
0x0000544E	0x00000006	[  5] _strerror
0x00005454	0x00000006	[  5] _strlen
0x0000545A	0x00000006	[  5] _strtok_r
0x00005460	0x00000006	[  4] _ulog_init_cookie
0x00005466	0x00000006	[  4] _ulog_log_write
0x0000546C	0x00000010	[  0] helper helper
0x0000547C	0x0000000A	[  4] _ulog_init_cookie
0x00005486	0x0000000A	[  4] _ulog_log_write
0x00005490	0x0000000A	[  5] ___stack_chk_fail
0x0000549A	0x0000000A	[  5] ___vsnprintf_chk
0x000054A4	0x0000000A	[  5] _atoi
0x000054AE	0x0000000A	[  5] _atoll
0x000054B8	0x0000000A	[  5] _calloc
0x000054C2	0x0000000A	[  5] _free
0x000054CC	0x0000000A	[  5] _malloc
0x000054D6	0x0000000A	[  5] _sscanf
0x000054E0	0x0000000A	[  5] _strchr
0x000054EA	0x0000000A	[  5] _strcmp
0x000054F4	0x0000000A	[  5] _strdup
0x000054FE	0x0000000A	[  5] _strerror
0x00005508	0x0000000A	[  5] _strlen
0x00005512	0x0000000A	[  5] _strtok_r
0x00005520	0x00000010	[  1] 16-byte-literal
0x00005530	0x00000012	[  1] literal string: %s:%d: err=%d(%s)
0x00005542	0x00000010	[  1] literal string: sdp_session_new
0x00005552	0x00000014	[  1] literal string: sdp_session_destroy
0x00005566	0x00000029	[  1] literal string: sdp_session_attr_remove() failed: %d(%s)
0x0000558F	0x0000002A	[  1] literal string: sdp_session_media_remove() failed: %d(%s)
0x000055B9	0x00000015	[  1] literal string: sdp_session_attr_add
0x000055CE	0x00000018	[  1] literal string: sdp_session_attr_remove
0x000055E6	0x00000029	[  1] literal string: failed to find the attribute in the list
0x0000560F	0x00000016	[  1] literal string: sdp_session_media_add
0x00005625	0x00000019	[  1] literal string: sdp_session_media_remove
0x0000563E	0x00000025	[  1] literal string: failed to find the media in the list
0x00005663	0x00000027	[  1] literal string: sdp_media_attr_remove() failed: %d(%s)
0x0000568A	0x00000013	[  1] literal string: sdp_media_attr_add
0x0000569D	0x00000016	[  1] literal string: sdp_media_attr_remove
0x000056B3	0x00000016	[  1] literal string: sdp_description_write
0x000056C9	0x00000017	[  1] literal string: invalid server address
0x000056E0	0x0000001B	[  1] literal string: %c=- %llu %llu IN IP4 %s\n
0x000056FB	0x00000008	[  1] literal string: %c=%d\n
0x00005703	0x00000008	[  1] literal string: %c=%s\n
0x0000570B	0x00000007	[  1] literal string: %c= \n
0x00005712	0x00000011	[  1] literal string: %c=IN IP4 %s%s\n
0x00005723	0x00000005	[  1] literal string: /127
0x00005728	0x00000001	[  1] literal string: 
0x00005729	0x00000009	[  1] literal string: %c=0 0\n
0x00005732	0x0000000B	[  1] literal string: %c=%s:%s\n
0x0000573D	0x00000005	[  1] literal string: tool
0x00005742	0x00000005	[  1] literal string: type
0x00005747	0x00000008	[  1] literal string: charset
0x0000574F	0x00000008	[  1] literal string: control
0x00005757	0x0000001E	[  1] literal string: sdp_media_write() failed (%d)
0x00005775	0x00000015	[  1] literal string: sdp_description_read
0x0000578A	0x00000015	[  1] literal string: %s:%d: %s err=%d(%s)
0x0000579F	0x00000012	[  1] literal string: allocation failed
0x000057B1	0x00000002	[  1] literal string: \n
0x000057B3	0x00000003	[  1] literal string: %d
0x000057B6	0x00000010	[  1] literal string: SDP: version=%d
0x000057C6	0x0000001D	[  1] literal string: unsupported SDP version (%d)
0x000057E3	0x00000002	[  1] literal string:  
0x000057E5	0x00000003	[  1] literal string: IN
0x000057E8	0x0000001E	[  1] literal string: unsupported network type '%s'
0x00005806	0x00000004	[  1] literal string: IP4
0x0000580A	0x0000001E	[  1] literal string: unsupported address type '%s'
0x00005828	0x0000005A	[  1] literal string: SDP: username=%s sess_id=%llu sess_version=%llu nettype=%s addrtype=%s unicast_address=%s
0x00005882	0x00000015	[  1] literal string: SDP: session name=%s
0x00005897	0x00000014	[  1] literal string: SDP: media title=%s
0x000058AB	0x00000015	[  1] literal string: SDP: session info=%s
0x000058C0	0x0000000C	[  1] literal string: SDP: uri=%s
0x000058CC	0x0000000E	[  1] literal string: SDP: email=%s
0x000058DA	0x0000000E	[  1] literal string: SDP: phone=%s
0x000058E8	0x00000038	[  1] literal string: SDP: media nettype=%s addrtype=%s connection_address=%s
0x00005920	0x00000032	[  1] literal string: SDP: nettype=%s addrtype=%s connection_address=%s
0x00005952	0x00000024	[  1] literal string: SDP: start_time=%llu stop_time=%llu
0x00005976	0x0000001F	[  1] literal string: sdp_session_media_add() failed
0x00005995	0x0000001D	[  1] literal string: sdp_media_read() failed (%d)
0x000059B2	0x0000001C	[  1] literal string: sdp_media_attr_add() failed
0x000059CE	0x0000001E	[  1] literal string: sdp_session_attr_add() failed
0x000059EC	0x0000001C	[  1] literal string: sdp_attr_read() failed (%d)
0x00005A08	0x0000000C	[  1] literal string: unspecified
0x00005A14	0x00000009	[  1] literal string: recvonly
0x00005A1D	0x00000009	[  1] literal string: sendrecv
0x00005A26	0x00000009	[  1] literal string: sendonly
0x00005A2F	0x00000009	[  1] literal string: inactive
0x00005A38	0x00000007	[  1] literal string: %c=%s:
0x00005A3F	0x00000008	[  1] literal string: rtcp-xr
0x00005A47	0x00000008	[  1] literal string: %s%s=%d
0x00005A4F	0x0000000D	[  1] literal string: pkt-loss-rle
0x00005A5C	0x00000005	[  1] literal string: %s%s
0x00005A61	0x0000000C	[  1] literal string: pkt-dup-rle
0x00005A6D	0x0000000F	[  1] literal string: pkt-rcpt-times
0x00005A7C	0x0000000B	[  1] literal string: %s%s=%s:%d
0x00005A87	0x00000009	[  1] literal string: rcvr-rtt
0x00005A90	0x00000008	[  1] literal string: %s%s=%s
0x00005A98	0x00000006	[  1] literal string: %s%s=
0x00005A9E	0x0000000D	[  1] literal string: stat-summary
0x00005AAB	0x00000002	[  1] literal string: ,
0x00005AAD	0x00000005	[  1] literal string: loss
0x00005AB2	0x00000004	[  1] literal string: dup
0x00005AB6	0x00000005	[  1] literal string: jitt
0x00005ABB	0x00000004	[  1] literal string: TTL
0x00005ABF	0x00000003	[  1] literal string: HL
0x00005AC2	0x0000000D	[  1] literal string: voip-metrics
0x00005ACF	0x00000011	[  1] literal string: de-jitter-buffer
0x00005AE0	0x00000003	[  1] literal string: \n
0x00005AE3	0x00000005	[  1] literal string: none
0x00005AE8	0x00000004	[  1] literal string: all
0x00005AEC	0x00000007	[  1] literal string: sender
0x00005AF3	0x0000001B	[  1] literal string: invalid connection address
0x00005B0E	0x0000000D	[  1] literal string: invalid port
0x00005B1B	0x00000015	[  1] literal string: invalid payload type
0x00005B30	0x00000013	[  1] literal string: invalid media type
0x00005B43	0x00000016	[  1] literal string: invalid encoding name
0x00005B59	0x00000016	[  1] literal string: %c=%s %d RTP/AVP %d\n
0x00005B6F	0x00000015	[  1] literal string: %c=%s:%d %s/%d%s%s\n
0x00005B84	0x00000007	[  1] literal string: rtpmap
0x00005B8B	0x00000002	[  1] literal string: /
0x00005B8D	0x00000005	[  1] literal string: H264
0x00005B92	0x0000000B	[  1] literal string: %c=%s:%d\n
0x00005B9D	0x00000005	[  1] literal string: rtcp
0x00005BA2	0x00000006	[  1] literal string: audio
0x00005BA8	0x00000006	[  1] literal string: video
0x00005BAE	0x00000005	[  1] literal string: text
0x00005BB3	0x0000000C	[  1] literal string: application
0x00005BBF	0x00000008	[  1] literal string: message
0x00005BC7	0x0000000A	[  1] literal string: %c=%s:%d 
0x00005BD1	0x00000005	[  1] literal string: fmtp
0x00005BD6	0x00000007	[  1] literal string: %s=%d;
0x00005BDD	0x00000013	[  1] literal string: packetization-mode
0x00005BF0	0x00000011	[  1] literal string: %s=%02X%02X%02X;
0x00005C01	0x00000011	[  1] literal string: profile-level-id
0x00005C12	0x0000000A	[  1] literal string: %s=%s,%s;
0x00005C1C	0x00000015	[  1] literal string: sprop-parameter-sets
0x00005C31	0x0000002E	[  1] literal string: %s:%d: err=%d(%s) unsupported media type '%s'
0x00005C5F	0x0000000F	[  1] literal string: sdp_media_read
0x00005C6E	0x00000022	[  1] literal string: %s:%d: err=%d(%s) null media type
0x00005C90	0x00000008	[  1] literal string: RTP/AVP
0x00005C98	0x0000002C	[  1] literal string: %s:%d: err=%d(%s) unsupported protocol '%s'
0x00005CC4	0x00000030	[  1] literal string: %s:%d: err=%d(%s) unsupported payload type (%d)
0x00005CF4	0x0000002F	[  1] literal string: SDP: media=%s port=%d proto=%s payload_type=%d
0x00005D23	0x00000002	[  1] literal string: :
0x00005D25	0x00000038	[  1] literal string: %s:%d: err=%d(%s) attribute 'rtpmap' not on media level
0x00005D5D	0x0000000E	[  1] literal string: sdp_attr_read
0x00005D6B	0x00000033	[  1] literal string: %s:%d: err=%d(%s) invalid payload type (%d vs. %d)
0x00005D9E	0x00000028	[  1] literal string: %s:%d: err=%d(%s) invalid encoding name
0x00005DC6	0x0000002C	[  1] literal string: %s:%d: err=%d(%s) unsupported clock rate %d
0x00005DF2	0x00000047	[  1] literal string: SDP: payload_type=%d encoding_name=%s clock_rate=%d encoding_params=%s
0x00005E39	0x00000036	[  1] literal string: %s:%d: err=%d(%s) attribute 'fmtp' not on media level
0x00005E6F	0x00000021	[  1] literal string: sdp_h264_fmtp_read() failed (%d)
0x00005E90	0x00000026	[  1] literal string: attribute 'tool' not on session level
0x00005EB6	0x00000026	[  1] literal string: attribute 'type' not on session level
0x00005EDC	0x00000029	[  1] literal string: attribute 'charset' not on session level
0x00005F05	0x00000036	[  1] literal string: %s:%d: err=%d(%s) attribute 'rtcp' not on media level
0x00005F3B	0x00000016	[  1] literal string: SDP: rtcp_dst_port=%d
0x00005F51	0x00000002	[  1] literal string: ;
0x00005F53	0x00000004	[  1] literal string: %6X
0x00005F57	0x00000012	[  2] literal string: sdp_base64_encode
0x00005F69	0x00000012	[  2] literal string: sdp_base64_decode
0x00005F7B	0x00000007	[  3] literal string: libsdp
0x00005F84	0x00000074	[  0] compact unwind info
0x00006000	0x00000008	[  0] non-lazy-pointer-to-local: dyld_stub_binder
0x00006008	0x00000008	[  0] non-lazy-pointer
0x00006010	0x00000008	[  0] non-lazy-pointer-to-local: ___stack_chk_guard
0x00006018	0x00000008	[  5] ___stack_chk_fail
0x00006020	0x00000008	[  5] ___vsnprintf_chk
0x00006028	0x00000008	[  5] _atoi
0x00006030	0x00000008	[  5] _atoll
0x00006038	0x00000008	[  5] _calloc
0x00006040	0x00000008	[  5] _free
0x00006048	0x00000008	[  5] _malloc
0x00006050	0x00000008	[  5] _sscanf
0x00006058	0x00000008	[  5] _strchr
0x00006060	0x00000008	[  5] _strcmp
0x00006068	0x00000008	[  5] _strdup
0x00006070	0x00000008	[  5] _strerror
0x00006078	0x00000008	[  5] _strlen
0x00006080	0x00000008	[  5] _strtok_r
0x00006088	0x00000008	[  4] _ulog_init_cookie
0x00006090	0x00000008	[  4] _ulog_log_write
0x000060A0	0x00000030	[  1] _sdp_start_mode_str
0x000060D0	0x00000020	[  1] _sdp_rtcp_xr_rtt_report_mode_str
0x000060F0	0x00000028	[  1] _sdp_media_type_str
0x00006118	0x00000020	[  3] ___ulog_cookie_libsdp

# Dead Stripped Symbols:
#        	Size    	File  Name
<<dead>> 	0x00000010	[  1] 16-byte-literal
<<dead>> 	0x00000010	[  1] 16-byte-literal
<<dead>> 	0x00000018	[  1] CIE
<<dead>> 	0x00000012	[  2] literal string: %s:%d: err=%d(%s)
<<dead>> 	0x00000018	[  2] CIE
