# Path: out/arsdk-native/build/libARNetworkAL/libarnetworkal.dylib
# Arch: x86_64
# Object files:
[  0] linker synthesized
[  1] /Users/nicolassalleron/Desktop/IDMProject/product_and_sdk/macOS/eclipse/SDK_PARROT/out/arsdk-native/build/libARNetworkAL/obj/Sources/ARNETWORKAL_Manager.c.o
[  2] /Users/nicolassalleron/Desktop/IDMProject/product_and_sdk/macOS/eclipse/SDK_PARROT/out/arsdk-native/build/libARNetworkAL/obj/Sources/Wifi/ARNETWORKAL_WifiNetwork.c.o
[  3] /Users/nicolassalleron/Desktop/IDMProject/product_and_sdk/macOS/eclipse/SDK_PARROT/out/arsdk-native/build/libARNetworkAL/obj/Sources/Mux/ARNETWORKAL_MuxNetwork.c.o
[  4] /Users/nicolassalleron/Desktop/IDMProject/product_and_sdk/macOS/eclipse/SDK_PARROT/out/arsdk-native/build/libARNetworkAL/obj/gen/Sources/ARNETWORKAL_Error.c.o
[  5] /Users/nicolassalleron/Desktop/IDMProject/product_and_sdk/macOS/eclipse/SDK_PARROT/out/arsdk-native/staging/usr/lib/libarsal.dylib
[  6] /Users/nicolassalleron/Desktop/IDMProject/product_and_sdk/macOS/eclipse/SDK_PARROT/out/arsdk-native/staging/usr/lib/libmux.dylib
[  7] /Users/nicolassalleron/Desktop/IDMProject/product_and_sdk/macOS/eclipse/SDK_PARROT/out/arsdk-native/staging/usr/lib/libpomp.dylib
[  8] /Library/Developer/CommandLineTools/SDKs/MacOSX.sdk/usr/lib/libSystem.tbd
# Sections:
# Address	Size    	Segment	Section
0x00000A00	0x00002748	__TEXT	__text
0x00003148	0x0000013E	__TEXT	__stubs
0x00003288	0x00000222	__TEXT	__stub_helper
0x000034AA	0x00000A63	__TEXT	__cstring
0x00003F10	0x00000020	__TEXT	__const
0x00003F30	0x000000D0	__TEXT	__unwind_info
0x00004000	0x00000048	__DATA	__got
0x00004048	0x00000010	__DATA	__nl_symbol_ptr
0x00004058	0x000001A8	__DATA	__la_symbol_ptr
# Symbols:
# Address	Size    	File  Name
0x00000A00	0x00000080	[  1] _ARNETWORKAL_Manager_New
0x00000A80	0x00000070	[  1] _ARNETWORKAL_Manager_Delete
0x00000AF0	0x00000160	[  1] _ARNETWORKAL_Manager_InitWifiNetwork
0x00000C50	0x00000020	[  1] _ARNETWORKAL_Manager_CancelWifiNetwork
0x00000C70	0x00000020	[  1] _ARNETWORKAL_Manager_CloseWifiNetwork
0x00000C90	0x00000010	[  1] _ARNETWORKAL_Manager_InitBLENetwork
0x00000CA0	0x00000010	[  1] _ARNETWORKAL_Manager_CancelBLENetwork
0x00000CB0	0x00000010	[  1] _ARNETWORKAL_Manager_CloseBLENetwork
0x00000CC0	0x00000030	[  1] _ARNETWORKAL_Manager_Unlock
0x00000CF0	0x00000030	[  1] _ARNETWORKAL_Manager_GetBandwidth
0x00000D20	0x00000020	[  1] _ARNETWORKAL_Manager_BandwidthThread
0x00000D40	0x00000030	[  1] _ARNETWORKAL_Manager_SetOnDisconnectCallback
0x00000D70	0x00000030	[  1] _ARNETWORKAL_Manager_SetSendBufferSize
0x00000DA0	0x00000030	[  1] _ARNETWORKAL_Manager_SetRecvBufferSize
0x00000DD0	0x00000030	[  1] _ARNETWORKAL_Manager_GetSendBufferSize
0x00000E00	0x00000030	[  1] _ARNETWORKAL_Manager_GetRecvBufferSize
0x00000E30	0x00000030	[  1] _ARNETWORKAL_Manager_SetSendClassSelector
0x00000E60	0x00000030	[  1] _ARNETWORKAL_Manager_SetRecvClassSelector
0x00000E90	0x00000030	[  1] _ARNETWORKAL_Manager_GetSendClassSelector
0x00000EC0	0x00000030	[  1] _ARNETWORKAL_Manager_GetRecvClassSelector
0x00000EF0	0x00000180	[  1] _ARNETWORKAL_Manager_EnableDataDump
0x00001070	0x0000002C	[  1] _ARNETWORKAL_Manager_DumpData
0x000010A0	0x000001F0	[  2] _ARNETWORKAL_WifiNetwork_New
0x00001290	0x00000100	[  2] _ARNETWORKAL_WifiNetwork_Signal
0x00001390	0x000000B0	[  2] _ARNETWORKAL_WifiNetwork_GetBandwidth
0x00001440	0x00000130	[  2] _ARNETWORKAL_WifiNetwork_BandwidthThread
0x00001570	0x00000020	[  2] _ARNETWORKAL_WifiNetwork_Cancel
0x00001590	0x00000140	[  2] _ARNETWORKAL_WifiNetwork_Delete
0x000016D0	0x00000220	[  2] _ARNETWORKAL_WifiNetwork_Connect
0x000018F0	0x00000200	[  2] _ARNETWORKAL_WifiNetwork_Bind
0x00001AF0	0x00000200	[  2] _ARNETWORKAL_WifiNetwork_PushFrame
0x00001CF0	0x00000130	[  2] _ARNETWORKAL_WifiNetwork_PopFrame
0x00001E20	0x00000150	[  2] _ARNETWORKAL_WifiNetwork_Send
0x00001F70	0x00000510	[  2] _ARNETWORKAL_WifiNetwork_Receive
0x00002480	0x00000040	[  2] _ARNETWORKAL_WifiNetwork_SetOnDisconnectCallback
0x000024C0	0x00000130	[  2] _ARNETWORKAL_WifiNetwork_SetSendBufferSize
0x000025F0	0x00000060	[  2] _ARNETWORKAL_WifiNetwork_GetSendBufferSize
0x00002650	0x00000130	[  2] _ARNETWORKAL_WifiNetwork_SetRecvBufferSize
0x00002780	0x00000060	[  2] _ARNETWORKAL_WifiNetwork_GetRecvBufferSize
0x000027E0	0x00000070	[  2] _ARNETWORKAL_WifiNetwork_SetSendClassSelector
0x00002850	0x00000070	[  2] _ARNETWORKAL_WifiNetwork_SetRecvClassSelector
0x000028C0	0x00000060	[  2] _ARNETWORKAL_WifiNetwork_GetSendClassSelector
0x00002920	0x00000058	[  2] _ARNETWORKAL_WifiNetwork_GetRecvClassSelector
0x00002980	0x00000170	[  3] _ARNETWORKAL_Manager_InitMuxNetwork
0x00002AF0	0x00000160	[  3] _ARNETWORKAL_MuxNetwork_PushFrame
0x00002C50	0x000000B0	[  3] _ARNETWORKAL_MuxNetwork_PopFrame
0x00002D00	0x00000010	[  3] _ARNETWORKAL_MuxNetwork_Send
0x00002D10	0x00000160	[  3] _ARNETWORKAL_MuxNetwork_Receive
0x00002E70	0x00000030	[  3] _ARNETWORKAL_MuxNetwork_Unlock
0x00002EA0	0x00000020	[  3] _ARNETWORKAL_MuxNetwork_GetBandwidth
0x00002EC0	0x00000010	[  3] _ARNETWORKAL_MuxNetwork_BandwidthThread
0x00002ED0	0x00000020	[  3] _ARNETWORKAL_MuxNetwork_SetOnDisconnectCallback
0x00002EF0	0x00000010	[  3] _ARNETWORKAL_MuxNetwork_SetSendBufferSize
0x00002F00	0x00000010	[  3] _ARNETWORKAL_MuxNetwork_SetRecvBufferSize
0x00002F10	0x00000010	[  3] _ARNETWORKAL_MuxNetwork_GetSendBufferSize
0x00002F20	0x00000010	[  3] _ARNETWORKAL_MuxNetwork_GetRecvBufferSize
0x00002F30	0x00000020	[  3] _ARNETWORKAL_Manager_CancelMuxNetwork
0x00002F50	0x00000048	[  3] _ARNETWORKAL_Manager_CloseMuxNetwork
0x00002FA0	0x000001A8	[  4] _ARNETWORKAL_Error_ToString
0x00003148	0x00000006	[  5] _ARSAL_Print_DumpData
0x0000314E	0x00000006	[  5] _ARSAL_Print_DumpRotateFiles
0x00003154	0x00000006	[  5] _ARSAL_Print_PrintRawEx
0x0000315A	0x00000006	[  5] _ARSAL_Sem_Destroy
0x00003160	0x00000006	[  5] _ARSAL_Sem_Init
0x00003166	0x00000006	[  5] _ARSAL_Sem_Post
0x0000316C	0x00000006	[  5] _ARSAL_Sem_Timedwait
0x00003172	0x00000006	[  5] _ARSAL_Sem_Wait
0x00003178	0x00000006	[  5] _ARSAL_Socket_Bind
0x0000317E	0x00000006	[  5] _ARSAL_Socket_Close
0x00003184	0x00000006	[  5] _ARSAL_Socket_Connect
0x0000318A	0x00000006	[  5] _ARSAL_Socket_Create
0x00003190	0x00000006	[  5] _ARSAL_Socket_Getsockopt
0x00003196	0x00000006	[  5] _ARSAL_Socket_Recv
0x0000319C	0x00000006	[  5] _ARSAL_Socket_Send
0x000031A2	0x00000006	[  5] _ARSAL_Socket_Setsockopt
0x000031A8	0x00000006	[  5] _ARSAL_Time_ComputeTimespecMsTimeDiff
0x000031AE	0x00000006	[  5] _ARSAL_Time_GetTime
0x000031B4	0x00000006	[  8] ___bzero
0x000031BA	0x00000006	[  8] ___error
0x000031C0	0x00000006	[  8] ___snprintf_chk
0x000031C6	0x00000006	[  8] ___stack_chk_fail
0x000031CC	0x00000006	[  8] _calloc
0x000031D2	0x00000006	[  8] _close
0x000031D8	0x00000006	[  8] _fclose
0x000031DE	0x00000006	[  8] _fcntl
0x000031E4	0x00000006	[  8] _fflush
0x000031EA	0x00000006	[  8] _fileno
0x000031F0	0x00000006	[  8] _fopen
0x000031F6	0x00000006	[  8] _free
0x000031FC	0x00000006	[  8] _fsync
0x00003202	0x00000006	[  8] _inet_addr
0x00003208	0x00000006	[  8] _ioctl
0x0000320E	0x00000006	[  8] _malloc
0x00003214	0x00000006	[  8] _memcpy
0x0000321A	0x00000006	[  6] _mux_channel_alloc_queue
0x00003220	0x00000006	[  6] _mux_channel_close
0x00003226	0x00000006	[  6] _mux_channel_open
0x0000322C	0x00000006	[  6] _mux_encode
0x00003232	0x00000006	[  6] _mux_queue_timed_get_buf
0x00003238	0x00000006	[  6] _mux_ref
0x0000323E	0x00000006	[  6] _mux_unref
0x00003244	0x00000006	[  8] _pipe
0x0000324A	0x00000006	[  7] _pomp_buffer_get_cdata
0x00003250	0x00000006	[  7] _pomp_buffer_get_data
0x00003256	0x00000006	[  7] _pomp_buffer_new
0x0000325C	0x00000006	[  7] _pomp_buffer_set_len
0x00003262	0x00000006	[  7] _pomp_buffer_unref
0x00003268	0x00000006	[  8] _read
0x0000326E	0x00000006	[  8] _select$1050
0x00003274	0x00000006	[  8] _stat$INODE64
0x0000327A	0x00000006	[  8] _strerror
0x00003280	0x00000006	[  8] _write
0x00003288	0x00000010	[  0] helper helper
0x00003298	0x0000000A	[  5] _ARSAL_Print_DumpData
0x000032A2	0x0000000A	[  5] _ARSAL_Print_DumpRotateFiles
0x000032AC	0x0000000A	[  5] _ARSAL_Print_PrintRawEx
0x000032B6	0x0000000A	[  5] _ARSAL_Sem_Destroy
0x000032C0	0x0000000A	[  5] _ARSAL_Sem_Init
0x000032CA	0x0000000A	[  5] _ARSAL_Sem_Post
0x000032D4	0x0000000A	[  5] _ARSAL_Sem_Timedwait
0x000032DE	0x0000000A	[  5] _ARSAL_Sem_Wait
0x000032E8	0x0000000A	[  5] _ARSAL_Socket_Bind
0x000032F2	0x0000000A	[  5] _ARSAL_Socket_Close
0x000032FC	0x0000000A	[  5] _ARSAL_Socket_Connect
0x00003306	0x0000000A	[  5] _ARSAL_Socket_Create
0x00003310	0x0000000A	[  5] _ARSAL_Socket_Getsockopt
0x0000331A	0x0000000A	[  5] _ARSAL_Socket_Recv
0x00003324	0x0000000A	[  5] _ARSAL_Socket_Send
0x0000332E	0x0000000A	[  5] _ARSAL_Socket_Setsockopt
0x00003338	0x0000000A	[  5] _ARSAL_Time_ComputeTimespecMsTimeDiff
0x00003342	0x0000000A	[  5] _ARSAL_Time_GetTime
0x0000334C	0x0000000A	[  6] _mux_channel_alloc_queue
0x00003356	0x0000000A	[  6] _mux_channel_close
0x00003360	0x0000000A	[  6] _mux_channel_open
0x0000336A	0x0000000A	[  6] _mux_encode
0x00003374	0x0000000A	[  6] _mux_queue_timed_get_buf
0x0000337E	0x0000000A	[  6] _mux_ref
0x00003388	0x0000000A	[  6] _mux_unref
0x00003392	0x0000000A	[  7] _pomp_buffer_get_cdata
0x0000339C	0x0000000A	[  7] _pomp_buffer_get_data
0x000033A6	0x0000000A	[  7] _pomp_buffer_new
0x000033B0	0x0000000A	[  7] _pomp_buffer_set_len
0x000033BA	0x0000000A	[  7] _pomp_buffer_unref
0x000033C4	0x0000000A	[  8] ___bzero
0x000033CE	0x0000000A	[  8] ___error
0x000033D8	0x0000000A	[  8] ___snprintf_chk
0x000033E2	0x0000000A	[  8] ___stack_chk_fail
0x000033EC	0x0000000A	[  8] _calloc
0x000033F6	0x0000000A	[  8] _close
0x00003400	0x0000000A	[  8] _fclose
0x0000340A	0x0000000A	[  8] _fcntl
0x00003414	0x0000000A	[  8] _fflush
0x0000341E	0x0000000A	[  8] _fileno
0x00003428	0x0000000A	[  8] _fopen
0x00003432	0x0000000A	[  8] _free
0x0000343C	0x0000000A	[  8] _fsync
0x00003446	0x0000000A	[  8] _inet_addr
0x00003450	0x0000000A	[  8] _ioctl
0x0000345A	0x0000000A	[  8] _malloc
0x00003464	0x0000000A	[  8] _memcpy
0x0000346E	0x0000000A	[  8] _pipe
0x00003478	0x0000000A	[  8] _read
0x00003482	0x0000000A	[  8] _select$1050
0x0000348C	0x0000000A	[  8] _stat$INODE64
0x00003496	0x0000000A	[  8] _strerror
0x000034A0	0x0000000A	[  8] _write
0x000034AA	0x00000018	[  1] literal string: ARNETWORKAL_Manager_New
0x000034C2	0x00000014	[  1] literal string: ARNETWORKAL_Manager
0x000034D6	0x0000001A	[  1] literal string: [%p] error: %d occurred \n
0x000034F0	0x00000023	[  1] literal string: ARNETWORKAL_Manager_EnableDataDump
0x00003513	0x0000002F	[  1] literal string: [%p] Disabling dump directory '%s' unavailable
0x00003542	0x00000016	[  1] literal string: %s/arnetworkal-%s.log
0x00003558	0x00000003	[  1] literal string: wb
0x0000355B	0x00000025	[  1] literal string: [%p] Unable to create dump file '%s'
0x00003580	0x0000001F	[  1] literal string: [%p] Dump enabled in file '%s'
0x0000359F	0x00000002	[  2] literal string: x
0x000035A1	0x0000001F	[  2] literal string: ARNETWORKAL_WifiNetwork_Signal
0x000035C0	0x00000018	[  2] literal string: ARNETWORKAL_WifiNetwork
0x000035D8	0x00000015	[  2] literal string: write() error: %d %s
0x000035ED	0x00000020	[  2] literal string: ARNETWORKAL_WifiNetwork_Connect
0x0000360D	0x00000029	[  2] literal string: ARSAL_Socket_Getsockopt() failed; err=%d
0x00003636	0x00000017	[  2] literal string: fcntl() failed; err=%d
0x0000364D	0x00000031	[  2] literal string: [%p] connect fd=%d addr='%s' port=%d: error='%s'
0x0000367E	0x0000001D	[  2] literal string: ARNETWORKAL_WifiNetwork_Bind
0x0000369B	0x00000029	[  2] literal string: ARSAL_Socket_Setsockopt() failed; err=%d
0x000036C4	0x00000035	[  2] literal string: [%p] bind fd=%d, addr='0.0.0.0', port=%d: error='%s'
0x000036F9	0x0000001D	[  2] literal string: ARNETWORKAL_WifiNetwork_Send
0x00003716	0x0000002A	[  2] literal string: [%p] Socket buffer full (errno = %d , %s)
0x00003740	0x00000029	[  2] literal string: [%p] Socket send error (errno = %d , %s)
0x00003769	0x00000020	[  2] literal string: ARNETWORKAL_WifiNetwork_Receive
0x00003789	0x00000027	[  2] literal string: FOUND SOCKET ERROR FD_ISSET(except) %d
0x000037B0	0x00000014	[  2] literal string: select ERROR err %d
0x000037C4	0x00000037	[  2] literal string: [%p] connection lost (too long time without reception)
0x000037FB	0x00000016	[  2] literal string: read() failed; err=%d
0x00003811	0x0000002A	[  2] literal string: ARNETWORKAL_WifiNetwork_SetSendBufferSize
0x0000383B	0x00000041	[  2] literal string: [%p] Unable to get back send socket buffer size, using set-value
0x0000387C	0x00000037	[  2] literal string: [%p] Setting send socket size to %d, actual size is %d
0x000038B3	0x00000031	[  2] literal string: [%p] Error while setting send socket buffer size
0x000038E4	0x0000002A	[  2] literal string: ARNETWORKAL_WifiNetwork_SetRecvBufferSize
0x0000390E	0x00000041	[  2] literal string: [%p] Unable to get back recv socket buffer size, using set-value
0x0000394F	0x00000037	[  2] literal string: [%p] Setting recv socket size to %d, actual size is %d
0x00003986	0x00000031	[  2] literal string: [%p] Error while setting recv socket buffer size
0x000039B7	0x0000002D	[  2] literal string: ARNETWORKAL_WifiNetwork_SetSendClassSelector
0x000039E4	0x00000034	[  2] literal string: [%p] Error while setting recv socket class selector
0x00003A18	0x0000002D	[  2] literal string: ARNETWORKAL_WifiNetwork_SetRecvClassSelector
0x00003A45	0x00000019	[  2] literal string: [%p] Error occurred : %s
0x00003A5E	0x0000002B	[  2] literal string: ARNETWORKAL_WifiNetwork_FlushReceiveSocket
0x00003A89	0x00000015	[  2] literal string: [%p] error = %d (%s)
0x00003A9E	0x0000002D	[  2] literal string: ARNETWORKAL_WifiNetwork_GetAvailableSendSize
0x00003ACB	0x00000037	[  2] literal string: [%p] Available size %d < 0 ! (buff = %d, current = %d)
0x00003B02	0x00000020	[  2] literal string: [%p] Error during ioctl %d (%s)
0x00003B22	0x00000054	[  2] literal string: [%p] ioctl failed with error ENXIO, stop trying to get available socket buffer size
0x00003B76	0x00000021	[  3] literal string: ARNETWORKAL_MuxNetwork_PushFrame
0x00003B97	0x00000017	[  3] literal string: ARNETWORKAL_MuxNetwork
0x00003BAE	0x00000022	[  3] literal string: mux_encode(chanid=%u): err=%d(%s)
0x00003BD0	0x0000001F	[  3] literal string: ARNETWORKAL_MuxNetwork_Receive
0x00003BEF	0x00000030	[  3] literal string: mux_queue_timed_get_buf(chanid=%u) returned %s.
0x00003C1F	0x00000006	[  3] literal string: EPIPE
0x00003C25	0x0000000A	[  3] literal string: ETIMEDOUT
0x00003C2F	0x0000002F	[  3] literal string: mux_queue_timed_get_buf(chanid=%u): err=%d(%s)
0x00003C5E	0x00000009	[  4] literal string: No error
0x00003C67	0x0000001A	[  4] literal string: ARNetworkAL Generic error
0x00003C81	0x00000018	[  4] literal string: Memory allocation error
0x00003C99	0x0000000F	[  4] literal string: Bad parameters
0x00003CA8	0x0000002B	[  4] literal string: Fifo creation error (details set in errno)
0x00003CD3	0x0000002A	[  4] literal string: The function cannot be run in main thread
0x00003CFD	0x00000016	[  4] literal string: Manager generic error
0x00003D13	0x00000034	[  4] literal string: The current manager does not support this operation
0x00003D47	0x00000016	[  4] literal string: Network generic error
0x00003D5D	0x00000033	[  4] literal string: Network type, not available for the platform error
0x00003D90	0x00000013	[  4] literal string: Wifi generic error
0x00003DA3	0x00000022	[  4] literal string: Wifi socket error during creation
0x00003DC5	0x0000001E	[  4] literal string: Wifi socket permission denied
0x00003DE3	0x0000001C	[  4] literal string: wifi socket error on getopt
0x00003DFF	0x0000001C	[  4] literal string: wifi socket error on setopt
0x00003E1B	0x0000001D	[  4] literal string: BLE connection generic error
0x00003E38	0x00000015	[  4] literal string: BLE is not connected
0x00003E4D	0x00000018	[  4] literal string: BLE disconnection error
0x00003E65	0x00000027	[  4] literal string: BLE network services discovering error
0x00003E8C	0x0000002E	[  4] literal string: BLE network characteristics discovering error
0x00003EBA	0x0000002D	[  4] literal string: BLE network characteristic configuring error
0x00003EE7	0x00000018	[  4] literal string: BLE stack generic error
0x00003EFF	0x0000000E	[  4] literal string: Unknown value
0x00003F10	0x00000010	[  2] _ARNETWORKAL_WifiNetwork_BandwidthThread.timeout
0x00003F20	0x00000010	[  3] 16-byte-literal
0x00003F30	0x000000D0	[  0] compact unwind info
0x00004000	0x00000008	[  0] non-lazy-pointer-to-local: _ARNETWORKAL_WifiNetwork_GetRecvBufferSize
0x00004008	0x00000008	[  0] non-lazy-pointer-to-local: _ARNETWORKAL_WifiNetwork_GetSendBufferSize
0x00004010	0x00000008	[  0] non-lazy-pointer-to-local: _ARNETWORKAL_WifiNetwork_PopFrame
0x00004018	0x00000008	[  0] non-lazy-pointer-to-local: _ARNETWORKAL_WifiNetwork_PushFrame
0x00004020	0x00000008	[  0] non-lazy-pointer-to-local: _ARNETWORKAL_WifiNetwork_Receive
0x00004028	0x00000008	[  0] non-lazy-pointer-to-local: _ARNETWORKAL_WifiNetwork_Send
0x00004030	0x00000008	[  0] non-lazy-pointer-to-local: _ARNETWORKAL_WifiNetwork_SetRecvBufferSize
0x00004038	0x00000008	[  0] non-lazy-pointer-to-local: _ARNETWORKAL_WifiNetwork_SetSendBufferSize
0x00004040	0x00000008	[  0] non-lazy-pointer-to-local: ___stack_chk_guard
0x00004048	0x00000008	[  0] non-lazy-pointer-to-local: dyld_stub_binder
0x00004050	0x00000008	[  0] non-lazy-pointer
0x00004058	0x00000008	[  5] _ARSAL_Print_DumpData
0x00004060	0x00000008	[  5] _ARSAL_Print_DumpRotateFiles
0x00004068	0x00000008	[  5] _ARSAL_Print_PrintRawEx
0x00004070	0x00000008	[  5] _ARSAL_Sem_Destroy
0x00004078	0x00000008	[  5] _ARSAL_Sem_Init
0x00004080	0x00000008	[  5] _ARSAL_Sem_Post
0x00004088	0x00000008	[  5] _ARSAL_Sem_Timedwait
0x00004090	0x00000008	[  5] _ARSAL_Sem_Wait
0x00004098	0x00000008	[  5] _ARSAL_Socket_Bind
0x000040A0	0x00000008	[  5] _ARSAL_Socket_Close
0x000040A8	0x00000008	[  5] _ARSAL_Socket_Connect
0x000040B0	0x00000008	[  5] _ARSAL_Socket_Create
0x000040B8	0x00000008	[  5] _ARSAL_Socket_Getsockopt
0x000040C0	0x00000008	[  5] _ARSAL_Socket_Recv
0x000040C8	0x00000008	[  5] _ARSAL_Socket_Send
0x000040D0	0x00000008	[  5] _ARSAL_Socket_Setsockopt
0x000040D8	0x00000008	[  5] _ARSAL_Time_ComputeTimespecMsTimeDiff
0x000040E0	0x00000008	[  5] _ARSAL_Time_GetTime
0x000040E8	0x00000008	[  8] ___bzero
0x000040F0	0x00000008	[  8] ___error
0x000040F8	0x00000008	[  8] ___snprintf_chk
0x00004100	0x00000008	[  8] ___stack_chk_fail
0x00004108	0x00000008	[  8] _calloc
0x00004110	0x00000008	[  8] _close
0x00004118	0x00000008	[  8] _fclose
0x00004120	0x00000008	[  8] _fcntl
0x00004128	0x00000008	[  8] _fflush
0x00004130	0x00000008	[  8] _fileno
0x00004138	0x00000008	[  8] _fopen
0x00004140	0x00000008	[  8] _free
0x00004148	0x00000008	[  8] _fsync
0x00004150	0x00000008	[  8] _inet_addr
0x00004158	0x00000008	[  8] _ioctl
0x00004160	0x00000008	[  8] _malloc
0x00004168	0x00000008	[  8] _memcpy
0x00004170	0x00000008	[  6] _mux_channel_alloc_queue
0x00004178	0x00000008	[  6] _mux_channel_close
0x00004180	0x00000008	[  6] _mux_channel_open
0x00004188	0x00000008	[  6] _mux_encode
0x00004190	0x00000008	[  6] _mux_queue_timed_get_buf
0x00004198	0x00000008	[  6] _mux_ref
0x000041A0	0x00000008	[  6] _mux_unref
0x000041A8	0x00000008	[  8] _pipe
0x000041B0	0x00000008	[  7] _pomp_buffer_get_cdata
0x000041B8	0x00000008	[  7] _pomp_buffer_get_data
0x000041C0	0x00000008	[  7] _pomp_buffer_new
0x000041C8	0x00000008	[  7] _pomp_buffer_set_len
0x000041D0	0x00000008	[  7] _pomp_buffer_unref
0x000041D8	0x00000008	[  8] _read
0x000041E0	0x00000008	[  8] _select$1050
0x000041E8	0x00000008	[  8] _stat$INODE64
0x000041F0	0x00000008	[  8] _strerror
0x000041F8	0x00000008	[  8] _write

# Dead Stripped Symbols:
#        	Size    	File  Name
<<dead>> 	0x00000018	[  1] CIE
<<dead>> 	0x00000018	[  2] CIE
<<dead>> 	0x00000018	[  3] CIE
<<dead>> 	0x00000018	[  4] CIE
