# Path: out/arsdk-native/build/libARNetwork/libarnetwork.dylib
# Arch: x86_64
# Object files:
[  0] linker synthesized
[  1] /Users/nicolassalleron/Desktop/IDMProject/product_and_sdk/macOS/eclipse/SDK_PARROT/out/arsdk-native/build/libARNetwork/obj/Sources/ARNETWORK_IOBuffer.c.o
[  2] /Users/nicolassalleron/Desktop/IDMProject/product_and_sdk/macOS/eclipse/SDK_PARROT/out/arsdk-native/build/libARNetwork/obj/Sources/ARNETWORK_IOBufferParam.c.o
[  3] /Users/nicolassalleron/Desktop/IDMProject/product_and_sdk/macOS/eclipse/SDK_PARROT/out/arsdk-native/build/libARNetwork/obj/Sources/ARNETWORK_Manager.c.o
[  4] /Users/nicolassalleron/Desktop/IDMProject/product_and_sdk/macOS/eclipse/SDK_PARROT/out/arsdk-native/build/libARNetwork/obj/Sources/ARNETWORK_Receiver.c.o
[  5] /Users/nicolassalleron/Desktop/IDMProject/product_and_sdk/macOS/eclipse/SDK_PARROT/out/arsdk-native/build/libARNetwork/obj/Sources/ARNETWORK_RingBuffer.c.o
[  6] /Users/nicolassalleron/Desktop/IDMProject/product_and_sdk/macOS/eclipse/SDK_PARROT/out/arsdk-native/build/libARNetwork/obj/Sources/ARNETWORK_Sender.c.o
[  7] /Users/nicolassalleron/Desktop/IDMProject/product_and_sdk/macOS/eclipse/SDK_PARROT/out/arsdk-native/build/libARNetwork/obj/gen/Sources/ARNETWORK_Error.c.o
[  8] /Users/nicolassalleron/Desktop/IDMProject/product_and_sdk/macOS/eclipse/SDK_PARROT/out/arsdk-native/staging/usr/lib/libarsal.dylib
[  9] /Users/nicolassalleron/Desktop/IDMProject/product_and_sdk/macOS/eclipse/SDK_PARROT/out/arsdk-native/staging/usr/lib/libarnetworkal.dylib
[ 10] /Library/Developer/CommandLineTools/SDKs/MacOSX.sdk/usr/lib/libSystem.tbd
# Sections:
# Address	Size    	Segment	Section
0x00000C00	0x000033BC	__TEXT	__text
0x00003FBC	0x00000090	__TEXT	__stubs
0x0000404C	0x00000100	__TEXT	__stub_helper
0x0000414C	0x00000D70	__TEXT	__cstring
0x00004EC0	0x00000010	__TEXT	__const
0x00004ED0	0x0000012C	__TEXT	__unwind_info
0x00005000	0x00000010	__DATA	__nl_symbol_ptr
0x00005010	0x000000C0	__DATA	__la_symbol_ptr
# Symbols:
# Address	Size    	File  Name
0x00000C00	0x00000170	[  1] _ARNETWORK_IOBuffer_New
0x00000D70	0x00000070	[  1] _ARNETWORK_IOBuffer_Delete
0x00000DE0	0x00000040	[  1] _ARNETWORK_IOBuffer_CancelAllData
0x00000E20	0x00000030	[  1] _ARNETWORK_IOBuffer_AckReceived
0x00000E50	0x000000A0	[  1] _ARNETWORK_IOBuffer_PopDataWithCallBack
0x00000EF0	0x00000010	[  1] _ARNETWORK_IOBuffer_IsWaitAck
0x00000F00	0x00000060	[  1] _ARNETWORK_IOBuffer_Lock
0x00000F60	0x00000060	[  1] _ARNETWORK_IOBuffer_Unlock
0x00000FC0	0x00000090	[  1] _ARNETWORK_IOBuffer_PopData
0x00001050	0x00000080	[  1] _ARNETWORK_IOBuffer_Flush
0x000010D0	0x000000C0	[  1] _ARNETWORK_IOBuffer_AddData
0x00001190	0x00000040	[  1] _ARNETWORK_IOBuffer_ShouldAcceptData
0x000011D0	0x00000070	[  1] _ARNETWORK_IOBuffer_ReadData
0x00001240	0x00000025	[  1] _ARNETWORK_IOBuffer_GetEstimatedMissPercentage
0x00001270	0x00000030	[  2] _ARNETWORK_IOBufferParam_DefaultInit
0x000012A0	0x000000F6	[  2] _ARNETWORK_IOBufferParam_Check
0x000013A0	0x00000340	[  3] _ARNETWORK_Manager_New
0x000016E0	0x00000090	[  3] _ARNETWORK_Manager_OnDisconnect
0x00001770	0x000003E0	[  3] _ARNETWORK_Manager_CreateIOBuffer
0x00001B50	0x00000190	[  3] _ARNETWORK_Manager_Delete
0x00001CE0	0x00000050	[  3] _ARNETWORK_Manager_SendingThreadRun
0x00001D30	0x00000050	[  3] _ARNETWORK_Manager_ReceivingThreadRun
0x00001D80	0x00000070	[  3] _ARNETWORK_Manager_Stop
0x00001DF0	0x000000B0	[  3] _ARNETWORK_Manager_Flush
0x00001EA0	0x00000050	[  3] _ARNETWORK_Manager_FlushOutputBuffer
0x00001EF0	0x00000050	[  3] _ARNETWORK_Manager_FlushInputBuffer
0x00001F40	0x00000020	[  3] _ARNETWORK_Manager_GetInputDataEventFd
0x00001F60	0x000000D0	[  3] _ARNETWORK_Manager_SendData
0x00002030	0x00000090	[  3] _ARNETWORK_Manager_ReadData
0x000020C0	0x00000090	[  3] _ARNETWORK_Manager_TryReadData
0x00002150	0x000000E0	[  3] _ARNETWORK_Manager_ReadDataWithTimeout
0x00002230	0x00000020	[  3] _ARNETWORK_Manager_GetEstimatedLatency
0x00002250	0x00000070	[  3] _ARNETWORK_Manager_GetEstimatedMissPercentage
0x000022C0	0x0000001E	[  3] _ARNETWORK_Manager_SetMinimumTimeBetweenSends
0x000022E0	0x000000A0	[  4] _ARNETWORK_Receiver_New
0x00002380	0x00000030	[  4] _ARNETWORK_Receiver_Delete
0x000023B0	0x000005E0	[  4] _ARNETWORK_Receiver_ThreadRun
0x00002990	0x000000B0	[  4] _ARNETWORK_Receiver_CopyDataRecv
0x00002A40	0x00000080	[  4] _ARNETWORK_Receiver_ReturnACK
0x00002AC0	0x00000010	[  4] _ARNETWORK_Receiver_Stop
0x00002AD0	0x00000010	[  4] _ARNETWORK_Receiver_GetEventFd
0x00002AE0	0x00000010	[  4] _ARNETWORK_Receiver_WriteEventFd
0x00002AF0	0x0000000B	[  4] _ARNETWORK_Receiver_ReadEventFd
0x00002B00	0x00000010	[  5] _ARNETWORK_RingBuffer_New
0x00002B10	0x00000090	[  5] _ARNETWORK_RingBuffer_NewWithOverwriting
0x00002BA0	0x00000050	[  5] _ARNETWORK_RingBuffer_Delete
0x00002BF0	0x00000010	[  5] _ARNETWORK_RingBuffer_PushBack
0x00002C00	0x000000F0	[  5] _ARNETWORK_RingBuffer_PushBackWithSize
0x00002CF0	0x00000010	[  5] _ARNETWORK_RingBuffer_PopFront
0x00002D00	0x000000B0	[  5] _ARNETWORK_RingBuffer_PopFrontWithSize
0x00002DB0	0x00000060	[  5] _ARNETWORK_RingBuffer_Front
0x00002E10	0x00000130	[  5] _ARNETWORK_RingBuffer_Print
0x00002F40	0x00000120	[  5] _ARNETWORK_RingBuffer_DataPrint
0x00003060	0x00000050	[  5] _ARNETWORK_RingBuffer_GetFreeCellNumber
0x000030B0	0x0000003C	[  5] _ARNETWORK_RingBuffer_IsEmpty
0x000030F0	0x00000150	[  6] _ARNETWORK_Sender_New
0x00003240	0x00000050	[  6] _ARNETWORK_Sender_Delete
0x00003290	0x000002C0	[  6] _ARNETWORK_Sender_ThreadRun
0x00003550	0x000002D0	[  6] _ARNETWORK_Sender_ProcessBufferToSend
0x00003820	0x000000B0	[  6] _ARNETWORK_Sender_TimeOutCallback
0x000038D0	0x000000E0	[  6] _ARNETWORK_Sender_ManageTimeOut
0x000039B0	0x000001C0	[  6] _ARNETWORK_Sender_AddToBuffer
0x00003B70	0x00000010	[  6] _ARNETWORK_Sender_Stop
0x00003B80	0x00000010	[  6] _ARNETWORK_Sender_SignalNewData
0x00003B90	0x00000070	[  6] _ARNETWORK_Sender_AckReceived
0x00003C00	0x00000070	[  6] _ARNETWORK_Sender_Flush
0x00003C70	0x00000070	[  6] _ARNETWORK_Sender_Reset
0x00003CE0	0x00000070	[  6] _ARNETWORK_Sender_GetPing
0x00003D50	0x00000060	[  6] _ARNETWORK_Sender_GotPingAck
0x00003DB0	0x0000008C	[  6] _ARNETWORK_Sender_SendPong
0x00003E40	0x0000017C	[  7] _ARNETWORK_Error_ToString
0x00003FBC	0x00000006	[  9] _ARNETWORKAL_Manager_SetOnDisconnectCallback
0x00003FC2	0x00000006	[  8] _ARSAL_Cond_Destroy
0x00003FC8	0x00000006	[  8] _ARSAL_Cond_Init
0x00003FCE	0x00000006	[  8] _ARSAL_Cond_Signal
0x00003FD4	0x00000006	[  8] _ARSAL_Cond_Timedwait
0x00003FDA	0x00000006	[  8] _ARSAL_Mutex_Destroy
0x00003FE0	0x00000006	[  8] _ARSAL_Mutex_Init
0x00003FE6	0x00000006	[  8] _ARSAL_Mutex_Lock
0x00003FEC	0x00000006	[  8] _ARSAL_Mutex_Unlock
0x00003FF2	0x00000006	[  8] _ARSAL_Print_PrintRawEx
0x00003FF8	0x00000006	[  8] _ARSAL_Sem_Destroy
0x00003FFE	0x00000006	[  8] _ARSAL_Sem_Init
0x00004004	0x00000006	[  8] _ARSAL_Sem_Post
0x0000400A	0x00000006	[  8] _ARSAL_Sem_Timedwait
0x00004010	0x00000006	[  8] _ARSAL_Sem_Trywait
0x00004016	0x00000006	[  8] _ARSAL_Sem_Wait
0x0000401C	0x00000006	[  8] _ARSAL_Time_ComputeTimespecMsTimeDiff
0x00004022	0x00000006	[  8] _ARSAL_Time_GetTime
0x00004028	0x00000006	[  8] _ARSAL_Time_TimespecEquals
0x0000402E	0x00000006	[ 10] ___error
0x00004034	0x00000006	[ 10] _calloc
0x0000403A	0x00000006	[ 10] _free
0x00004040	0x00000006	[ 10] _malloc
0x00004046	0x00000006	[ 10] _memcpy
0x0000404C	0x00000010	[  0] helper helper
0x0000405C	0x0000000A	[  8] _ARSAL_Cond_Destroy
0x00004066	0x0000000A	[  8] _ARSAL_Cond_Init
0x00004070	0x0000000A	[  8] _ARSAL_Cond_Signal
0x0000407A	0x0000000A	[  8] _ARSAL_Cond_Timedwait
0x00004084	0x0000000A	[  8] _ARSAL_Mutex_Destroy
0x0000408E	0x0000000A	[  8] _ARSAL_Mutex_Init
0x00004098	0x0000000A	[  8] _ARSAL_Mutex_Lock
0x000040A2	0x0000000A	[  8] _ARSAL_Mutex_Unlock
0x000040AC	0x0000000A	[  8] _ARSAL_Print_PrintRawEx
0x000040B6	0x0000000A	[  8] _ARSAL_Sem_Destroy
0x000040C0	0x0000000A	[  8] _ARSAL_Sem_Init
0x000040CA	0x0000000A	[  8] _ARSAL_Sem_Post
0x000040D4	0x0000000A	[  8] _ARSAL_Sem_Timedwait
0x000040DE	0x0000000A	[  8] _ARSAL_Sem_Trywait
0x000040E8	0x0000000A	[  8] _ARSAL_Sem_Wait
0x000040F2	0x0000000A	[  8] _ARSAL_Time_ComputeTimespecMsTimeDiff
0x000040FC	0x0000000A	[  8] _ARSAL_Time_GetTime
0x00004106	0x0000000A	[  8] _ARSAL_Time_TimespecEquals
0x00004110	0x0000000A	[  9] _ARNETWORKAL_Manager_SetOnDisconnectCallback
0x0000411A	0x0000000A	[ 10] ___error
0x00004124	0x0000000A	[ 10] _calloc
0x0000412E	0x0000000A	[ 10] _free
0x00004138	0x0000000A	[ 10] _malloc
0x00004142	0x0000000A	[ 10] _memcpy
0x0000414C	0x00000017	[  1] literal string: ARNETWORK_IOBuffer_New
0x00004163	0x00000013	[  1] literal string: ARNETWORK_IOBuffer
0x00004176	0x0000000A	[  1] literal string: error: %s
0x00004180	0x00000018	[  1] literal string: ARNETWORK_IOBuffer_Lock
0x00004198	0x0000001F	[  1] literal string: locking return : %d unexpected
0x000041B7	0x0000001A	[  1] literal string: ARNETWORK_IOBuffer_Unlock
0x000041D1	0x00000021	[  1] literal string: unlocking return : %d unexpected
0x000041F2	0x0000001E	[  2] literal string: ARNETWORK_IOBufferParam_Check
0x00004210	0x00000018	[  2] literal string: ARNETWORK_IOBufferParam
0x00004228	0x000001AA	[  2] literal string: Parameters for new IOBuffer are not correct. \nvalues expected: \n    - %d <= ID <= %d (value set: %d)\n    - dataType != %d (value set: %d)\n    - sendingWaitTimeMs >= 0 (value set: %d)\n    - ackTimeoutMs > 0 or -1 if not used (value set: %d)\n    - numberOfRetry > 0 or -1 if not used  (value set: %d)\n    - numberOfCell > 0 (value set: %d)\n    - dataCopyMaxSize >= 0 (value set: %d)\n    - isOverwriting = 0 or 1 (value set: %d)
0x000043D2	0x00000025	[  2] literal string: Parameters for new IOBuffer are NULL
0x000043F7	0x00000016	[  3] literal string: ARNETWORK_Manager_New
0x0000440D	0x00000012	[  3] literal string: ARNETWORK_Manager
0x0000441F	0x0000003F	[  3] literal string: setOnDisconnectCallback not supported by this networkALManager
0x0000445E	0x00000039	[  3] literal string: error %d returned by setOnDisconnectCallback unexpected.
0x00004497	0x0000003E	[  3] literal string: maxBufferSize is 0. Did you initialize ARNetworkAL correctly?
0x000044D5	0x00000023	[  3] literal string: ARNETWORK_Manager_SendingThreadRun
0x000044F8	0x00000025	[  3] literal string: ARNETWORK_Manager_ReceivingThreadRun
0x0000451D	0x00000017	[  3] literal string: ARNETWORK_Manager_Stop
0x00004534	0x00000003	[  3] literal string: %s
0x00004537	0x00000001	[  3] literal string: 
0x00004538	0x00000021	[  3] literal string: ARNETWORK_Manager_CreateIOBuffer
0x00004559	0x0000002A	[  3] literal string: outputParamArray[%d].dataCopyMaxSize == 0
0x00004583	0x00000051	[  3] literal string: outputParamArray[%d] has a bad ID (%d). The ID should be in the range : ]%d; %d]
0x000045D4	0x00000049	[  3] literal string: Final dataCopyMaxSize is higher than tha maximum allowed data size (%d).
0x0000461D	0x00000017	[  4] literal string: ARNETWORK_Receiver_New
0x00004634	0x00000013	[  4] literal string: ARNETWORK_Receiver
0x00004647	0x0000001D	[  4] literal string: ARNETWORK_Receiver_ThreadRun
0x00004664	0x00000048	[  4] literal string: [%p] - TYPE: ARNETWORKAL_FRAME_TYPE_ACK | SEQ:%d | ID:%d | SEQ ACK : %d
0x000046AC	0x00000020	[  4] literal string: [%p] Bad acknowledge, error: %s
0x000046CC	0x00000025	[  4] literal string: [%p] Acknowledge received, error: %s
0x000046F1	0x0000003A	[  4] literal string: [%p] - TYPE: ARNETWORKAL_FRAME_TYPE_DATA | SEQ:%d | ID:%d
0x0000472B	0x00000024	[  4] literal string: [%p] Received a retry for buffer %d
0x0000474F	0x00000029	[  4] literal string: [%p] Received an old frame for buffer %d
0x00004778	0x0000001E	[  4] literal string: [%p] data received, error: %s
0x00004796	0x00000046	[  4] literal string: [%p] - TYPE: ARNETWORKAL_FRAME_TYPE_DATA_LOW_LATENCY | SEQ:%d | ID:%d
0x000047DC	0x00000043	[  4] literal string: [%p] - TYPE: ARNETWORKAL_FRAME_TYPE_DATA_WITH_ACK | SEQ:%d | ID:%d
0x0000481F	0x0000001A	[  4] literal string: [%p] ReturnACK, error: %s
0x00004839	0x00000027	[  4] literal string: [%p] data with ack received, error: %s
0x00004860	0x00000029	[  4] literal string: [%p] !!! command type: %d not known  !!!
0x00004889	0x00000020	[  4] literal string: ARNETWORK_Receiver_CopyDataRecv
0x000048A9	0x0000002A	[  4] literal string: [%p] Error: output buffer can't copy data
0x000048D3	0x0000001B	[  5] literal string: ARNETWORK_RingBuffer_Print
0x000048EE	0x00000015	[  5] literal string: ARNETWORK_RingBuffer
0x00004903	0x0000001A	[  5] literal string:  pointer dataBuffer :%p \n
0x0000491D	0x00000014	[  5] literal string:  numberOfCell :%d \n
0x00004931	0x00000010	[  5] literal string:  cellSize :%d \n
0x00004941	0x00000013	[  5] literal string:  indexOutput :%d \n
0x00004954	0x00000012	[  5] literal string:  indexInput :%d \n
0x00004966	0x00000013	[  5] literal string:  overwriting :%d \n
0x00004979	0x0000000A	[  5] literal string:  data : \n
0x00004983	0x0000001F	[  5] literal string: ARNETWORK_RingBuffer_DataPrint
0x000049A2	0x0000000B	[  5] literal string:     - 0x: 
0x000049AD	0x00000007	[  5] literal string: %2x | 
0x000049B4	0x00000002	[  5] literal string: \n
0x000049B6	0x00000015	[  6] literal string: ARNETWORK_Sender_New
0x000049CB	0x00000011	[  6] literal string: ARNETWORK_Sender
0x000049DC	0x0000001B	[  6] literal string: ARNETWORK_Sender_ThreadRun
0x000049F7	0x0000002C	[  6] literal string: ARNETWORK_IOBuffer_Lock() failed; error: %s
0x00004A23	0x00000025	[  6] literal string: ARNETWORK_Sender_ProcessBufferToSend
0x00004A48	0x0000002A	[  6] literal string: [%p] Timeout waiting for ack in buffer %d
0x00004A72	0x00000012	[  6] literal string: !!! too retry !!!
0x00004A84	0x0000002A	[  6] literal string: [%p] Will retry sending data of buffer %d
0x00004AAE	0x0000001B	[  6] literal string: [%p] dataType: %d unknow \n
0x00004AC9	0x0000001D	[  6] literal string: ARNETWORK_Sender_AddToBuffer
0x00004AE6	0x0000004B	[  6] literal string: [%p] Will send ack command : project = %X | class = %X | command = %X - %X
0x00004B31	0x0000004A	[  6] literal string: [%p] Not enough space to send a packet of type %d, size %d, for buffer %d
0x00004B7B	0x00000032	[  6] literal string: [%p] pushFrame returned an unexpected status : %d
0x00004BAD	0x00000021	[  6] literal string: ARNETWORK_Sender_TimeOutCallback
0x00004BCE	0x00000051	[  6] literal string: [%p] Did timeout sending command : project = %X | class = %X | command = %X - %X
0x00004C1F	0x0000001F	[  6] literal string: ARNETWORK_Sender_ManageTimeOut
0x00004C3E	0x0000001D	[  6] literal string: [%p] Bad CallBack return :%d
0x00004C5B	0x0000001A	[  6] literal string: ARNETWORK_Sender_SendPong
0x00004C75	0x00000009	[  7] literal string: No error
0x00004C7E	0x00000016	[  7] literal string: Unknown generic error
0x00004C94	0x00000018	[  7] literal string: Memory allocation error
0x00004CAC	0x0000000F	[  7] literal string: Bad parameters
0x00004CBB	0x00000025	[  7] literal string: Given IOBuffer identifier is unknown
0x00004CE0	0x00000026	[  7] literal string: Insufficient free space in the buffer
0x00004D06	0x00000022	[  7] literal string: Buffer is empty, nothing was read
0x00004D28	0x0000001D	[  7] literal string: Error when using a semaphore
0x00004D45	0x00000019	[  7] literal string: Error when using a mutex
0x00004D5E	0x0000002D	[  7] literal string: A mutex is already locked by the same thread
0x00004D8B	0x00000020	[  7] literal string: Unknown ARNETWORK_Manager error
0x00004DAB	0x00000018	[  7] literal string: IOBuffer creation error
0x00004DC3	0x00000016	[  7] literal string: Sender creation error
0x00004DD9	0x00000018	[  7] literal string: Receiver creation error
0x00004DF1	0x00000016	[  7] literal string: Buffer creation error
0x00004E07	0x0000001A	[  7] literal string: RingBuffer creation error
0x00004E21	0x00000017	[  7] literal string: Unknown IOBuffer error
0x00004E38	0x00000028	[  7] literal string: Bad sequence number for the acknowledge
0x00004E60	0x00000017	[  7] literal string: Unknown Receiver error
0x00004E77	0x0000001A	[  7] literal string: Receiver buffer too small
0x00004E91	0x0000001D	[  7] literal string: Bad frame content on network
0x00004EAE	0x0000000E	[  7] literal string: Unknown value
0x00004EC0	0x00000010	[  2] 16-byte-literal
0x00004ED0	0x0000012C	[  0] compact unwind info
0x00005000	0x00000008	[  0] non-lazy-pointer-to-local: dyld_stub_binder
0x00005008	0x00000008	[  0] non-lazy-pointer
0x00005010	0x00000008	[  9] _ARNETWORKAL_Manager_SetOnDisconnectCallback
0x00005018	0x00000008	[  8] _ARSAL_Cond_Destroy
0x00005020	0x00000008	[  8] _ARSAL_Cond_Init
0x00005028	0x00000008	[  8] _ARSAL_Cond_Signal
0x00005030	0x00000008	[  8] _ARSAL_Cond_Timedwait
0x00005038	0x00000008	[  8] _ARSAL_Mutex_Destroy
0x00005040	0x00000008	[  8] _ARSAL_Mutex_Init
0x00005048	0x00000008	[  8] _ARSAL_Mutex_Lock
0x00005050	0x00000008	[  8] _ARSAL_Mutex_Unlock
0x00005058	0x00000008	[  8] _ARSAL_Print_PrintRawEx
0x00005060	0x00000008	[  8] _ARSAL_Sem_Destroy
0x00005068	0x00000008	[  8] _ARSAL_Sem_Init
0x00005070	0x00000008	[  8] _ARSAL_Sem_Post
0x00005078	0x00000008	[  8] _ARSAL_Sem_Timedwait
0x00005080	0x00000008	[  8] _ARSAL_Sem_Trywait
0x00005088	0x00000008	[  8] _ARSAL_Sem_Wait
0x00005090	0x00000008	[  8] _ARSAL_Time_ComputeTimespecMsTimeDiff
0x00005098	0x00000008	[  8] _ARSAL_Time_GetTime
0x000050A0	0x00000008	[  8] _ARSAL_Time_TimespecEquals
0x000050A8	0x00000008	[ 10] ___error
0x000050B0	0x00000008	[ 10] _calloc
0x000050B8	0x00000008	[ 10] _free
0x000050C0	0x00000008	[ 10] _malloc
0x000050C8	0x00000008	[ 10] _memcpy

# Dead Stripped Symbols:
#        	Size    	File  Name
<<dead>> 	0x00000018	[  1] CIE
<<dead>> 	0x00000018	[  2] CIE
<<dead>> 	0x0000000A	[  3] literal string: error: %s
<<dead>> 	0x00000018	[  3] CIE
<<dead>> 	0x0000000A	[  4] literal string: error: %s
<<dead>> 	0x00000018	[  4] CIE
<<dead>> 	0x00000018	[  5] CIE
<<dead>> 	0x0000000A	[  6] literal string: error: %s
<<dead>> 	0x00000018	[  6] CIE
<<dead>> 	0x00000018	[  7] CIE
