# Path: out/arsdk-native/build/libulog/libulog.dylib
# Arch: x86_64
# Object files:
[  0] linker synthesized
[  1] /Library/Developer/CommandLineTools/SDKs/MacOSX.sdk/usr/lib/libc++.tbd
[  2] /Users/nicolassalleron/Desktop/SDK_PARROT/out/arsdk-native/build/libulog/obj/ulog.cpp.o
[  3] /Users/nicolassalleron/Desktop/SDK_PARROT/out/arsdk-native/build/libulog/obj/ulog_write.c.o
[  4] /Users/nicolassalleron/Desktop/SDK_PARROT/out/arsdk-native/build/libulog/obj/ulog_read.c.o
[  5] /Users/nicolassalleron/Desktop/SDK_PARROT/out/arsdk-native/build/libulog/obj/ulog_write_android.c.o
[  6] /Users/nicolassalleron/Desktop/SDK_PARROT/out/arsdk-native/build/libulog/obj/ulog_write_bin.c.o
[  7] /Users/nicolassalleron/Desktop/SDK_PARROT/out/arsdk-native/build/libulog/obj/ulog_write_raw.c.o
[  8] /Library/Developer/CommandLineTools/SDKs/MacOSX.sdk/usr/lib/libSystem.tbd
# Sections:
# Address	Size    	Segment	Section
0x00000DB0	0x00001A5D	__TEXT	__text
0x0000280E	0x000000E4	__TEXT	__stubs
0x000028F4	0x00000178	__TEXT	__stub_helper
0x00002A6C	0x000002C0	__TEXT	__gcc_except_tab
0x00002D2C	0x000000EC	__TEXT	__cstring
0x00002E20	0x0000005A	__TEXT	__const
0x00002E7C	0x00000144	__TEXT	__unwind_info
0x00002FC0	0x00000038	__TEXT	__eh_frame
0x00003000	0x00000028	__DATA	__got
0x00003028	0x00000010	__DATA	__nl_symbol_ptr
0x00003038	0x00000130	__DATA	__la_symbol_ptr
0x00003168	0x00000008	__DATA	__mod_init_func
0x00003170	0x00000130	__DATA	__const
0x000032A0	0x00000170	__DATA	__data
0x00003410	0x00000610	__DATA	__common
0x00003A20	0x00000058	__DATA	__bss
# Symbols:
# Address	Size    	File  Name
0x00000DB0	0x00000010	[  2] ___clang_call_terminate
0x00000DC0	0x00000020	[  2] __ZN4ulog8internal11OstreamUlogclER11ulog_cookie
0x00000DE0	0x000000A0	[  2] __ZN4ulog8internal10UlogstreamC2Eii
0x00000E80	0x00000030	[  2] __ZN4ulog8internal10Ulogstream8makeKeysEv
0x00000EB0	0x00000030	[  2] __ZN4ulog8internal10UlogstreamD1Ev
0x00000EE0	0x00000050	[  2] __ZN4ulog8internal10UlogstreamD0Ev
0x00000F30	0x00000100	[  2] __ZN4ulog8internal10Ulogstream6xsputnEPKcl
0x00001030	0x000000B0	[  2] __ZN4ulog8internal10Ulogstream4syncEv
0x000010E0	0x00000040	[  2] __ZN4ulog8internal10Ulogstream16keyBufDestructorEPv
0x00001120	0x00000050	[  2] __ZN4ulog8internal11OstreamUlogD1Ev
0x00001170	0x00000060	[  2] __ZN4ulog8internal11OstreamUlogD0Ev
0x000011D0	0x00000050	[  2] __ZTv0_n24_N4ulog8internal11OstreamUlogD1Ev
0x00001220	0x0000005E	[  2] __ZTv0_n24_N4ulog8internal11OstreamUlogD0Ev
0x00001280	0x00000430	[  2] __GLOBAL__sub_I_ulog.cpp
0x000016B0	0x00000080	[  3] _ulog_set_write_func
0x00001730	0x00000090	[  3] ___writer_stderr_wrapper
0x000017C0	0x00000090	[  3] ___writer_stderr_wrapper_color
0x00001850	0x00000040	[  3] _ulog_set_cookie_register_func
0x00001890	0x00000070	[  3] _ulog_foreach
0x00001900	0x000001C0	[  3] _ulog_init_cookie
0x00001AC0	0x000000A0	[  3] _ulog_vlog_write
0x00001B60	0x00000110	[  3] _ulog_log_write
0x00001C70	0x00000070	[  3] _ulog_log_str
0x00001CE0	0x00000060	[  3] _ulog_log_buf
0x00001D40	0x00000020	[  3] _ulog_init
0x00001D60	0x00000040	[  3] _ulog_set_level
0x00001DA0	0x00000030	[  3] _ulog_get_level
0x00001DD0	0x000000A0	[  3] _ulog_set_tag_level
0x00001E70	0x00000080	[  3] _ulog_get_tag_names
0x00001EF0	0x000001A0	[  3] ___writer_init
0x00002090	0x00000090	[  3] ___writer_kernel
0x00002120	0x00000006	[  3] ___writer_null
0x00002130	0x00000201	[  4] _ulog_parse_buf
0x00002340	0x000000E0	[  6] _ulog_bin_open
0x00002420	0x00000010	[  6] _ulog_bin_close
0x00002430	0x00000050	[  6] _ulog_bin_write
0x00002480	0x0000015C	[  6] _ulog_bin_writev
0x000025E0	0x00000110	[  7] _ulog_raw_open
0x000026F0	0x00000010	[  7] _ulog_raw_close
0x00002700	0x0000010D	[  7] _ulog_raw_log
0x0000280E	0x00000006	[  8] __Unwind_Resume
0x00002814	0x00000006	[  1] __ZNSt3__112basic_stringIcNS_11char_traitsIcEENS_9allocatorIcEEE6__initEPKcm
0x0000281A	0x00000006	[  1] __ZNSt3__112basic_stringIcNS_11char_traitsIcEENS_9allocatorIcEEE6appendEPKcm
0x00002820	0x00000006	[  1] __ZNSt3__112basic_stringIcNS_11char_traitsIcEENS_9allocatorIcEEE7reserveEm
0x00002826	0x00000006	[  1] __ZNSt3__112basic_stringIcNS_11char_traitsIcEENS_9allocatorIcEEED1Ev
0x0000282C	0x00000006	[  1] __ZNSt3__113basic_ostreamIcNS_11char_traitsIcEEED2Ev
0x00002832	0x00000006	[  1] __ZNSt3__115basic_streambufIcNS_11char_traitsIcEEEC2Ev
0x00002838	0x00000006	[  1] __ZNSt3__115basic_streambufIcNS_11char_traitsIcEEED2Ev
0x0000283E	0x00000006	[  1] __ZNSt3__18ios_base4initEPv
0x00002844	0x00000006	[  1] __ZNSt3__19basic_iosIcNS_11char_traitsIcEEED2Ev
0x0000284A	0x00000006	[  1] __ZSt9terminatev
0x00002850	0x00000006	[  1] __ZdlPv
0x00002856	0x00000006	[  1] __Znwm
0x0000285C	0x00000006	[  8] ___cxa_atexit
0x00002862	0x00000006	[  1] ___cxa_begin_catch
0x00002868	0x00000006	[  8] ___error
0x0000286E	0x00000006	[  8] ___maskrune
0x00002874	0x00000006	[  8] ___snprintf_chk
0x0000287A	0x00000006	[  8] ___stack_chk_fail
0x00002880	0x00000006	[  8] ___vsnprintf_chk
0x00002886	0x00000006	[  8] _close
0x0000288C	0x00000006	[  8] _fprintf
0x00002892	0x00000006	[  8] _free
0x00002898	0x00000006	[  8] _fstat$INODE64
0x0000289E	0x00000006	[  8] _getenv
0x000028A4	0x00000006	[  8] _ioctl
0x000028AA	0x00000006	[  8] _malloc
0x000028B0	0x00000006	[  8] _open
0x000028B6	0x00000006	[  8] _pthread_getspecific
0x000028BC	0x00000006	[  8] _pthread_key_create
0x000028C2	0x00000006	[  8] _pthread_mutex_lock
0x000028C8	0x00000006	[  8] _pthread_mutex_unlock
0x000028CE	0x00000006	[  8] _pthread_once
0x000028D4	0x00000006	[  8] _pthread_setspecific
0x000028DA	0x00000006	[  8] _strcmp
0x000028E0	0x00000006	[  8] _strlen
0x000028E6	0x00000006	[  8] _strnlen
0x000028EC	0x00000006	[  8] _writev
0x000028F4	0x00000010	[  0] helper helper
0x00002904	0x0000000A	[  1] __ZNSt3__112basic_stringIcNS_11char_traitsIcEENS_9allocatorIcEEE6__initEPKcm
0x0000290E	0x0000000A	[  1] __ZNSt3__112basic_stringIcNS_11char_traitsIcEENS_9allocatorIcEEE6appendEPKcm
0x00002918	0x0000000A	[  1] __ZNSt3__112basic_stringIcNS_11char_traitsIcEENS_9allocatorIcEEE7reserveEm
0x00002922	0x0000000A	[  1] __ZNSt3__112basic_stringIcNS_11char_traitsIcEENS_9allocatorIcEEED1Ev
0x0000292C	0x0000000A	[  1] __ZNSt3__113basic_ostreamIcNS_11char_traitsIcEEED2Ev
0x00002936	0x0000000A	[  1] __ZNSt3__115basic_streambufIcNS_11char_traitsIcEEEC2Ev
0x00002940	0x0000000A	[  1] __ZNSt3__115basic_streambufIcNS_11char_traitsIcEEED2Ev
0x0000294A	0x0000000A	[  1] __ZNSt3__18ios_base4initEPv
0x00002954	0x0000000A	[  1] __ZNSt3__19basic_iosIcNS_11char_traitsIcEEED2Ev
0x0000295E	0x0000000A	[  1] __ZSt9terminatev
0x00002968	0x0000000A	[  1] ___cxa_begin_catch
0x00002972	0x0000000A	[  8] __Unwind_Resume
0x0000297C	0x0000000A	[  8] ___cxa_atexit
0x00002986	0x0000000A	[  8] ___error
0x00002990	0x0000000A	[  8] ___maskrune
0x0000299A	0x0000000A	[  8] ___snprintf_chk
0x000029A4	0x0000000A	[  8] ___stack_chk_fail
0x000029AE	0x0000000A	[  8] ___vsnprintf_chk
0x000029B8	0x0000000A	[  8] _close
0x000029C2	0x0000000A	[  8] _fprintf
0x000029CC	0x0000000A	[  8] _free
0x000029D6	0x0000000A	[  8] _fstat$INODE64
0x000029E0	0x0000000A	[  8] _getenv
0x000029EA	0x0000000A	[  8] _ioctl
0x000029F4	0x0000000A	[  8] _malloc
0x000029FE	0x0000000A	[  8] _open
0x00002A08	0x0000000A	[  8] _pthread_getspecific
0x00002A12	0x0000000A	[  8] _pthread_key_create
0x00002A1C	0x0000000A	[  8] _pthread_mutex_lock
0x00002A26	0x0000000A	[  8] _pthread_mutex_unlock
0x00002A30	0x0000000A	[  8] _pthread_once
0x00002A3A	0x0000000A	[  8] _pthread_setspecific
0x00002A44	0x0000000A	[  8] _strcmp
0x00002A4E	0x0000000A	[  8] _strlen
0x00002A58	0x0000000A	[  8] _strnlen
0x00002A62	0x0000000A	[  8] _writev
0x00002A6C	0x00000040	[  2] GCC_except_table5
0x00002AAC	0x00000020	[  2] GCC_except_table10
0x00002ACC	0x0000002C	[  2] GCC_except_table11
0x00002AF8	0x00000020	[  2] GCC_except_table13
0x00002B18	0x00000040	[  2] GCC_except_table14
0x00002B58	0x00000040	[  2] GCC_except_table15
0x00002B98	0x00000040	[  2] GCC_except_table16
0x00002BD8	0x00000040	[  2] GCC_except_table17
0x00002C18	0x00000114	[  2] GCC_except_table18
0x00002D2C	0x00000001	[  2] literal string: 
0x00002D2D	0x0000000C	[  3] literal string: ULOG_STDERR
0x00002D39	0x00000012	[  3] literal string: ULOG_STDERR_COLOR
0x00002D4B	0x0000000E	[  3] literal string: ULOG_LEVEL_%s
0x00002D59	0x0000000B	[  3] literal string: ULOG_LEVEL
0x00002D64	0x0000000F	[  3] literal string: /dev/ulog_main
0x00002D73	0x0000000C	[  3] literal string: ULOG_DEVICE
0x00002D7F	0x0000000D	[  3] literal string: /dev/ulog_%s
0x00002D8C	0x00000002	[  3] literal string:  
0x00002D8E	0x00000002	[  3] literal string: C
0x00002D90	0x00000002	[  3] literal string: E
0x00002D92	0x00000002	[  3] literal string: W
0x00002D94	0x00000002	[  3] literal string: N
0x00002D96	0x00000002	[  3] literal string: I
0x00002D98	0x00000002	[  3] literal string: D
0x00002D9A	0x0000000C	[  3] literal string: %s %s: %s%s
0x00002DA6	0x00000002	[  3] literal string: \n
0x00002DA8	0x0000000D	[  3] literal string: [7;31mC[0m
0x00002DB5	0x0000000D	[  3] literal string: [1;31mE[0m
0x00002DC2	0x0000000D	[  3] literal string: [1;33mW[0m
0x00002DCF	0x0000000D	[  3] literal string: [1;32mN[0m
0x00002DDC	0x0000000D	[  3] literal string: [1;35mI[0m
0x00002DE9	0x0000000D	[  3] literal string: [1;36mD[0m
0x00002DF6	0x00000012	[  6] literal string: /dev/ulog_mainbin
0x00002E08	0x00000010	[  6] literal string: ULOG_DEVICE_BIN
0x00002E20	0x00000020	[  2] __ZTSN4ulog8internal10UlogstreamE
0x00002E40	0x0000001E	[  2] __ZTSN4ulog8internal11OstreamUlogE
0x00002E60	0x0000001A	[  3] _parse_level.tab
0x00002E7C	0x00000144	[  0] compact unwind info
0x00002FC0	0x00000018	[  2] CIE
0x00002FD8	0x00000020	[  2] FDE for: ___clang_call_terminate
0x00003000	0x00000008	[  0] non-lazy-pointer-to-local: __DefaultRuneLocale
0x00003008	0x00000008	[  0] non-lazy-pointer-to-local: ___gxx_personality_v0
0x00003010	0x00000008	[  0] non-lazy-pointer-to-local: ___stack_chk_guard
0x00003018	0x00000008	[  0] non-lazy-pointer-to-local: ___stderrp
0x00003020	0x00000008	[  0] non-lazy-pointer-to-local: ___ulog_default_cookie
0x00003028	0x00000008	[  0] non-lazy-pointer-to-local: dyld_stub_binder
0x00003030	0x00000008	[  0] non-lazy-pointer
0x00003038	0x00000008	[  8] __Unwind_Resume
0x00003040	0x00000008	[  1] __ZNSt3__112basic_stringIcNS_11char_traitsIcEENS_9allocatorIcEEE6__initEPKcm
0x00003048	0x00000008	[  1] __ZNSt3__112basic_stringIcNS_11char_traitsIcEENS_9allocatorIcEEE6appendEPKcm
0x00003050	0x00000008	[  1] __ZNSt3__112basic_stringIcNS_11char_traitsIcEENS_9allocatorIcEEE7reserveEm
0x00003058	0x00000008	[  1] __ZNSt3__112basic_stringIcNS_11char_traitsIcEENS_9allocatorIcEEED1Ev
0x00003060	0x00000008	[  1] __ZNSt3__113basic_ostreamIcNS_11char_traitsIcEEED2Ev
0x00003068	0x00000008	[  1] __ZNSt3__115basic_streambufIcNS_11char_traitsIcEEEC2Ev
0x00003070	0x00000008	[  1] __ZNSt3__115basic_streambufIcNS_11char_traitsIcEEED2Ev
0x00003078	0x00000008	[  1] __ZNSt3__18ios_base4initEPv
0x00003080	0x00000008	[  1] __ZNSt3__19basic_iosIcNS_11char_traitsIcEEED2Ev
0x00003088	0x00000008	[  1] __ZSt9terminatev
0x00003090	0x00000008	[  1] __ZdlPv
0x00003098	0x00000008	[  1] __Znwm
0x000030A0	0x00000008	[  8] ___cxa_atexit
0x000030A8	0x00000008	[  1] ___cxa_begin_catch
0x000030B0	0x00000008	[  8] ___error
0x000030B8	0x00000008	[  8] ___maskrune
0x000030C0	0x00000008	[  8] ___snprintf_chk
0x000030C8	0x00000008	[  8] ___stack_chk_fail
0x000030D0	0x00000008	[  8] ___vsnprintf_chk
0x000030D8	0x00000008	[  8] _close
0x000030E0	0x00000008	[  8] _fprintf
0x000030E8	0x00000008	[  8] _free
0x000030F0	0x00000008	[  8] _fstat$INODE64
0x000030F8	0x00000008	[  8] _getenv
0x00003100	0x00000008	[  8] _ioctl
0x00003108	0x00000008	[  8] _malloc
0x00003110	0x00000008	[  8] _open
0x00003118	0x00000008	[  8] _pthread_getspecific
0x00003120	0x00000008	[  8] _pthread_key_create
0x00003128	0x00000008	[  8] _pthread_mutex_lock
0x00003130	0x00000008	[  8] _pthread_mutex_unlock
0x00003138	0x00000008	[  8] _pthread_once
0x00003140	0x00000008	[  8] _pthread_setspecific
0x00003148	0x00000008	[  8] _strcmp
0x00003150	0x00000008	[  8] _strlen
0x00003158	0x00000008	[  8] _strnlen
0x00003160	0x00000008	[  8] _writev
0x00003168	0x00000008	[  2] anon
0x00003170	0x00000080	[  2] __ZTVN4ulog8internal10UlogstreamE
0x000031F0	0x00000010	[  2] __ZN4ulog14UlogstreamCerrE
0x00003200	0x00000018	[  2] __ZTIN4ulog8internal10UlogstreamE
0x00003220	0x00000040	[  3] ___writer_stderr_wrapper.priotab
0x00003260	0x00000040	[  3] ___writer_stderr_wrapper_color.priotab
0x000032A0	0x00000050	[  2] __ZTVN4ulog8internal11OstreamUlogE
0x000032F0	0x00000020	[  2] __ZTTN4ulog8internal11OstreamUlogE
0x00003310	0x00000010	[  2] __ZN4ulog8internal10Ulogstream8mKeyOnceE
0x00003320	0x00000050	[  2] __ZTCN4ulog8internal11OstreamUlogE0_NSt3__113basic_ostreamIcNS1_11char_traitsIcEEEE
0x00003370	0x00000018	[  2] __ZTIN4ulog8internal11OstreamUlogE
0x00003388	0x00000020	[  3] ___ulog_default_cookie
0x000033A8	0x00000068	[  3] _ctrl
0x00003410	0x00000008	[  2] __ZN4ulog8internal10Ulogstream7mBufKeyE
0x00003418	0x00000008	[  2] __ZN4ulog8internal10Ulogstream7mTagKeyE
0x00003420	0x00000060	[  2] __ZN4ulog8internal14UlogDrawStreamE
0x00003480	0x000000A0	[  2] __ZN4ulog8internal8UlogDrawE
0x00003520	0x00000060	[  2] __ZN4ulog8internal14UlogIrawStreamE
0x00003580	0x000000A0	[  2] __ZN4ulog8internal8UlogIrawE
0x00003620	0x00000060	[  2] __ZN4ulog8internal14UlogNrawStreamE
0x00003680	0x000000A0	[  2] __ZN4ulog8internal8UlogNrawE
0x00003720	0x00000060	[  2] __ZN4ulog8internal14UlogWrawStreamE
0x00003780	0x000000A0	[  2] __ZN4ulog8internal8UlogWrawE
0x00003820	0x00000060	[  2] __ZN4ulog8internal14UlogErawStreamE
0x00003880	0x000000A0	[  2] __ZN4ulog8internal8UlogErawE
0x00003920	0x00000060	[  2] __ZN4ulog8internal14UlogCrawStreamE
0x00003980	0x000000A0	[  2] __ZN4ulog8internal8UlogCrawE
0x00003A20	0x00000058	[  2] __ZN4ulogL16__UlogstreamCerrE

# Dead Stripped Symbols:
#        	Size    	File  Name
<<dead>> 	0x00000070	[  2] __ZN4ulog8internal11OstreamUlogC2EPNS0_10UlogstreamE
<<dead>> 	0x00000090	[  2] __ZN4ulog8internal11OstreamUlogC1EPNS0_10UlogstreamE
<<dead>> 	0x00000020	[  2] __ZN4ulog8internal10Ulogstream6setTagER11ulog_cookie
<<dead>> 	0x00000010	[  2] __ZN4ulog8internal10UlogstreamC1Eii
<<dead>> 	0x00000030	[  2] __ZN4ulog8internal10UlogstreamD2Ev
<<dead>> 	0x00000034	[  2] GCC_except_table1
<<dead>> 	0x00000020	[  2] CIE
<<dead>> 	0x00000001	[  3] literal string: 
<<dead>> 	0x00000018	[  3] CIE
<<dead>> 	0x00000001	[  4] literal string: 
<<dead>> 	0x00000018	[  4] CIE
<<dead>> 	0x00000006	[  5] _ulog_writer_android
<<dead>> 	0x00000018	[  5] CIE
<<dead>> 	0x0000000D	[  6] literal string: /dev/ulog_%s
<<dead>> 	0x00000018	[  6] CIE
<<dead>> 	0x0000000F	[  7] literal string: /dev/ulog_main
<<dead>> 	0x0000000C	[  7] literal string: ULOG_DEVICE
<<dead>> 	0x0000000D	[  7] literal string: /dev/ulog_%s
<<dead>> 	0x00000018	[  7] CIE
