# Path: out/arsdk-native/build/libARSAL/libarsal.dylib
# Arch: x86_64
# Object files:
[  0] linker synthesized
[  1] /Users/nicolassalleron/Desktop/IDMProject/parrot_controller/SDK_PARROT/out/arsdk-native/build/libARSAL/obj/Sources/ARSAL_Ftw.c.o
[  2] /Users/nicolassalleron/Desktop/IDMProject/parrot_controller/SDK_PARROT/out/arsdk-native/build/libARSAL/obj/Sources/ARSAL_MD5.c.o
[  3] /Users/nicolassalleron/Desktop/IDMProject/parrot_controller/SDK_PARROT/out/arsdk-native/build/libARSAL/obj/Sources/ARSAL_MD5_Manager.c.o
[  4] /Users/nicolassalleron/Desktop/IDMProject/parrot_controller/SDK_PARROT/out/arsdk-native/build/libARSAL/obj/Sources/ARSAL_Mutex.c.o
[  5] /Users/nicolassalleron/Desktop/IDMProject/parrot_controller/SDK_PARROT/out/arsdk-native/build/libARSAL/obj/Sources/ARSAL_Print.c.o
[  6] /Users/nicolassalleron/Desktop/IDMProject/parrot_controller/SDK_PARROT/out/arsdk-native/build/libARSAL/obj/Sources/ARSAL_Sem.c.o
[  7] /Users/nicolassalleron/Desktop/IDMProject/parrot_controller/SDK_PARROT/out/arsdk-native/build/libARSAL/obj/Sources/ARSAL_Socket.c.o
[  8] /Users/nicolassalleron/Desktop/IDMProject/parrot_controller/SDK_PARROT/out/arsdk-native/build/libARSAL/obj/Sources/ARSAL_Time.c.o
[  9] /Users/nicolassalleron/Desktop/IDMProject/parrot_controller/SDK_PARROT/out/arsdk-native/build/libARSAL/obj/Sources/ARSAL_Thread.c.o
[ 10] /Users/nicolassalleron/Desktop/IDMProject/parrot_controller/SDK_PARROT/out/arsdk-native/build/libARSAL/obj/Sources/md5.c.o
[ 11] /Users/nicolassalleron/Desktop/IDMProject/parrot_controller/SDK_PARROT/out/arsdk-native/build/libARSAL/obj/gen/Sources/ARSAL_Error.c.o
[ 12] /Users/nicolassalleron/Desktop/IDMProject/parrot_controller/SDK_PARROT/out/arsdk-native/build/libARSAL/obj/Sources/ARSAL_BLEManager.m.o
[ 13] /Users/nicolassalleron/Desktop/IDMProject/parrot_controller/SDK_PARROT/out/arsdk-native/build/libARSAL/obj/Sources/ARSAL_CentralManager.m.o
[ 14] /Library/Developer/CommandLineTools/SDKs/MacOSX.sdk/System/Library/Frameworks//Foundation.framework/Foundation.tbd
[ 15] /Library/Developer/CommandLineTools/SDKs/MacOSX.sdk/usr/lib/libSystem.tbd
[ 16] /Library/Developer/CommandLineTools/SDKs/MacOSX.sdk/usr/lib/libobjc.A.tbd
# Sections:
# Address	Size    	Segment	Section
0x00001570	0x00005F31	__TEXT	__text
0x000074A2	0x0000019E	__TEXT	__stubs
0x00007640	0x000002C2	__TEXT	__stub_helper
0x00007902	0x00000987	__TEXT	__cstring
0x00008290	0x00000020	__TEXT	__const
0x000082B0	0x000004D8	__TEXT	__gcc_except_tab
0x00008788	0x000010F4	__TEXT	__objc_methname
0x0000987C	0x000000B1	__TEXT	__objc_classname
0x0000992D	0x00000461	__TEXT	__objc_methtype
0x00009D90	0x00000264	__TEXT	__unwind_info
0x0000A000	0x00000010	__DATA	__nl_symbol_ptr
0x0000A010	0x00000038	__DATA	__got
0x0000A048	0x00000228	__DATA	__la_symbol_ptr
0x0000A270	0x00000070	__DATA	__const
0x0000A2E0	0x00000120	__DATA	__cfstring
0x0000A400	0x00000020	__DATA	__objc_classlist
0x0000A420	0x00000008	__DATA	__objc_catlist
0x0000A428	0x00000018	__DATA	__objc_protolist
0x0000A440	0x00000008	__DATA	__objc_imageinfo
0x0000A448	0x000017D0	__DATA	__objc_const
0x0000BC18	0x00000250	__DATA	__objc_selrefs
0x0000BE68	0x00000048	__DATA	__objc_classrefs
0x0000BEB0	0x00000020	__DATA	__objc_superrefs
0x0000BED0	0x000000E0	__DATA	__objc_ivar
0x0000BFB0	0x00000140	__DATA	__objc_data
0x0000C0F0	0x00000128	__DATA	__data
0x0000C218	0x00000018	__DATA	__bss
# Symbols:
# Address	Size    	File  Name
0x00001570	0x00000010	[  1] _ARSAL_Ftw
0x00001580	0x0000000A	[  1] _ARSAL_Nftw
0x00001590	0x00000070	[  2] _ARSAL_MD5_Manager_Init
0x00001600	0x00000100	[  2] _ARSAL_MD5_Check
0x00001700	0x00000140	[  2] _ARSAL_MD5_Compute
0x00001840	0x00000040	[  2] _ARSAL_MD5_Manager_Close
0x00001880	0x0000007E	[  2] _ARSAL_MD5_GetMd5AsTxt
0x00001900	0x00000060	[  3] _ARSAL_MD5_Manager_New
0x00001960	0x00000060	[  3] _ARSAL_MD5_Manager_Delete
0x000019C0	0x00000020	[  3] _ARSAL_MD5_Manager_Check
0x000019E0	0x00000020	[  3] _ARSAL_MD5_Manager_Compute
0x00001A00	0x00000030	[  4] _ARSAL_Mutex_Init
0x00001A30	0x00000030	[  4] _ARSAL_Mutex_Destroy
0x00001A60	0x00000070	[  4] _ARSAL_Mutex_Lock
0x00001AD0	0x00000070	[  4] _ARSAL_Mutex_Trylock
0x00001B40	0x00000070	[  4] _ARSAL_Mutex_Unlock
0x00001BB0	0x00000030	[  4] _ARSAL_Cond_Init
0x00001BE0	0x00000030	[  4] _ARSAL_Cond_Destroy
0x00001C10	0x00000070	[  4] _ARSAL_Cond_Wait
0x00001C80	0x00000100	[  4] _ARSAL_Cond_Timedwait
0x00001D80	0x00000070	[  4] _ARSAL_Cond_Signal
0x00001DF0	0x00000066	[  4] _ARSAL_Cond_Broadcast
0x00001E60	0x00000020	[  5] _ARSAL_Print_SetMinimumLevel
0x00001E80	0x00000010	[  5] _ARSAL_Print_GetMinimumLevel
0x00001E90	0x00000010	[  5] _ARSAL_Print_SetCallback
0x00001EA0	0x00000020	[  5] _ARSAL_Print_GetLevelDescription
0x00001EC0	0x00000150	[  5] _ARSAL_Print_PrintRaw
0x00002010	0x000001B0	[  5] _ARSAL_Print_PrintRawEx
0x000021C0	0x00000130	[  5] _ARSAL_Print_DumpData
0x000022F0	0x000001AB	[  5] _ARSAL_Print_DumpRotateFiles
0x000024A0	0x000000B0	[  6] _ARSAL_Sem_Init
0x00002550	0x00000090	[  6] _ARSAL_Sem_Destroy
0x000025E0	0x000000A0	[  6] _ARSAL_Sem_Wait
0x00002680	0x000000B0	[  6] _ARSAL_Sem_Trywait
0x00002730	0x000000D0	[  6] _ARSAL_Sem_Timedwait
0x00002800	0x000000B0	[  6] _ARSAL_Sem_Post
0x000028B0	0x0000007D	[  6] _ARSAL_Sem_Getvalue
0x00002930	0x00000010	[  7] _ARSAL_Socket_Create
0x00002940	0x00000050	[  7] _ARSAL_Socket_Connect
0x00002990	0x00000080	[  7] _ARSAL_Socket_Sendto
0x00002A10	0x00000090	[  7] _ARSAL_Socket_Send
0x00002AA0	0x00000080	[  7] _ARSAL_Socket_Recvfrom
0x00002B20	0x00000060	[  7] _ARSAL_Socket_Recv
0x00002B80	0x00000060	[  7] _ARSAL_Socket_Writev
0x00002BE0	0x00000060	[  7] _ARSAL_Socket_Readv
0x00002C40	0x00000010	[  7] _ARSAL_Socket_Bind
0x00002C50	0x00000010	[  7] _ARSAL_Socket_Listen
0x00002C60	0x00000050	[  7] _ARSAL_Socket_Accept
0x00002CB0	0x00000040	[  7] _ARSAL_Socket_Close
0x00002CF0	0x00000010	[  7] _ARSAL_Socket_Setsockopt
0x00002D00	0x00000010	[  7] _ARSAL_Socket_Getsockopt
0x00002D10	0x0000000A	[  7] _ARSAL_Socket_Getsockname
0x00002D20	0x00000040	[  8] _ARSAL_Time_GetTime
0x00002D60	0x00000080	[  8] _ARSAL_Time_GetLocalTime
0x00002DE0	0x00000030	[  8] _ARSAL_Time_TimevalEquals
0x00002E10	0x00000030	[  8] _ARSAL_Time_TimespecEquals
0x00002E40	0x00000060	[  8] _ARSAL_Time_ComputeTimevalMsTimeDiff
0x00002EA0	0x0000005B	[  8] _ARSAL_Time_ComputeTimespecMsTimeDiff
0x00002F00	0x00000080	[  9] _ARSAL_Thread_Create
0x00002F80	0x00000010	[  9] _ARSAL_Thread_Join
0x00002F90	0x00000010	[  9] _ARSAL_Thread_Destroy
0x00002FA0	0x00000020	[ 10] _AR_MD5_Init
0x00002FC0	0x000000C0	[ 10] _AR_MD5_Update
0x00003080	0x00000800	[ 10] _body
0x00003880	0x0000012F	[ 10] _AR_MD5_Final
0x000039B0	0x00000124	[ 11] _ARSAL_Error_ToString
0x00003AE0	0x00000110	[ 12] -[CBUUID(StringExtraction) representativeString]
0x00003BF0	0x00000080	[ 12] -[CBUUID(StringExtraction) shortUUID]
0x00003C70	0x000000B0	[ 12] -[ARSALBLEManagerNotificationData initWithValue:value:]
0x00003D20	0x00000020	[ 12] -[ARSALBLEManagerNotificationData characteristic]
0x00003D40	0x00000020	[ 12] -[ARSALBLEManagerNotificationData setCharacteristic:]
0x00003D60	0x00000020	[ 12] -[ARSALBLEManagerNotificationData value]
0x00003D80	0x00000020	[ 12] -[ARSALBLEManagerNotificationData setValue:]
0x00003DA0	0x00000040	[ 12] -[ARSALBLEManagerNotificationData .cxx_destruct]
0x00003DE0	0x000000B0	[ 12] -[ARSALBLEManagerNotification init]
0x00003E90	0x00000050	[ 12] -[ARSALBLEManagerNotification dealloc]
0x00003EE0	0x00000080	[ 12] -[ARSALBLEManagerNotification addNotification:]
0x00003F60	0x00000190	[ 12] -[ARSALBLEManagerNotification getAllNotifications:maxCount:]
0x000040F0	0x00000080	[ 12] -[ARSALBLEManagerNotification waitNotification:]
0x00004170	0x00000020	[ 12] -[ARSALBLEManagerNotification signalNotification]
0x00004190	0x00000030	[ 12] -[ARSALBLEManagerNotification resetNotification]
0x000041C0	0x00000020	[ 12] -[ARSALBLEManagerNotification characteristics]
0x000041E0	0x00000020	[ 12] -[ARSALBLEManagerNotification setCharacteristics:]
0x00004200	0x00000020	[ 12] -[ARSALBLEManagerNotification notificationsArray]
0x00004220	0x00000020	[ 12] -[ARSALBLEManagerNotification setNotificationsArray:]
0x00004240	0x00000040	[ 12] -[ARSALBLEManagerNotification .cxx_destruct]
0x00004280	0x00000040	[ 12] +[ARSAL_BLEManager sharedARSAL_BLEManager]
0x000042C0	0x00000060	[ 12] ___42+[ARSAL_BLEManager sharedARSAL_BLEManager]_block_invoke
0x00004320	0x00000170	[ 12] -[ARSAL_BLEManager ARSAL_BLEManager_Init]
0x00004490	0x000000A0	[ 12] -[ARSAL_BLEManager dealloc]
0x00004530	0x00000080	[ 12] -[ARSAL_BLEManager isPeripheralConnected]
0x000045B0	0x00000110	[ 12] -[ARSAL_BLEManager discoverNetworkServices:]
0x000046C0	0x00000110	[ 12] -[ARSAL_BLEManager setNotificationCharacteristic:]
0x000047D0	0x00000170	[ 12] -[ARSAL_BLEManager discoverNetworkCharacteristics:forService:]
0x00004940	0x00000190	[ 12] -[ARSAL_BLEManager connectToPeripheral:withCentralManager:]
0x00004AD0	0x00000100	[ 12] -[ARSAL_BLEManager disconnectPeripheral:withCentralManager:]
0x00004BD0	0x00000070	[ 12] -[ARSAL_BLEManager writeData:toCharacteristic:]
0x00004C40	0x000000E0	[ 12] -[ARSAL_BLEManager writeDataWithResponse:toCharacteristic:]
0x00004D20	0x000000E0	[ 12] -[ARSAL_BLEManager registerNotificationCharacteristics:toKey:]
0x00004E00	0x000000B0	[ 12] -[ARSAL_BLEManager unregisterNotificationCharacteristics:]
0x00004EB0	0x000000A0	[ 12] -[ARSAL_BLEManager cancelReadNotification:]
0x00004F50	0x000000A0	[ 12] -[ARSAL_BLEManager resetReadNotification:]
0x00004FF0	0x00000160	[ 12] -[ARSAL_BLEManager readNotificationData:maxCount:timeout:toKey:]
0x00005150	0x00000020	[ 12] -[ARSAL_BLEManager readData:]
0x00005170	0x000000C0	[ 12] -[ARSAL_BLEManager centralManagerDidUpdateState:]
0x00005230	0x00000030	[ 12] -[ARSAL_BLEManager centralManager:didConnectPeripheral:]
0x00005260	0x00000020	[ 12] -[ARSAL_BLEManager centralManager:didFailToConnectPeripheral:error:]
0x00005280	0x00000060	[ 12] -[ARSAL_BLEManager centralManager:didDisconnectPeripheral:error:]
0x000052E0	0x00000160	[ 12] -[ARSAL_BLEManager onDisconnectPeripheral]
0x00005440	0x00000030	[ 12] -[ARSAL_BLEManager peripheral:didDiscoverServices:]
0x00005470	0x00000030	[ 12] -[ARSAL_BLEManager peripheral:didDiscoverCharacteristicsForService:error:]
0x000054A0	0x00000040	[ 12] -[ARSAL_BLEManager peripheral:didWriteValueForCharacteristic:error:]
0x000054E0	0x000004C0	[ 12] -[ARSAL_BLEManager peripheral:didUpdateValueForCharacteristic:error:]
0x000059A0	0x00000030	[ 12] -[ARSAL_BLEManager peripheral:didUpdateNotificationStateForCharacteristic:error:]
0x000059D0	0x00000010	[ 12] -[ARSAL_BLEManager peripheralDidUpdateName:]
0x000059E0	0x00000230	[ 12] -[ARSAL_BLEManager unlock]
0x00005C10	0x000002D0	[ 12] -[ARSAL_BLEManager reset]
0x00005EE0	0x00000010	[ 12] -[ARSAL_BLEManager discoverServicesError]
0x00005EF0	0x00000010	[ 12] -[ARSAL_BLEManager setDiscoverServicesError:]
0x00005F00	0x00000010	[ 12] -[ARSAL_BLEManager discoverCharacteristicsError]
0x00005F10	0x00000010	[ 12] -[ARSAL_BLEManager setDiscoverCharacteristicsError:]
0x00005F20	0x00000010	[ 12] -[ARSAL_BLEManager configurationCharacteristicError]
0x00005F30	0x00000010	[ 12] -[ARSAL_BLEManager setConfigurationCharacteristicError:]
0x00005F40	0x00000020	[ 12] -[ARSAL_BLEManager activePeripheral]
0x00005F60	0x00000020	[ 12] -[ARSAL_BLEManager setActivePeripheral:]
0x00005F80	0x00000020	[ 12] -[ARSAL_BLEManager characteristicsNotifications]
0x00005FA0	0x00000020	[ 12] -[ARSAL_BLEManager setCharacteristicsNotifications:]
0x00005FC0	0x00000010	[ 12] -[ARSAL_BLEManager writeCharacteristicError]
0x00005FD0	0x00000010	[ 12] -[ARSAL_BLEManager setWriteCharacteristicError:]
0x00005FE0	0x00000020	[ 12] -[ARSAL_BLEManager delegate]
0x00006000	0x00000020	[ 12] -[ARSAL_BLEManager setDelegate:]
0x00006020	0x00000020	[ 12] -[ARSAL_BLEManager askDisconnection]
0x00006040	0x00000010	[ 12] -[ARSAL_BLEManager setAskDisconnection:]
0x00006050	0x00000020	[ 12] -[ARSAL_BLEManager isDiscoveringServices]
0x00006070	0x00000010	[ 12] -[ARSAL_BLEManager setIsDiscoveringServices:]
0x00006080	0x00000020	[ 12] -[ARSAL_BLEManager isDiscoveringCharacteristics]
0x000060A0	0x00000010	[ 12] -[ARSAL_BLEManager setIsDiscoveringCharacteristics:]
0x000060B0	0x00000020	[ 12] -[ARSAL_BLEManager isConfiguringCharacteristics]
0x000060D0	0x00000010	[ 12] -[ARSAL_BLEManager setIsConfiguringCharacteristics:]
0x000060E0	0x00000020	[ 12] -[ARSAL_BLEManager isWritingCharacteristic]
0x00006100	0x00000010	[ 12] -[ARSAL_BLEManager setIsWritingCharacteristic:]
0x00006110	0x00000020	[ 12] -[ARSAL_BLEManager registeredNotificationCharacteristics]
0x00006130	0x00000020	[ 12] -[ARSAL_BLEManager setRegisteredNotificationCharacteristics:]
0x00006150	0x00000020	[ 12] -[ARSAL_BLEManager regNotCharacteristicsMutex]
0x00006170	0x00000020	[ 12] -[ARSAL_BLEManager setRegNotCharacteristicsMutex:]
0x00006190	0x00000042	[ 12] -[ARSAL_BLEManager .cxx_destruct]
0x000061E0	0x000000D0	[ 13] -[ARSAL_CentralManager initARCBCentralManager:options:]
0x000062B0	0x00000050	[ 13] -[ARSAL_CentralManager init]
0x00006300	0x00000070	[ 13] -[ARSAL_CentralManager initWithQueue:]
0x00006370	0x00000090	[ 13] -[ARSAL_CentralManager initWithDelegate:queue:options:]
0x00006400	0x00000080	[ 13] -[ARSAL_CentralManager dealloc]
0x00006480	0x000000A0	[ 13] -[ARSAL_CentralManager addDelegate:]
0x00006520	0x000000A0	[ 13] -[ARSAL_CentralManager removeDelegate:]
0x000065C0	0x000001D0	[ 13] -[ARSAL_CentralManager centralManagerDidUpdateState:]
0x00006790	0x00000230	[ 13] -[ARSAL_CentralManager centralManager:willRestoreState:]
0x000069C0	0x00000260	[ 13] -[ARSAL_CentralManager centralManager:didDiscoverPeripheral:advertisementData:RSSI:]
0x00006C20	0x00000230	[ 13] -[ARSAL_CentralManager centralManager:didConnectPeripheral:]
0x00006E50	0x00000240	[ 13] -[ARSAL_CentralManager centralManager:didFailToConnectPeripheral:error:]
0x00007090	0x00000240	[ 13] -[ARSAL_CentralManager centralManager:didDisconnectPeripheral:error:]
0x000072D0	0x00000050	[ 13] -[ARSAL_CentralManager connectPeripheral:options:]
0x00007320	0x00000020	[ 13] -[ARSAL_CentralManager cancelPeripheralConnection:]
0x00007340	0x00000050	[ 13] -[ARSAL_CentralManager scanForPeripheralsWithServices:options:]
0x00007390	0x00000020	[ 13] -[ARSAL_CentralManager stopScan]
0x000073B0	0x00000020	[ 13] -[ARSAL_CentralManager retrieveConnectedPeripheralsWithServices:]
0x000073D0	0x00000020	[ 13] -[ARSAL_CentralManager retrievePeripheralsWithIdentifiers:]
0x000073F0	0x00000020	[ 13] -[ARSAL_CentralManager delegateArray]
0x00007410	0x00000020	[ 13] -[ARSAL_CentralManager setDelegateArray:]
0x00007430	0x00000020	[ 13] -[ARSAL_CentralManager centralManager]
0x00007450	0x00000020	[ 13] -[ARSAL_CentralManager setCentralManager:]
0x00007470	0x00000031	[ 13] -[ARSAL_CentralManager .cxx_destruct]
0x000074A2	0x00000006	[ 14] _NSLog
0x000074A8	0x00000006	[ 15] __Unwind_Resume
0x000074AE	0x00000006	[ 15] ___bzero
0x000074B4	0x00000006	[ 15] ___error
0x000074BA	0x00000006	[ 15] ___snprintf_chk
0x000074C0	0x00000006	[ 15] ___sprintf_chk
0x000074C6	0x00000006	[ 15] ___stack_chk_fail
0x000074CC	0x00000006	[ 15] ___vsnprintf_chk
0x000074D2	0x00000006	[ 15] _accept
0x000074D8	0x00000006	[ 15] _bind
0x000074DE	0x00000006	[ 15] _calloc
0x000074E4	0x00000006	[ 15] _close
0x000074EA	0x00000006	[ 15] _connect
0x000074F0	0x00000006	[ 15] _dispatch_once
0x000074F6	0x00000006	[ 15] _fclose
0x000074FC	0x00000006	[ 15] _flockfile
0x00007502	0x00000006	[ 15] _fopen
0x00007508	0x00000006	[ 15] _fprintf
0x0000750E	0x00000006	[ 15] _fread
0x00007514	0x00000006	[ 15] _free
0x0000751A	0x00000006	[ 15] _ftw$INODE64
0x00007520	0x00000006	[ 15] _funlockfile
0x00007526	0x00000006	[ 15] _fwrite
0x0000752C	0x00000006	[ 15] _getsockname
0x00007532	0x00000006	[ 15] _getsockopt
0x00007538	0x00000006	[ 15] _gettimeofday
0x0000753E	0x00000006	[ 15] _listen
0x00007544	0x00000006	[ 15] _localtime_r
0x0000754A	0x00000006	[ 15] _malloc
0x00007550	0x00000006	[ 15] _memcpy
0x00007556	0x00000006	[ 15] _nftw$INODE64
0x0000755C	0x00000006	[ 16] _objc_autoreleaseReturnValue
0x00007562	0x00000006	[ 16] _objc_enumerationMutation
0x00007568	0x00000006	[ 16] _objc_msgSendSuper2
0x0000756E	0x00000006	[ 16] _objc_retainAutorelease
0x00007574	0x00000006	[ 16] _objc_retainAutoreleaseReturnValue
0x0000757A	0x00000006	[ 16] _objc_retainAutoreleasedReturnValue
0x00007580	0x00000006	[ 16] _objc_storeStrong
0x00007586	0x00000006	[ 16] _objc_sync_enter
0x0000758C	0x00000006	[ 16] _objc_sync_exit
0x00007592	0x00000006	[ 15] _printf
0x00007598	0x00000006	[ 15] _pthread_cond_broadcast
0x0000759E	0x00000006	[ 15] _pthread_cond_destroy
0x000075A4	0x00000006	[ 15] _pthread_cond_init
0x000075AA	0x00000006	[ 15] _pthread_cond_signal
0x000075B0	0x00000006	[ 15] _pthread_cond_timedwait
0x000075B6	0x00000006	[ 15] _pthread_cond_wait
0x000075BC	0x00000006	[ 15] _pthread_create
0x000075C2	0x00000006	[ 15] _pthread_join
0x000075C8	0x00000006	[ 15] _pthread_mutex_destroy
0x000075CE	0x00000006	[ 15] _pthread_mutex_init
0x000075D4	0x00000006	[ 15] _pthread_mutex_lock
0x000075DA	0x00000006	[ 15] _pthread_mutex_trylock
0x000075E0	0x00000006	[ 15] _pthread_mutex_unlock
0x000075E6	0x00000006	[ 15] _readv
0x000075EC	0x00000006	[ 15] _recv
0x000075F2	0x00000006	[ 15] _recvfrom
0x000075F8	0x00000006	[ 15] _rename
0x000075FE	0x00000006	[ 15] _send
0x00007604	0x00000006	[ 15] _sendto
0x0000760A	0x00000006	[ 15] _setsockopt
0x00007610	0x00000006	[ 15] _socket
0x00007616	0x00000006	[ 15] _strcmp
0x0000761C	0x00000006	[ 15] _strerror
0x00007622	0x00000006	[ 15] _strftime
0x00007628	0x00000006	[ 15] _syscall
0x0000762E	0x00000006	[ 15] _vfprintf
0x00007634	0x00000006	[ 15] _vprintf
0x0000763A	0x00000006	[ 15] _writev
0x00007640	0x00000010	[  0] helper helper
0x00007650	0x0000000A	[ 14] _NSLog
0x0000765A	0x0000000A	[ 15] __Unwind_Resume
0x00007664	0x0000000A	[ 15] ___bzero
0x0000766E	0x0000000A	[ 15] ___error
0x00007678	0x0000000A	[ 15] ___snprintf_chk
0x00007682	0x0000000A	[ 15] ___sprintf_chk
0x0000768C	0x0000000A	[ 15] ___stack_chk_fail
0x00007696	0x0000000A	[ 15] ___vsnprintf_chk
0x000076A0	0x0000000A	[ 15] _accept
0x000076AA	0x0000000A	[ 15] _bind
0x000076B4	0x0000000A	[ 15] _calloc
0x000076BE	0x0000000A	[ 15] _close
0x000076C8	0x0000000A	[ 15] _connect
0x000076D2	0x0000000A	[ 15] _dispatch_once
0x000076DC	0x0000000A	[ 15] _fclose
0x000076E6	0x0000000A	[ 15] _flockfile
0x000076F0	0x0000000A	[ 15] _fopen
0x000076FA	0x0000000A	[ 15] _fprintf
0x00007704	0x0000000A	[ 15] _fread
0x0000770E	0x0000000A	[ 15] _free
0x00007718	0x0000000A	[ 15] _ftw$INODE64
0x00007722	0x0000000A	[ 15] _funlockfile
0x0000772C	0x0000000A	[ 15] _fwrite
0x00007736	0x0000000A	[ 15] _getsockname
0x00007740	0x0000000A	[ 15] _getsockopt
0x0000774A	0x0000000A	[ 15] _gettimeofday
0x00007754	0x0000000A	[ 15] _listen
0x0000775E	0x0000000A	[ 15] _localtime_r
0x00007768	0x0000000A	[ 15] _malloc
0x00007772	0x0000000A	[ 15] _memcpy
0x0000777C	0x0000000A	[ 15] _nftw$INODE64
0x00007786	0x0000000A	[ 15] _printf
0x00007790	0x0000000A	[ 15] _pthread_cond_broadcast
0x0000779A	0x0000000A	[ 15] _pthread_cond_destroy
0x000077A4	0x0000000A	[ 15] _pthread_cond_init
0x000077AE	0x0000000A	[ 15] _pthread_cond_signal
0x000077B8	0x0000000A	[ 15] _pthread_cond_timedwait
0x000077C2	0x0000000A	[ 15] _pthread_cond_wait
0x000077CC	0x0000000A	[ 15] _pthread_create
0x000077D6	0x0000000A	[ 15] _pthread_join
0x000077E0	0x0000000A	[ 15] _pthread_mutex_destroy
0x000077EA	0x0000000A	[ 15] _pthread_mutex_init
0x000077F4	0x0000000A	[ 15] _pthread_mutex_lock
0x000077FE	0x0000000A	[ 15] _pthread_mutex_trylock
0x00007808	0x0000000A	[ 15] _pthread_mutex_unlock
0x00007812	0x0000000A	[ 15] _readv
0x0000781C	0x0000000A	[ 15] _recv
0x00007826	0x0000000A	[ 15] _recvfrom
0x00007830	0x0000000A	[ 15] _rename
0x0000783A	0x0000000A	[ 15] _send
0x00007844	0x0000000A	[ 15] _sendto
0x0000784E	0x0000000A	[ 15] _setsockopt
0x00007858	0x0000000A	[ 15] _socket
0x00007862	0x0000000A	[ 15] _strcmp
0x0000786C	0x0000000A	[ 15] _strerror
0x00007876	0x0000000A	[ 15] _strftime
0x00007880	0x0000000A	[ 15] _syscall
0x0000788A	0x0000000A	[ 15] _vfprintf
0x00007894	0x0000000A	[ 15] _vprintf
0x0000789E	0x0000000A	[ 15] _writev
0x000078A8	0x0000000A	[ 16] _objc_autoreleaseReturnValue
0x000078B2	0x0000000A	[ 16] _objc_enumerationMutation
0x000078BC	0x0000000A	[ 16] _objc_msgSendSuper2
0x000078C6	0x0000000A	[ 16] _objc_retainAutorelease
0x000078D0	0x0000000A	[ 16] _objc_retainAutoreleaseReturnValue
0x000078DA	0x0000000A	[ 16] _objc_retainAutoreleasedReturnValue
0x000078E4	0x0000000A	[ 16] _objc_storeStrong
0x000078EE	0x0000000A	[ 16] _objc_sync_enter
0x000078F8	0x0000000A	[ 16] _objc_sync_exit
0x00007902	0x00000017	[  2] literal string: ARSAL_MD5_Manager_Init
0x00007919	0x00000004	[  2] literal string: Md5
0x0000791D	0x00000003	[  2] literal string: %s
0x00007920	0x00000001	[  2] literal string: 
0x00007921	0x00000018	[  2] literal string: ARSAL_MD5_Manager_Close
0x00007939	0x00000010	[  2] literal string: ARSAL_MD5_Check
0x00007949	0x00000012	[  2] literal string: ARSAL_MD5_Compute
0x0000795B	0x00000003	[  2] literal string: rb
0x0000795E	0x00000005	[  2] literal string: %02x
0x00007963	0x00000016	[  3] literal string: ARSAL_MD5_Manager_New
0x00007979	0x00000019	[  3] literal string: ARSAL_MD5_Manager_Delete
0x00007992	0x00000011	[  4] literal string: ARSAL_Mutex_Lock
0x000079A3	0x0000000C	[  4] literal string: ARSAL_Mutex
0x000079AF	0x0000003A	[  4] literal string: Mutex operation failed! errno = %d , %s ; thread_id = %ld
0x000079E9	0x00000014	[  4] literal string: ARSAL_Mutex_Trylock
0x000079FD	0x00000013	[  4] literal string: ARSAL_Mutex_Unlock
0x00007A10	0x00000010	[  4] literal string: ARSAL_Cond_Wait
0x00007A20	0x0000003F	[  4] literal string: Mutex/Cond operation failed! errno = %d , %s ; thread_id = %ld
0x00007A5F	0x00000015	[  4] literal string: ARSAL_Cond_Timedwait
0x00007A74	0x00000012	[  4] literal string: ARSAL_Cond_Signal
0x00007A86	0x00000015	[  4] literal string: ARSAL_Cond_Broadcast
0x00007A9B	0x00000009	[  5] literal string: %H:%M:%S
0x00007AA4	0x00000017	[  5] literal string: %s:%03d | %s:%d - %s%s
0x00007ABB	0x00000002	[  5] literal string: \n
0x00007ABD	0x00000006	[  5] literal string: %s.%d
0x00007AC3	0x0000001C	[  5] literal string: ARSAL_Print_DumpRotateFiles
0x00007ADF	0x00000005	[  5] literal string: Dump
0x00007AE4	0x0000002A	[  5] literal string: Failed to rename '%s' in '%s': err=%d(%s)
0x00007B0E	0x00000006	[  5] literal string: [WTF]
0x00007B14	0x00000006	[  5] literal string: [ERR]
0x00007B1A	0x00000006	[  5] literal string: [WNG]
0x00007B20	0x00000006	[  5] literal string: [INF]
0x00007B26	0x00000006	[  5] literal string: [DBG]
0x00007B2C	0x00000006	[  5] literal string: [VRB]
0x00007B32	0x00000009	[  5] literal string: %s %s | 
0x00007B3B	0x00000009	[ 11] literal string: No error
0x00007B44	0x00000014	[ 11] literal string: ARSAL Generic error
0x00007B58	0x00000012	[ 11] literal string: ARSAL alloc error
0x00007B6A	0x00000013	[ 11] literal string: ARSAL system error
0x00007B7D	0x0000001A	[ 11] literal string: ARSAL bad parameter error
0x00007B97	0x00000011	[ 11] literal string: ARSAL file error
0x00007BA8	0x00000010	[ 11] literal string: ARSAL md5 error
0x00007BB8	0x0000001D	[ 11] literal string: BLE connection generic error
0x00007BD5	0x00000015	[ 11] literal string: BLE is not connected
0x00007BEA	0x00000018	[ 11] literal string: BLE disconnection error
0x00007C02	0x00000027	[ 11] literal string: BLE network services discovering error
0x00007C29	0x0000002E	[ 11] literal string: BLE network characteristics discovering error
0x00007C57	0x0000002D	[ 11] literal string: BLE network characteristic configuring error
0x00007C84	0x00000018	[ 11] literal string: BLE stack generic error
0x00007C9C	0x0000000C	[ 11] literal string: BLE timeout
0x00007CA8	0x0000000C	[ 11] literal string: BLE no data
0x00007CB4	0x0000000E	[ 11] literal string: Unknown value
0x00007CC2	0x00000006	[ 12] literal string: %02x-
0x00007CC8	0x0000000F	[ 12] literal string: characteristic
0x00007CD7	0x0000002A	[ 12] literal string: T@"CBCharacteristic",&,N,V_characteristic
0x00007D01	0x00000006	[ 12] literal string: value
0x00007D07	0x00000017	[ 12] literal string: T@"NSData",&,N,V_value
0x00007D1E	0x00000010	[ 12] literal string: characteristics
0x00007D2E	0x00000022	[ 12] literal string: T@"NSArray",&,N,V_characteristics
0x00007D50	0x00000013	[ 12] literal string: notificationsArray
0x00007D63	0x0000002C	[ 12] literal string: T@"NSMutableArray",&,N,V_notificationsArray
0x00007D8F	0x00000006	[ 12] literal string: v8@?0
0x00007D95	0x0000000D	[ 12] literal string: Service : %@
0x00007DA2	0x0000001F	[ 12] literal string: CBCentralManagerStatePoweredOn
0x00007DC1	0x0000001F	[ 12] literal string: CBCentralManagerStateResetting
0x00007DE0	0x00000021	[ 12] literal string: CBCentralManagerStateUnsupported
0x00007E01	0x00000022	[ 12] literal string: CBCentralManagerStateUnauthorized
0x00007E23	0x00000020	[ 12] literal string: CBCentralManagerStatePoweredOff
0x00007E43	0x0000001D	[ 12] literal string: CBCentralManagerStateUnknown
0x00007E60	0x00000005	[ 12] literal string: hash
0x00007E65	0x00000005	[ 12] literal string: TQ,R
0x00007E6A	0x0000000B	[ 12] literal string: superclass
0x00007E75	0x00000005	[ 12] literal string: T#,R
0x00007E7A	0x0000000C	[ 12] literal string: description
0x00007E86	0x00000011	[ 12] literal string: T@"NSString",R,C
0x00007E97	0x00000011	[ 12] literal string: debugDescription
0x00007EA8	0x00000016	[ 12] literal string: discoverServicesError
0x00007EBE	0x0000001D	[ 12] literal string: Ti,N,V_discoverServicesError
0x00007EDB	0x0000001D	[ 12] literal string: discoverCharacteristicsError
0x00007EF8	0x00000024	[ 12] literal string: Ti,N,V_discoverCharacteristicsError
0x00007F1C	0x00000021	[ 12] literal string: configurationCharacteristicError
0x00007F3D	0x00000028	[ 12] literal string: Ti,N,V_configurationCharacteristicError
0x00007F65	0x00000019	[ 12] literal string: writeCharacteristicError
0x00007F7E	0x00000020	[ 12] literal string: Ti,N,V_writeCharacteristicError
0x00007F9E	0x00000011	[ 12] literal string: askDisconnection
0x00007FAF	0x00000018	[ 12] literal string: Tc,N,V_askDisconnection
0x00007FC7	0x00000016	[ 12] literal string: isDiscoveringServices
0x00007FDD	0x0000001D	[ 12] literal string: Tc,N,V_isDiscoveringServices
0x00007FFA	0x0000001D	[ 12] literal string: isDiscoveringCharacteristics
0x00008017	0x00000024	[ 12] literal string: Tc,N,V_isDiscoveringCharacteristics
0x0000803B	0x0000001D	[ 12] literal string: isConfiguringCharacteristics
0x00008058	0x00000024	[ 12] literal string: Tc,N,V_isConfiguringCharacteristics
0x0000807C	0x00000018	[ 12] literal string: isWritingCharacteristic
0x00008094	0x0000001F	[ 12] literal string: Tc,N,V_isWritingCharacteristic
0x000080B3	0x00000026	[ 12] literal string: registeredNotificationCharacteristics
0x000080D9	0x00000044	[ 12] literal string: T@"NSMutableDictionary",&,N,V_registeredNotificationCharacteristics
0x0000811D	0x0000001B	[ 12] literal string: regNotCharacteristicsMutex
0x00008138	0x00000023	[ 12] literal string: T^v,N,V_regNotCharacteristicsMutex
0x0000815B	0x00000009	[ 12] literal string: delegate
0x00008164	0x0000002B	[ 12] literal string: T@"<ARSALBLEManagerDelegate>",N,V_delegate
0x0000818F	0x00000011	[ 12] literal string: activePeripheral
0x000081A0	0x00000028	[ 12] literal string: T@"CBPeripheral",&,N,V_activePeripheral
0x000081C8	0x0000001D	[ 12] literal string: characteristicsNotifications
0x000081E5	0x00000036	[ 12] literal string: T@"NSMutableArray",&,N,V_characteristicsNotifications
0x0000821B	0x0000000E	[ 13] literal string: delegateArray
0x00008229	0x00000027	[ 13] literal string: T@"NSMutableArray",&,N,V_delegateArray
0x00008250	0x0000000F	[ 13] literal string: centralManager
0x0000825F	0x0000002A	[ 13] literal string: T@"CBCentralManager",&,N,V_centralManager
0x00008290	0x00000010	[ 10] 16-byte-literal
0x000082A0	0x00000010	[ 12] _connectToPeripheral:withCentralManager:.connectionTimeout
0x000082B0	0x0000002C	[ 12] GCC_except_table24
0x000082DC	0x00000060	[ 12] GCC_except_table25
0x0000833C	0x00000060	[ 12] GCC_except_table26
0x0000839C	0x00000098	[ 12] GCC_except_table27
0x00008434	0x0000007C	[ 12] GCC_except_table28
0x000084B0	0x00000048	[ 12] GCC_except_table29
0x000084F8	0x00000070	[ 12] GCC_except_table49
0x00008568	0x000000C0	[ 12] GCC_except_table50
0x00008628	0x0000002C	[ 13] GCC_except_table5
0x00008654	0x0000002C	[ 13] GCC_except_table6
0x00008680	0x0000002C	[ 13] GCC_except_table7
0x000086AC	0x0000002C	[ 13] GCC_except_table8
0x000086D8	0x0000002C	[ 13] GCC_except_table9
0x00008704	0x0000002C	[ 13] GCC_except_table10
0x00008730	0x0000002C	[ 13] GCC_except_table11
0x0000875C	0x0000002C	[ 13] GCC_except_table12
0x00008788	0x00000005	[ 12] literal string: data
0x0000878D	0x00000007	[ 12] literal string: length
0x00008794	0x00000006	[ 12] literal string: bytes
0x0000879A	0x00000014	[ 12] literal string: stringWithCapacity:
0x000087AE	0x0000000E	[ 12] literal string: appendFormat:
0x000087BC	0x00000015	[ 12] literal string: representativeString
0x000087D1	0x00000014	[ 12] literal string: substringWithRange:
0x000087E5	0x0000000A	[ 12] literal string: shortUUID
0x000087EF	0x00000005	[ 12] literal string: init
0x000087F4	0x00000015	[ 12] literal string: initWithValue:value:
0x00008809	0x0000000E	[ 12] literal string: .cxx_destruct
0x00008817	0x0000000F	[ 12] literal string: characteristic
0x00008826	0x00000013	[ 12] literal string: setCharacteristic:
0x00008839	0x00000006	[ 12] literal string: value
0x0000883F	0x0000000A	[ 12] literal string: setValue:
0x00008849	0x00000010	[ 12] literal string: _characteristic
0x00008859	0x00000007	[ 12] literal string: _value
0x00008860	0x00000006	[ 12] literal string: array
0x00008866	0x00000008	[ 12] literal string: dealloc
0x0000886E	0x0000000B	[ 12] literal string: addObject:
0x00008879	0x00000006	[ 12] literal string: count
0x0000887F	0x0000001A	[ 12] literal string: objectAtIndexedSubscript:
0x00008899	0x00000016	[ 12] literal string: removeObjectsInArray:
0x000088AF	0x00000011	[ 12] literal string: removeAllObjects
0x000088C0	0x0000000C	[ 12] literal string: doubleValue
0x000088CC	0x00000011	[ 12] literal string: addNotification:
0x000088DD	0x0000001E	[ 12] literal string: getAllNotifications:maxCount:
0x000088FB	0x00000012	[ 12] literal string: waitNotification:
0x0000890D	0x00000013	[ 12] literal string: signalNotification
0x00008920	0x00000012	[ 12] literal string: resetNotification
0x00008932	0x00000010	[ 12] literal string: characteristics
0x00008942	0x00000014	[ 12] literal string: setCharacteristics:
0x00008956	0x00000013	[ 12] literal string: notificationsArray
0x00008969	0x00000017	[ 12] literal string: setNotificationsArray:
0x00008980	0x00000017	[ 12] literal string: readCharacteristicsSem
0x00008997	0x00000018	[ 12] literal string: readCharacteristicMutex
0x000089AF	0x00000011	[ 12] literal string: _characteristics
0x000089C0	0x00000014	[ 12] literal string: _notificationsArray
0x000089D4	0x00000006	[ 12] literal string: alloc
0x000089DA	0x00000016	[ 12] literal string: ARSAL_BLEManager_Init
0x000089F0	0x0000000B	[ 12] literal string: dictionary
0x000089FB	0x00000011	[ 12] literal string: activePeripheral
0x00008A0C	0x00000012	[ 12] literal string: discoverServices:
0x00008A1E	0x00000016	[ 12] literal string: discoverServicesError
0x00008A34	0x00000022	[ 12] literal string: setNotifyValue:forCharacteristic:
0x00008A56	0x00000021	[ 12] literal string: configurationCharacteristicError
0x00008A77	0x00000005	[ 12] literal string: UUID
0x00008A7C	0x00000024	[ 12] literal string: discoverCharacteristics:forService:
0x00008AA0	0x0000000D	[ 12] literal string: addDelegate:
0x00008AAD	0x00000029	[ 12] literal string: disconnectPeripheral:withCentralManager:
0x00008AD6	0x00000010	[ 12] literal string: numberWithBool:
0x00008AE6	0x0000001E	[ 12] literal string: dictionaryWithObjectsAndKeys:
0x00008B04	0x0000001B	[ 12] literal string: connectPeripheral:options:
0x00008B1F	0x0000001C	[ 12] literal string: cancelPeripheralConnection:
0x00008B3B	0x0000000D	[ 12] literal string: setDelegate:
0x00008B48	0x00000010	[ 12] literal string: removeDelegate:
0x00008B58	0x00000023	[ 12] literal string: writeValue:forCharacteristic:type:
0x00008B7B	0x00000012	[ 12] literal string: setObject:forKey:
0x00008B8D	0x0000000E	[ 12] literal string: objectForKey:
0x00008B9B	0x00000014	[ 12] literal string: removeObjectForKey:
0x00008BAF	0x00000016	[ 12] literal string: isPeripheralConnected
0x00008BC5	0x0000001C	[ 12] literal string: readValueForCharacteristic:
0x00008BE1	0x00000006	[ 12] literal string: state
0x00008BE7	0x00000017	[ 12] literal string: onDisconnectPeripheral
0x00008BFE	0x00000015	[ 12] literal string: setActivePeripheral:
0x00008C13	0x00000010	[ 12] literal string: onBLEDisconnect
0x00008C23	0x00000014	[ 12] literal string: respondsToSelector:
0x00008C37	0x00000008	[ 12] literal string: allKeys
0x00008C3F	0x0000002B	[ 12] literal string: countByEnumeratingWithState:objects:count:
0x00008C6A	0x0000000F	[ 12] literal string: isEqualToData:
0x00008C79	0x00000005	[ 12] literal string: copy
0x00008C7E	0x0000000A	[ 12] literal string: allValues
0x00008C88	0x00000017	[ 12] literal string: sharedARSAL_BLEManager
0x00008C9F	0x0000001E	[ 12] literal string: centralManagerDidUpdateState:
0x00008CBD	0x00000021	[ 12] literal string: centralManager:willRestoreState:
0x00008CDE	0x00000027	[ 12] literal string: centralManager:didRetrievePeripherals:
0x00008D05	0x00000030	[ 12] literal string: centralManager:didRetrieveConnectedPeripherals:
0x00008D35	0x0000003D	[ 12] literal string: centralManager:didDiscoverPeripheral:advertisementData:RSSI:
0x00008D72	0x00000025	[ 12] literal string: centralManager:didConnectPeripheral:
0x00008D97	0x00000031	[ 12] literal string: centralManager:didFailToConnectPeripheral:error:
0x00008DC8	0x0000002E	[ 12] literal string: centralManager:didDisconnectPeripheral:error:
0x00008DF6	0x00000009	[ 12] literal string: isEqual:
0x00008DFF	0x00000006	[ 12] literal string: class
0x00008E05	0x00000005	[ 12] literal string: self
0x00008E0A	0x00000011	[ 12] literal string: performSelector:
0x00008E1B	0x0000001C	[ 12] literal string: performSelector:withObject:
0x00008E37	0x00000027	[ 12] literal string: performSelector:withObject:withObject:
0x00008E5E	0x00000008	[ 12] literal string: isProxy
0x00008E66	0x0000000F	[ 12] literal string: isKindOfClass:
0x00008E75	0x00000011	[ 12] literal string: isMemberOfClass:
0x00008E86	0x00000014	[ 12] literal string: conformsToProtocol:
0x00008E9A	0x00000007	[ 12] literal string: retain
0x00008EA1	0x00000008	[ 12] literal string: release
0x00008EA9	0x0000000C	[ 12] literal string: autorelease
0x00008EB5	0x0000000C	[ 12] literal string: retainCount
0x00008EC1	0x00000005	[ 12] literal string: zone
0x00008EC6	0x00000005	[ 12] literal string: hash
0x00008ECB	0x0000000B	[ 12] literal string: superclass
0x00008ED6	0x0000000C	[ 12] literal string: description
0x00008EE2	0x00000011	[ 12] literal string: debugDescription
0x00008EF3	0x00000019	[ 12] literal string: peripheralDidUpdateName:
0x00008F0C	0x00000021	[ 12] literal string: peripheralDidInvalidateServices:
0x00008F2D	0x0000001E	[ 12] literal string: peripheral:didModifyServices:
0x00008F4B	0x0000001F	[ 12] literal string: peripheralDidUpdateRSSI:error:
0x00008F6A	0x00000020	[ 12] literal string: peripheral:didDiscoverServices:
0x00008F8A	0x00000038	[ 12] literal string: peripheral:didDiscoverIncludedServicesForService:error:
0x00008FC2	0x00000037	[ 12] literal string: peripheral:didDiscoverCharacteristicsForService:error:
0x00008FF9	0x00000032	[ 12] literal string: peripheral:didUpdateValueForCharacteristic:error:
0x0000902B	0x00000031	[ 12] literal string: peripheral:didWriteValueForCharacteristic:error:
0x0000905C	0x0000003E	[ 12] literal string: peripheral:didUpdateNotificationStateForCharacteristic:error:
0x0000909A	0x0000003A	[ 12] literal string: peripheral:didDiscoverDescriptorsForCharacteristic:error:
0x000090D4	0x0000002E	[ 12] literal string: peripheral:didUpdateValueForDescriptor:error:
0x00009102	0x0000002D	[ 12] literal string: peripheral:didWriteValueForDescriptor:error:
0x0000912F	0x00000019	[ 12] literal string: discoverNetworkServices:
0x00009148	0x0000001F	[ 12] literal string: setNotificationCharacteristic:
0x00009167	0x0000002B	[ 12] literal string: discoverNetworkCharacteristics:forService:
0x00009192	0x00000028	[ 12] literal string: connectToPeripheral:withCentralManager:
0x000091BA	0x0000001C	[ 12] literal string: writeData:toCharacteristic:
0x000091D6	0x00000028	[ 12] literal string: writeDataWithResponse:toCharacteristic:
0x000091FE	0x0000002B	[ 12] literal string: registerNotificationCharacteristics:toKey:
0x00009229	0x00000027	[ 12] literal string: unregisterNotificationCharacteristics:
0x00009250	0x00000018	[ 12] literal string: cancelReadNotification:
0x00009268	0x00000017	[ 12] literal string: resetReadNotification:
0x0000927F	0x0000002D	[ 12] literal string: readNotificationData:maxCount:timeout:toKey:
0x000092AC	0x0000000A	[ 12] literal string: readData:
0x000092B6	0x00000007	[ 12] literal string: unlock
0x000092BD	0x00000006	[ 12] literal string: reset
0x000092C3	0x0000001A	[ 12] literal string: setDiscoverServicesError:
0x000092DD	0x0000001D	[ 12] literal string: discoverCharacteristicsError
0x000092FA	0x00000021	[ 12] literal string: setDiscoverCharacteristicsError:
0x0000931B	0x00000025	[ 12] literal string: setConfigurationCharacteristicError:
0x00009340	0x0000001D	[ 12] literal string: characteristicsNotifications
0x0000935D	0x00000021	[ 12] literal string: setCharacteristicsNotifications:
0x0000937E	0x00000019	[ 12] literal string: writeCharacteristicError
0x00009397	0x0000001D	[ 12] literal string: setWriteCharacteristicError:
0x000093B4	0x00000009	[ 12] literal string: delegate
0x000093BD	0x00000011	[ 12] literal string: askDisconnection
0x000093CE	0x00000015	[ 12] literal string: setAskDisconnection:
0x000093E3	0x00000016	[ 12] literal string: isDiscoveringServices
0x000093F9	0x0000001A	[ 12] literal string: setIsDiscoveringServices:
0x00009413	0x0000001D	[ 12] literal string: isDiscoveringCharacteristics
0x00009430	0x00000021	[ 12] literal string: setIsDiscoveringCharacteristics:
0x00009451	0x0000001D	[ 12] literal string: isConfiguringCharacteristics
0x0000946E	0x00000021	[ 12] literal string: setIsConfiguringCharacteristics:
0x0000948F	0x00000018	[ 12] literal string: isWritingCharacteristic
0x000094A7	0x0000001C	[ 12] literal string: setIsWritingCharacteristic:
0x000094C3	0x00000026	[ 12] literal string: registeredNotificationCharacteristics
0x000094E9	0x0000002A	[ 12] literal string: setRegisteredNotificationCharacteristics:
0x00009513	0x0000001B	[ 12] literal string: regNotCharacteristicsMutex
0x0000952E	0x0000001F	[ 12] literal string: setRegNotCharacteristicsMutex:
0x0000954D	0x0000000E	[ 12] literal string: connectionSem
0x0000955B	0x00000011	[ 12] literal string: disconnectionSem
0x0000956C	0x00000014	[ 12] literal string: discoverServicesSem
0x00009580	0x0000001B	[ 12] literal string: discoverCharacteristicsSem
0x0000959B	0x00000017	[ 12] literal string: writeCharacteristicSem
0x000095B2	0x00000011	[ 12] literal string: configurationSem
0x000095C3	0x00000012	[ 12] literal string: _askDisconnection
0x000095D5	0x00000017	[ 12] literal string: _isDiscoveringServices
0x000095EC	0x0000001E	[ 12] literal string: _isDiscoveringCharacteristics
0x0000960A	0x0000001E	[ 12] literal string: _isConfiguringCharacteristics
0x00009628	0x00000019	[ 12] literal string: _isWritingCharacteristic
0x00009641	0x00000017	[ 12] literal string: _discoverServicesError
0x00009658	0x0000001E	[ 12] literal string: _discoverCharacteristicsError
0x00009676	0x00000022	[ 12] literal string: _configurationCharacteristicError
0x00009698	0x0000001A	[ 12] literal string: _writeCharacteristicError
0x000096B2	0x00000012	[ 12] literal string: _activePeripheral
0x000096C4	0x0000001E	[ 12] literal string: _characteristicsNotifications
0x000096E2	0x0000000A	[ 12] literal string: _delegate
0x000096EC	0x00000027	[ 12] literal string: _registeredNotificationCharacteristics
0x00009713	0x0000001C	[ 12] literal string: _regNotCharacteristicsMutex
0x0000972F	0x00000020	[ 13] literal string: initWithDelegate:queue:options:
0x0000974F	0x00000020	[ 13] literal string: initARCBCentralManager:options:
0x0000976F	0x00000010	[ 13] literal string: containsObject:
0x0000977F	0x0000000E	[ 13] literal string: removeObject:
0x0000978D	0x00000028	[ 13] literal string: scanForPeripheralsWithServices:options:
0x000097B5	0x00000009	[ 13] literal string: stopScan
0x000097BE	0x0000002A	[ 13] literal string: retrieveConnectedPeripheralsWithServices:
0x000097E8	0x00000024	[ 13] literal string: retrievePeripheralsWithIdentifiers:
0x0000980C	0x0000000F	[ 13] literal string: initWithQueue:
0x0000981B	0x0000000E	[ 13] literal string: delegateArray
0x00009829	0x00000012	[ 13] literal string: setDelegateArray:
0x0000983B	0x0000000F	[ 13] literal string: centralManager
0x0000984A	0x00000013	[ 13] literal string: setCentralManager:
0x0000985D	0x0000000F	[ 13] literal string: _delegateArray
0x0000986C	0x00000010	[ 13] literal string: _centralManager
0x0000987C	0x00000011	[ 12] literal string: StringExtraction
0x0000988D	0x00000020	[ 12] literal string: ARSALBLEManagerNotificationData
0x000098AD	0x00000002	[ 12] literal string: 
0x000098AF	0x0000001C	[ 12] literal string: ARSALBLEManagerNotification
0x000098CB	0x00000002	[ 12] literal string: "
0x000098CD	0x00000011	[ 12] literal string: ARSAL_BLEManager
0x000098DE	0x00000019	[ 12] literal string: CBCentralManagerDelegate
0x000098F7	0x00000009	[ 12] literal string: NSObject
0x00009900	0x00000015	[ 12] literal string: CBPeripheralDelegate
0x00009915	0x00000003	[ 12] literal string: ’
0x00009918	0x00000015	[ 13] literal string: ARSAL_CentralManager
0x0000992D	0x00000008	[ 12] literal string: @16@0:8
0x00009935	0x0000000E	[ 12] literal string: @32@0:8@16@24
0x00009943	0x00000008	[ 12] literal string: v16@0:8
0x0000994B	0x0000000B	[ 12] literal string: v24@0:8@16
0x00009956	0x00000014	[ 12] literal string: @"CBCharacteristic"
0x0000996A	0x0000000A	[ 12] literal string: @"NSData"
0x00009974	0x0000000E	[ 12] literal string: i28@0:8@16i24
0x00009982	0x0000000B	[ 12] literal string: i24@0:8@16
0x0000998D	0x00000008	[ 12] literal string: c16@0:8
0x00009995	0x00000003	[ 12] literal string: ^v
0x00009998	0x0000000B	[ 12] literal string: @"NSArray"
0x000099A3	0x00000012	[ 12] literal string: @"NSMutableArray"
0x000099B5	0x0000001D	[ 12] literal string: v24@0:8@"CBCentralManager"16
0x000099D2	0x0000000E	[ 12] literal string: v32@0:8@16@24
0x000099E0	0x0000002E	[ 12] literal string: v32@0:8@"CBCentralManager"16@"NSDictionary"24
0x00009A0E	0x00000029	[ 12] literal string: v32@0:8@"CBCentralManager"16@"NSArray"24
0x00009A37	0x00000014	[ 12] literal string: v48@0:8@16@24@32@40
0x00009A4B	0x0000004C	[ 12] literal string: v48@0:8@"CBCentralManager"16@"CBPeripheral"24@"NSDictionary"32@"NSNumber"40
0x00009A97	0x0000002E	[ 12] literal string: v32@0:8@"CBCentralManager"16@"CBPeripheral"24
0x00009AC5	0x00000011	[ 12] literal string: v40@0:8@16@24@32
0x00009AD6	0x0000003A	[ 12] literal string: v40@0:8@"CBCentralManager"16@"CBPeripheral"24@"NSError"32
0x00009B10	0x0000000B	[ 12] literal string: c24@0:8@16
0x00009B1B	0x00000008	[ 12] literal string: #16@0:8
0x00009B23	0x0000000B	[ 12] literal string: @24@0:8:16
0x00009B2E	0x0000000E	[ 12] literal string: @32@0:8:16@24
0x00009B3C	0x00000011	[ 12] literal string: @40@0:8:16@24@32
0x00009B4D	0x0000000B	[ 12] literal string: c24@0:8#16
0x00009B58	0x00000015	[ 12] literal string: c24@0:8@"Protocol"16
0x00009B6D	0x0000000B	[ 12] literal string: c24@0:8:16
0x00009B78	0x00000009	[ 12] literal string: Vv16@0:8
0x00009B81	0x00000008	[ 12] literal string: Q16@0:8
0x00009B89	0x00000012	[ 12] literal string: ^{_NSZone=}16@0:8
0x00009B9B	0x00000012	[ 12] literal string: @"NSString"16@0:8
0x00009BAD	0x00000019	[ 12] literal string: v24@0:8@"CBPeripheral"16
0x00009BC6	0x00000025	[ 12] literal string: v32@0:8@"CBPeripheral"16@"NSArray"24
0x00009BEB	0x00000025	[ 12] literal string: v32@0:8@"CBPeripheral"16@"NSError"24
0x00009C10	0x00000033	[ 12] literal string: v40@0:8@"CBPeripheral"16@"CBService"24@"NSError"32
0x00009C43	0x0000003A	[ 12] literal string: v40@0:8@"CBPeripheral"16@"CBCharacteristic"24@"NSError"32
0x00009C7D	0x00000036	[ 12] literal string: v40@0:8@"CBPeripheral"16@"CBDescriptor"24@"NSError"32
0x00009CB3	0x0000000E	[ 12] literal string: i32@0:8@16@24
0x00009CC1	0x0000000E	[ 12] literal string: c32@0:8@16@24
0x00009CCF	0x00000014	[ 12] literal string: i44@0:8@16i24@28@36
0x00009CE3	0x00000008	[ 12] literal string: i16@0:8
0x00009CEB	0x0000000B	[ 12] literal string: v20@0:8i16
0x00009CF6	0x0000000B	[ 12] literal string: v20@0:8c16
0x00009D01	0x00000009	[ 12] literal string: ^v16@0:8
0x00009D0A	0x0000000C	[ 12] literal string: v24@0:8^v16
0x00009D16	0x00000002	[ 12] literal string: c
0x00009D18	0x00000002	[ 12] literal string: i
0x00009D1A	0x00000010	[ 12] literal string: @"CBPeripheral"
0x00009D2A	0x0000001D	[ 12] literal string: @"<ARSALBLEManagerDelegate>"
0x00009D47	0x00000017	[ 12] literal string: @"NSMutableDictionary"
0x00009D5E	0x0000000B	[ 13] literal string: @24@0:8@16
0x00009D69	0x00000011	[ 13] literal string: @40@0:8@16@24@32
0x00009D7A	0x00000014	[ 13] literal string: @"CBCentralManager"
0x00009D90	0x00000264	[  0] compact unwind info
0x0000A000	0x00000008	[  0] non-lazy-pointer-to-local: dyld_stub_binder
0x0000A008	0x00000008	[  0] non-lazy-pointer
0x0000A010	0x00000008	[  0] non-lazy-pointer-to-local: _CBConnectPeripheralOptionNotifyOnDisconnectionKey
0x0000A018	0x00000008	[  0] non-lazy-pointer-to-local: ___objc_personality_v0
0x0000A020	0x00000008	[  0] non-lazy-pointer-to-local: ___stack_chk_guard
0x0000A028	0x00000008	[  0] non-lazy-pointer-to-local: ___stderrp
0x0000A030	0x00000008	[  0] non-lazy-pointer-to-local: _objc_msgSend
0x0000A038	0x00000008	[  0] non-lazy-pointer-to-local: _objc_release
0x0000A040	0x00000008	[  0] non-lazy-pointer-to-local: _objc_retain
0x0000A048	0x00000008	[ 14] _NSLog
0x0000A050	0x00000008	[ 15] __Unwind_Resume
0x0000A058	0x00000008	[ 15] ___bzero
0x0000A060	0x00000008	[ 15] ___error
0x0000A068	0x00000008	[ 15] ___snprintf_chk
0x0000A070	0x00000008	[ 15] ___sprintf_chk
0x0000A078	0x00000008	[ 15] ___stack_chk_fail
0x0000A080	0x00000008	[ 15] ___vsnprintf_chk
0x0000A088	0x00000008	[ 15] _accept
0x0000A090	0x00000008	[ 15] _bind
0x0000A098	0x00000008	[ 15] _calloc
0x0000A0A0	0x00000008	[ 15] _close
0x0000A0A8	0x00000008	[ 15] _connect
0x0000A0B0	0x00000008	[ 15] _dispatch_once
0x0000A0B8	0x00000008	[ 15] _fclose
0x0000A0C0	0x00000008	[ 15] _flockfile
0x0000A0C8	0x00000008	[ 15] _fopen
0x0000A0D0	0x00000008	[ 15] _fprintf
0x0000A0D8	0x00000008	[ 15] _fread
0x0000A0E0	0x00000008	[ 15] _free
0x0000A0E8	0x00000008	[ 15] _ftw$INODE64
0x0000A0F0	0x00000008	[ 15] _funlockfile
0x0000A0F8	0x00000008	[ 15] _fwrite
0x0000A100	0x00000008	[ 15] _getsockname
0x0000A108	0x00000008	[ 15] _getsockopt
0x0000A110	0x00000008	[ 15] _gettimeofday
0x0000A118	0x00000008	[ 15] _listen
0x0000A120	0x00000008	[ 15] _localtime_r
0x0000A128	0x00000008	[ 15] _malloc
0x0000A130	0x00000008	[ 15] _memcpy
0x0000A138	0x00000008	[ 15] _nftw$INODE64
0x0000A140	0x00000008	[ 16] _objc_autoreleaseReturnValue
0x0000A148	0x00000008	[ 16] _objc_enumerationMutation
0x0000A150	0x00000008	[ 16] _objc_msgSendSuper2
0x0000A158	0x00000008	[ 16] _objc_retainAutorelease
0x0000A160	0x00000008	[ 16] _objc_retainAutoreleaseReturnValue
0x0000A168	0x00000008	[ 16] _objc_retainAutoreleasedReturnValue
0x0000A170	0x00000008	[ 16] _objc_storeStrong
0x0000A178	0x00000008	[ 16] _objc_sync_enter
0x0000A180	0x00000008	[ 16] _objc_sync_exit
0x0000A188	0x00000008	[ 15] _printf
0x0000A190	0x00000008	[ 15] _pthread_cond_broadcast
0x0000A198	0x00000008	[ 15] _pthread_cond_destroy
0x0000A1A0	0x00000008	[ 15] _pthread_cond_init
0x0000A1A8	0x00000008	[ 15] _pthread_cond_signal
0x0000A1B0	0x00000008	[ 15] _pthread_cond_timedwait
0x0000A1B8	0x00000008	[ 15] _pthread_cond_wait
0x0000A1C0	0x00000008	[ 15] _pthread_create
0x0000A1C8	0x00000008	[ 15] _pthread_join
0x0000A1D0	0x00000008	[ 15] _pthread_mutex_destroy
0x0000A1D8	0x00000008	[ 15] _pthread_mutex_init
0x0000A1E0	0x00000008	[ 15] _pthread_mutex_lock
0x0000A1E8	0x00000008	[ 15] _pthread_mutex_trylock
0x0000A1F0	0x00000008	[ 15] _pthread_mutex_unlock
0x0000A1F8	0x00000008	[ 15] _readv
0x0000A200	0x00000008	[ 15] _recv
0x0000A208	0x00000008	[ 15] _recvfrom
0x0000A210	0x00000008	[ 15] _rename
0x0000A218	0x00000008	[ 15] _send
0x0000A220	0x00000008	[ 15] _sendto
0x0000A228	0x00000008	[ 15] _setsockopt
0x0000A230	0x00000008	[ 15] _socket
0x0000A238	0x00000008	[ 15] _strcmp
0x0000A240	0x00000008	[ 15] _strerror
0x0000A248	0x00000008	[ 15] _strftime
0x0000A250	0x00000008	[ 15] _syscall
0x0000A258	0x00000008	[ 15] _vfprintf
0x0000A260	0x00000008	[ 15] _vprintf
0x0000A268	0x00000008	[ 15] _writev
0x0000A270	0x00000030	[  5] _cARSAL_Print_prefixTable
0x0000A2A0	0x00000020	[ 12] ___block_descriptor_tmp
0x0000A2C0	0x00000020	[ 12] ___block_literal_global
0x0000A2E0	0x00000020	[ 12] CFString
0x0000A300	0x00000020	[ 12] CFString
0x0000A320	0x00000020	[ 12] CFString
0x0000A340	0x00000020	[ 12] CFString
0x0000A360	0x00000020	[ 12] CFString
0x0000A380	0x00000020	[ 12] CFString
0x0000A3A0	0x00000020	[ 12] CFString
0x0000A3C0	0x00000020	[ 12] CFString
0x0000A3E0	0x00000020	[ 12] CFString
0x0000A400	0x00000018	[ 12] anon
0x0000A418	0x00000008	[ 13] anon
0x0000A420	0x00000008	[ 12] objc-cat-list
0x0000A428	0x00000008	[ 12] l_OBJC_LABEL_PROTOCOL_$_NSObject
0x0000A430	0x00000008	[ 12] l_OBJC_LABEL_PROTOCOL_$_CBCentralManagerDelegate
0x0000A438	0x00000008	[ 12] l_OBJC_LABEL_PROTOCOL_$_CBPeripheralDelegate
0x0000A440	0x00000008	[  0] objc image info
0x0000A448	0x00000038	[ 12] l_OBJC_$_CATEGORY_INSTANCE_METHODS_CBUUID_$_StringExtraction
0x0000A480	0x00000040	[ 12] l_OBJC_$_CATEGORY_CBUUID_$_StringExtraction
0x0000A4C0	0x00000048	[ 12] l_OBJC_METACLASS_RO_$_ARSALBLEManagerNotificationData
0x0000A508	0x00000098	[ 12] l_OBJC_$_INSTANCE_METHODS_ARSALBLEManagerNotificationData
0x0000A5A0	0x00000048	[ 12] l_OBJC_$_INSTANCE_VARIABLES_ARSALBLEManagerNotificationData
0x0000A5E8	0x00000028	[ 12] l_OBJC_$_PROP_LIST_ARSALBLEManagerNotificationData
0x0000A610	0x00000048	[ 12] l_OBJC_CLASS_RO_$_ARSALBLEManagerNotificationData
0x0000A658	0x00000048	[ 12] l_OBJC_METACLASS_RO_$_ARSALBLEManagerNotification
0x0000A6A0	0x00000128	[ 12] l_OBJC_$_INSTANCE_METHODS_ARSALBLEManagerNotification
0x0000A7C8	0x00000088	[ 12] l_OBJC_$_INSTANCE_VARIABLES_ARSALBLEManagerNotification
0x0000A850	0x00000028	[ 12] l_OBJC_$_PROP_LIST_ARSALBLEManagerNotification
0x0000A878	0x00000048	[ 12] l_OBJC_CLASS_RO_$_ARSALBLEManagerNotification
0x0000A8C0	0x00000020	[ 12] l_OBJC_$_CLASS_METHODS_ARSAL_BLEManager
0x0000A8E0	0x000001D0	[ 12] l_OBJC_$_PROTOCOL_INSTANCE_METHODS_NSObject
0x0000AAB0	0x00000020	[ 12] l_OBJC_$_PROTOCOL_INSTANCE_METHODS_OPT_NSObject
0x0000AAD0	0x00000048	[ 12] l_OBJC_$_PROP_LIST_NSObject
0x0000AB18	0x000000A0	[ 12] l_OBJC_$_PROTOCOL_METHOD_TYPES_NSObject
0x0000ABB8	0x00000018	[ 12] l_OBJC_$_PROTOCOL_REFS_CBCentralManagerDelegate
0x0000ABD0	0x00000020	[ 12] l_OBJC_$_PROTOCOL_INSTANCE_METHODS_CBCentralManagerDelegate
0x0000ABF0	0x000000B0	[ 12] l_OBJC_$_PROTOCOL_INSTANCE_METHODS_OPT_CBCentralManagerDelegate
0x0000ACA0	0x00000040	[ 12] l_OBJC_$_PROTOCOL_METHOD_TYPES_CBCentralManagerDelegate
0x0000ACE0	0x00000018	[ 12] l_OBJC_$_PROTOCOL_REFS_CBPeripheralDelegate
0x0000ACF8	0x00000140	[ 12] l_OBJC_$_PROTOCOL_INSTANCE_METHODS_OPT_CBPeripheralDelegate
0x0000AE38	0x00000068	[ 12] l_OBJC_$_PROTOCOL_METHOD_TYPES_CBPeripheralDelegate
0x0000AEA0	0x00000020	[ 12] l_OBJC_CLASS_PROTOCOLS_$_ARSAL_BLEManager
0x0000AEC0	0x00000048	[ 12] l_OBJC_METACLASS_RO_$_ARSAL_BLEManager
0x0000AF08	0x00000578	[ 12] l_OBJC_$_INSTANCE_METHODS_ARSAL_BLEManager
0x0000B480	0x00000288	[ 12] l_OBJC_$_INSTANCE_VARIABLES_ARSAL_BLEManager
0x0000B708	0x00000128	[ 12] l_OBJC_$_PROP_LIST_ARSAL_BLEManager
0x0000B830	0x00000048	[ 12] l_OBJC_CLASS_RO_$_ARSAL_BLEManager
0x0000B878	0x00000018	[ 13] l_OBJC_CLASS_PROTOCOLS_$_ARSAL_CentralManager
0x0000B890	0x00000048	[ 13] l_OBJC_METACLASS_RO_$_ARSAL_CentralManager
0x0000B8D8	0x00000248	[ 13] l_OBJC_$_INSTANCE_METHODS_ARSAL_CentralManager
0x0000BB20	0x00000048	[ 13] l_OBJC_$_INSTANCE_VARIABLES_ARSAL_CentralManager
0x0000BB68	0x00000068	[ 13] l_OBJC_$_PROP_LIST_ARSAL_CentralManager
0x0000BBD0	0x00000048	[ 13] l_OBJC_CLASS_RO_$_ARSAL_CentralManager
0x0000BC18	0x00000008	[ 12] pointer-to-literal-cstring
0x0000BC20	0x00000008	[ 12] pointer-to-literal-cstring
0x0000BC28	0x00000008	[ 12] pointer-to-literal-cstring
0x0000BC30	0x00000008	[ 12] pointer-to-literal-cstring
0x0000BC38	0x00000008	[ 12] pointer-to-literal-cstring
0x0000BC40	0x00000008	[ 12] pointer-to-literal-cstring
0x0000BC48	0x00000008	[ 12] pointer-to-literal-cstring
0x0000BC50	0x00000008	[ 12] pointer-to-literal-cstring
0x0000BC58	0x00000008	[ 12] pointer-to-literal-cstring
0x0000BC60	0x00000008	[ 12] pointer-to-literal-cstring
0x0000BC68	0x00000008	[ 12] pointer-to-literal-cstring
0x0000BC70	0x00000008	[ 12] pointer-to-literal-cstring
0x0000BC78	0x00000008	[ 12] pointer-to-literal-cstring
0x0000BC80	0x00000008	[ 12] pointer-to-literal-cstring
0x0000BC88	0x00000008	[ 12] pointer-to-literal-cstring
0x0000BC90	0x00000008	[ 12] pointer-to-literal-cstring
0x0000BC98	0x00000008	[ 12] pointer-to-literal-cstring
0x0000BCA0	0x00000008	[ 12] pointer-to-literal-cstring
0x0000BCA8	0x00000008	[ 12] pointer-to-literal-cstring
0x0000BCB0	0x00000008	[ 12] pointer-to-literal-cstring
0x0000BCB8	0x00000008	[ 12] pointer-to-literal-cstring
0x0000BCC0	0x00000008	[ 12] pointer-to-literal-cstring
0x0000BCC8	0x00000008	[ 12] pointer-to-literal-cstring
0x0000BCD0	0x00000008	[ 12] pointer-to-literal-cstring
0x0000BCD8	0x00000008	[ 12] pointer-to-literal-cstring
0x0000BCE0	0x00000008	[ 12] pointer-to-literal-cstring
0x0000BCE8	0x00000008	[ 12] pointer-to-literal-cstring
0x0000BCF0	0x00000008	[ 12] pointer-to-literal-cstring
0x0000BCF8	0x00000008	[ 12] pointer-to-literal-cstring
0x0000BD00	0x00000008	[ 12] pointer-to-literal-cstring
0x0000BD08	0x00000008	[ 12] pointer-to-literal-cstring
0x0000BD10	0x00000008	[ 12] pointer-to-literal-cstring
0x0000BD18	0x00000008	[ 12] pointer-to-literal-cstring
0x0000BD20	0x00000008	[ 12] pointer-to-literal-cstring
0x0000BD28	0x00000008	[ 12] pointer-to-literal-cstring
0x0000BD30	0x00000008	[ 12] pointer-to-literal-cstring
0x0000BD38	0x00000008	[ 12] pointer-to-literal-cstring
0x0000BD40	0x00000008	[ 12] pointer-to-literal-cstring
0x0000BD48	0x00000008	[ 12] pointer-to-literal-cstring
0x0000BD50	0x00000008	[ 12] pointer-to-literal-cstring
0x0000BD58	0x00000008	[ 12] pointer-to-literal-cstring
0x0000BD60	0x00000008	[ 12] pointer-to-literal-cstring
0x0000BD68	0x00000008	[ 12] pointer-to-literal-cstring
0x0000BD70	0x00000008	[ 12] pointer-to-literal-cstring
0x0000BD78	0x00000008	[ 12] pointer-to-literal-cstring
0x0000BD80	0x00000008	[ 12] pointer-to-literal-cstring
0x0000BD88	0x00000008	[ 12] pointer-to-literal-cstring
0x0000BD90	0x00000008	[ 12] pointer-to-literal-cstring
0x0000BD98	0x00000008	[ 12] pointer-to-literal-cstring
0x0000BDA0	0x00000008	[ 12] pointer-to-literal-cstring
0x0000BDA8	0x00000008	[ 12] pointer-to-literal-cstring
0x0000BDB0	0x00000008	[ 12] pointer-to-literal-cstring
0x0000BDB8	0x00000008	[ 12] pointer-to-literal-cstring
0x0000BDC0	0x00000008	[ 12] pointer-to-literal-cstring
0x0000BDC8	0x00000008	[ 12] pointer-to-literal-cstring
0x0000BDD0	0x00000008	[ 12] pointer-to-literal-cstring
0x0000BDD8	0x00000008	[ 12] pointer-to-literal-cstring
0x0000BDE0	0x00000008	[ 12] pointer-to-literal-cstring
0x0000BDE8	0x00000008	[ 12] pointer-to-literal-cstring
0x0000BDF0	0x00000008	[ 12] pointer-to-literal-cstring
0x0000BDF8	0x00000008	[ 13] pointer-to-literal-cstring
0x0000BE00	0x00000008	[ 13] pointer-to-literal-cstring
0x0000BE08	0x00000008	[ 13] pointer-to-literal-cstring
0x0000BE10	0x00000008	[ 13] pointer-to-literal-cstring
0x0000BE18	0x00000008	[ 13] pointer-to-literal-cstring
0x0000BE20	0x00000008	[ 13] pointer-to-literal-cstring
0x0000BE28	0x00000008	[ 13] pointer-to-literal-cstring
0x0000BE30	0x00000008	[ 13] pointer-to-literal-cstring
0x0000BE38	0x00000008	[ 13] pointer-to-literal-cstring
0x0000BE40	0x00000008	[ 13] pointer-to-literal-cstring
0x0000BE48	0x00000008	[ 13] pointer-to-literal-cstring
0x0000BE50	0x00000008	[ 13] pointer-to-literal-cstring
0x0000BE58	0x00000008	[ 13] pointer-to-literal-cstring
0x0000BE60	0x00000008	[ 13] pointer-to-literal-cstring
0x0000BE68	0x00000008	[ 12] objc-class-ref
0x0000BE70	0x00000008	[ 12] objc-class-ref
0x0000BE78	0x00000008	[ 12] objc-class-ref
0x0000BE80	0x00000008	[ 12] objc-class-ref
0x0000BE88	0x00000008	[ 12] objc-class-ref
0x0000BE90	0x00000008	[ 12] objc-class-ref
0x0000BE98	0x00000008	[ 12] objc-class-ref
0x0000BEA0	0x00000008	[ 12] objc-class-ref
0x0000BEA8	0x00000008	[ 13] objc-class-ref
0x0000BEB0	0x00000018	[ 12] anon
0x0000BEC8	0x00000008	[ 13] anon
0x0000BED0	0x00000008	[ 12] _OBJC_IVAR_$_ARSALBLEManagerNotificationData._characteristic
0x0000BED8	0x00000008	[ 12] _OBJC_IVAR_$_ARSALBLEManagerNotificationData._value
0x0000BEE0	0x00000008	[ 12] _OBJC_IVAR_$_ARSALBLEManagerNotification.readCharacteristicsSem
0x0000BEE8	0x00000008	[ 12] _OBJC_IVAR_$_ARSALBLEManagerNotification.readCharacteristicMutex
0x0000BEF0	0x00000008	[ 12] _OBJC_IVAR_$_ARSALBLEManagerNotification._characteristics
0x0000BEF8	0x00000008	[ 12] _OBJC_IVAR_$_ARSALBLEManagerNotification._notificationsArray
0x0000BF00	0x00000008	[ 12] _OBJC_IVAR_$_ARSAL_BLEManager._activePeripheral
0x0000BF08	0x00000008	[ 12] _OBJC_IVAR_$_ARSAL_BLEManager._discoverServicesError
0x0000BF10	0x00000008	[ 12] _OBJC_IVAR_$_ARSAL_BLEManager._discoverCharacteristicsError
0x0000BF18	0x00000008	[ 12] _OBJC_IVAR_$_ARSAL_BLEManager._characteristicsNotifications
0x0000BF20	0x00000008	[ 12] _OBJC_IVAR_$_ARSAL_BLEManager._askDisconnection
0x0000BF28	0x00000008	[ 12] _OBJC_IVAR_$_ARSAL_BLEManager._isDiscoveringServices
0x0000BF30	0x00000008	[ 12] _OBJC_IVAR_$_ARSAL_BLEManager._isDiscoveringCharacteristics
0x0000BF38	0x00000008	[ 12] _OBJC_IVAR_$_ARSAL_BLEManager._isConfiguringCharacteristics
0x0000BF40	0x00000008	[ 12] _OBJC_IVAR_$_ARSAL_BLEManager._isWritingCharacteristic
0x0000BF48	0x00000008	[ 12] _OBJC_IVAR_$_ARSAL_BLEManager._registeredNotificationCharacteristics
0x0000BF50	0x00000008	[ 12] _OBJC_IVAR_$_ARSAL_BLEManager.connectionSem
0x0000BF58	0x00000008	[ 12] _OBJC_IVAR_$_ARSAL_BLEManager.disconnectionSem
0x0000BF60	0x00000008	[ 12] _OBJC_IVAR_$_ARSAL_BLEManager.discoverServicesSem
0x0000BF68	0x00000008	[ 12] _OBJC_IVAR_$_ARSAL_BLEManager.discoverCharacteristicsSem
0x0000BF70	0x00000008	[ 12] _OBJC_IVAR_$_ARSAL_BLEManager.configurationSem
0x0000BF78	0x00000008	[ 12] _OBJC_IVAR_$_ARSAL_BLEManager.writeCharacteristicSem
0x0000BF80	0x00000008	[ 12] _OBJC_IVAR_$_ARSAL_BLEManager._regNotCharacteristicsMutex
0x0000BF88	0x00000008	[ 12] _OBJC_IVAR_$_ARSAL_BLEManager._configurationCharacteristicError
0x0000BF90	0x00000008	[ 12] _OBJC_IVAR_$_ARSAL_BLEManager._writeCharacteristicError
0x0000BF98	0x00000008	[ 12] _OBJC_IVAR_$_ARSAL_BLEManager._delegate
0x0000BFA0	0x00000008	[ 13] _OBJC_IVAR_$_ARSAL_CentralManager._delegateArray
0x0000BFA8	0x00000008	[ 13] _OBJC_IVAR_$_ARSAL_CentralManager._centralManager
0x0000BFB0	0x00000028	[ 12] _OBJC_CLASS_$_ARSALBLEManagerNotificationData
0x0000BFD8	0x00000028	[ 12] _OBJC_METACLASS_$_ARSALBLEManagerNotificationData
0x0000C000	0x00000028	[ 12] _OBJC_CLASS_$_ARSALBLEManagerNotification
0x0000C028	0x00000028	[ 12] _OBJC_METACLASS_$_ARSALBLEManagerNotification
0x0000C050	0x00000028	[ 12] _OBJC_CLASS_$_ARSAL_BLEManager
0x0000C078	0x00000028	[ 12] _OBJC_METACLASS_$_ARSAL_BLEManager
0x0000C0A0	0x00000028	[ 13] _OBJC_CLASS_$_ARSAL_CentralManager
0x0000C0C8	0x00000028	[ 13] _OBJC_METACLASS_$_ARSAL_CentralManager
0x0000C0F0	0x00000004	[  5] _minLevel
0x0000C0F8	0x00000060	[ 12] l_OBJC_PROTOCOL_$_NSObject
0x0000C158	0x00000060	[ 12] l_OBJC_PROTOCOL_$_CBCentralManagerDelegate
0x0000C1B8	0x00000060	[ 12] l_OBJC_PROTOCOL_$_CBPeripheralDelegate
0x0000C218	0x00000008	[  5] _ARSAL_Print_Callback
0x0000C220	0x00000008	[ 12] _sharedARSAL_BLEManager.sharedARSAL_BLEManager
0x0000C228	0x00000008	[ 12] _sharedARSAL_BLEManager.onceToken

# Dead Stripped Symbols:
#        	Size    	File  Name
<<dead>> 	0x00000018	[  1] CIE
<<dead>> 	0x00000018	[  2] CIE
<<dead>> 	0x00000004	[  3] literal string: Md5
<<dead>> 	0x00000003	[  3] literal string: %s
<<dead>> 	0x00000001	[  3] literal string: 
<<dead>> 	0x00000018	[  3] CIE
<<dead>> 	0x00000018	[  4] CIE
<<dead>> 	0x00000001	[  5] literal string: 
<<dead>> 	0x00000003	[  5] literal string: %s
<<dead>> 	0x00000018	[  5] CIE
<<dead>> 	0x00000018	[  6] CIE
<<dead>> 	0x00000018	[  7] CIE
<<dead>> 	0x00000018	[  8] CIE
<<dead>> 	0x00000018	[  9] CIE
<<dead>> 	0x00000018	[ 10] CIE
<<dead>> 	0x00000018	[ 11] CIE
<<dead>> 	0x00000005	[ 12] literal string: %02x
<<dead>> 	0x00000018	[ 12] CIE
<<dead>> 	0x00000020	[ 12] CIE
<<dead>> 	0x00000006	[ 13] literal string: array
<<dead>> 	0x00000006	[ 13] literal string: alloc
<<dead>> 	0x00000005	[ 13] literal string: init
<<dead>> 	0x0000000D	[ 13] literal string: setDelegate:
<<dead>> 	0x00000008	[ 13] literal string: dealloc
<<dead>> 	0x0000000B	[ 13] literal string: addObject:
<<dead>> 	0x00000005	[ 13] literal string: copy
<<dead>> 	0x0000002B	[ 13] literal string: countByEnumeratingWithState:objects:count:
<<dead>> 	0x0000001E	[ 13] literal string: centralManagerDidUpdateState:
<<dead>> 	0x00000021	[ 13] literal string: centralManager:willRestoreState:
<<dead>> 	0x00000014	[ 13] literal string: respondsToSelector:
<<dead>> 	0x0000003D	[ 13] literal string: centralManager:didDiscoverPeripheral:advertisementData:RSSI:
<<dead>> 	0x00000025	[ 13] literal string: centralManager:didConnectPeripheral:
<<dead>> 	0x00000031	[ 13] literal string: centralManager:didFailToConnectPeripheral:error:
<<dead>> 	0x0000002E	[ 13] literal string: centralManager:didDisconnectPeripheral:error:
<<dead>> 	0x0000001B	[ 13] literal string: connectPeripheral:options:
<<dead>> 	0x0000001C	[ 13] literal string: cancelPeripheralConnection:
<<dead>> 	0x00000027	[ 13] literal string: centralManager:didRetrievePeripherals:
<<dead>> 	0x00000030	[ 13] literal string: centralManager:didRetrieveConnectedPeripherals:
<<dead>> 	0x00000009	[ 13] literal string: isEqual:
<<dead>> 	0x00000006	[ 13] literal string: class
<<dead>> 	0x00000005	[ 13] literal string: self
<<dead>> 	0x00000011	[ 13] literal string: performSelector:
<<dead>> 	0x0000001C	[ 13] literal string: performSelector:withObject:
<<dead>> 	0x00000027	[ 13] literal string: performSelector:withObject:withObject:
<<dead>> 	0x00000008	[ 13] literal string: isProxy
<<dead>> 	0x0000000F	[ 13] literal string: isKindOfClass:
<<dead>> 	0x00000011	[ 13] literal string: isMemberOfClass:
<<dead>> 	0x00000014	[ 13] literal string: conformsToProtocol:
<<dead>> 	0x00000007	[ 13] literal string: retain
<<dead>> 	0x00000008	[ 13] literal string: release
<<dead>> 	0x0000000C	[ 13] literal string: autorelease
<<dead>> 	0x0000000C	[ 13] literal string: retainCount
<<dead>> 	0x00000005	[ 13] literal string: zone
<<dead>> 	0x00000005	[ 13] literal string: hash
<<dead>> 	0x0000000B	[ 13] literal string: superclass
<<dead>> 	0x0000000C	[ 13] literal string: description
<<dead>> 	0x00000011	[ 13] literal string: debugDescription
<<dead>> 	0x0000000D	[ 13] literal string: addDelegate:
<<dead>> 	0x00000010	[ 13] literal string: removeDelegate:
<<dead>> 	0x0000000E	[ 13] literal string: .cxx_destruct
<<dead>> 	0x00000019	[ 13] literal string: CBCentralManagerDelegate
<<dead>> 	0x00000009	[ 13] literal string: NSObject
<<dead>> 	0x00000002	[ 13] literal string: 
<<dead>> 	0x0000000B	[ 13] literal string: v24@0:8@16
<<dead>> 	0x0000001D	[ 13] literal string: v24@0:8@"CBCentralManager"16
<<dead>> 	0x0000000E	[ 13] literal string: v32@0:8@16@24
<<dead>> 	0x0000002E	[ 13] literal string: v32@0:8@"CBCentralManager"16@"NSDictionary"24
<<dead>> 	0x00000029	[ 13] literal string: v32@0:8@"CBCentralManager"16@"NSArray"24
<<dead>> 	0x00000014	[ 13] literal string: v48@0:8@16@24@32@40
<<dead>> 	0x0000004C	[ 13] literal string: v48@0:8@"CBCentralManager"16@"CBPeripheral"24@"NSDictionary"32@"NSNumber"40
<<dead>> 	0x0000002E	[ 13] literal string: v32@0:8@"CBCentralManager"16@"CBPeripheral"24
<<dead>> 	0x00000011	[ 13] literal string: v40@0:8@16@24@32
<<dead>> 	0x0000003A	[ 13] literal string: v40@0:8@"CBCentralManager"16@"CBPeripheral"24@"NSError"32
<<dead>> 	0x0000000B	[ 13] literal string: c24@0:8@16
<<dead>> 	0x00000008	[ 13] literal string: #16@0:8
<<dead>> 	0x00000008	[ 13] literal string: @16@0:8
<<dead>> 	0x0000000B	[ 13] literal string: @24@0:8:16
<<dead>> 	0x0000000E	[ 13] literal string: @32@0:8:16@24
<<dead>> 	0x00000011	[ 13] literal string: @40@0:8:16@24@32
<<dead>> 	0x00000008	[ 13] literal string: c16@0:8
<<dead>> 	0x0000000B	[ 13] literal string: c24@0:8#16
<<dead>> 	0x00000015	[ 13] literal string: c24@0:8@"Protocol"16
<<dead>> 	0x0000000B	[ 13] literal string: c24@0:8:16
<<dead>> 	0x00000009	[ 13] literal string: Vv16@0:8
<<dead>> 	0x00000008	[ 13] literal string: Q16@0:8
<<dead>> 	0x00000012	[ 13] literal string: ^{_NSZone=}16@0:8
<<dead>> 	0x00000012	[ 13] literal string: @"NSString"16@0:8
<<dead>> 	0x00000008	[ 13] literal string: v16@0:8
<<dead>> 	0x00000012	[ 13] literal string: @"NSMutableArray"
<<dead>> 	0x000001D0	[ 13] l_OBJC_$_PROTOCOL_INSTANCE_METHODS_NSObject
<<dead>> 	0x00000020	[ 13] l_OBJC_$_PROTOCOL_INSTANCE_METHODS_OPT_NSObject
<<dead>> 	0x00000048	[ 13] l_OBJC_$_PROP_LIST_NSObject
<<dead>> 	0x000000A0	[ 13] l_OBJC_$_PROTOCOL_METHOD_TYPES_NSObject
<<dead>> 	0x00000018	[ 13] l_OBJC_$_PROTOCOL_REFS_CBCentralManagerDelegate
<<dead>> 	0x00000020	[ 13] l_OBJC_$_PROTOCOL_INSTANCE_METHODS_CBCentralManagerDelegate
<<dead>> 	0x000000B0	[ 13] l_OBJC_$_PROTOCOL_INSTANCE_METHODS_OPT_CBCentralManagerDelegate
<<dead>> 	0x00000040	[ 13] l_OBJC_$_PROTOCOL_METHOD_TYPES_CBCentralManagerDelegate
<<dead>> 	0x00000005	[ 13] literal string: hash
<<dead>> 	0x00000005	[ 13] literal string: TQ,R
<<dead>> 	0x0000000B	[ 13] literal string: superclass
<<dead>> 	0x00000005	[ 13] literal string: T#,R
<<dead>> 	0x0000000C	[ 13] literal string: description
<<dead>> 	0x00000011	[ 13] literal string: T@"NSString",R,C
<<dead>> 	0x00000011	[ 13] literal string: debugDescription
<<dead>> 	0x00000060	[ 13] l_OBJC_PROTOCOL_$_NSObject
<<dead>> 	0x00000060	[ 13] l_OBJC_PROTOCOL_$_CBCentralManagerDelegate
<<dead>> 	0x00000018	[ 13] CIE
<<dead>> 	0x00000020	[ 13] CIE
