# Path: out/arsdk-native/build/libARMedia/libarmedia.dylib
# Arch: x86_64
# Object files:
[  0] linker synthesized
[  1] /Users/nicolassalleron/Desktop/SDK_PARROT/out/arsdk-native/build/libARMedia/obj/gen/Sources/ARMEDIA_Error.c.o
[  2] /Users/nicolassalleron/Desktop/SDK_PARROT/out/arsdk-native/build/libARMedia/obj/Sources/ARMEDIA_VideoEncapsuler.c.o
[  3] /Users/nicolassalleron/Desktop/SDK_PARROT/out/arsdk-native/build/libARMedia/obj/Sources/ARMEDIA_VideoAtoms.c.o
[  4] /Users/nicolassalleron/Desktop/SDK_PARROT/out/arsdk-native/staging/usr/lib/libarsal.dylib
[  5] /Users/nicolassalleron/Desktop/SDK_PARROT/out/arsdk-native/staging/usr/lib/libardiscovery.dylib
[  6] /Users/nicolassalleron/Desktop/SDK_PARROT/out/arsdk-native/staging/usr/lib/libjson-c.dylib
[  7] /Library/Developer/CommandLineTools/SDKs/MacOSX.sdk/usr/lib/libSystem.tbd
# Sections:
# Address	Size    	Segment	Section
0x000010F0	0x00008643	__TEXT	__text
0x00009734	0x00000102	__TEXT	__stubs
0x00009838	0x000001BE	__TEXT	__stub_helper
0x000099F6	0x000014BB	__TEXT	__cstring
0x0000AEC0	0x00000070	__TEXT	__const
0x0000AF30	0x000000C4	__TEXT	__unwind_info
0x0000B000	0x00000010	__DATA	__got
0x0000B010	0x00000010	__DATA	__nl_symbol_ptr
0x0000B020	0x00000158	__DATA	__la_symbol_ptr
# Symbols:
# Address	Size    	File  Name
0x000010F0	0x0000011C	[  1] _ARMEDIA_Error_ToString
0x00001210	0x00000400	[  2] _ARMEDIA_VideoEncapsuler_New
0x00001610	0x000001C0	[  2] _ARMEDIA_VideoEncapsuler_SetAvcParameterSets
0x000017D0	0x000000E0	[  2] _ARMEDIA_VideoEncapsuler_SetMetadataInfo
0x000018B0	0x00000430	[  2] _ARMEDIA_VideoEncapsuler_SetUntimedMetadata
0x00001CE0	0x00000050	[  2] _ARMEDIA_VideoEncapsuler_SetVideoThumbnail
0x00001D30	0x000011D0	[  2] _ARMEDIA_VideoEncapsuler_AddFrame
0x00002F00	0x00000780	[  2] _ARMEDIA_VideoEncapsuler_AddSample
0x00003680	0x00002990	[  2] _ARMEDIA_VideoEncapsuler_Finish
0x00006010	0x00000030	[  2] _ARMEDIA_VideoEncapsuler_SetGPSInfos
0x00006040	0x00000A60	[  2] _ARMEDIA_VideoEncapsuler_TryFixMediaFile
0x00006AA0	0x00000140	[  2] _ARMEDIA_VideoEncapsuler_changePVATAtomDate
0x00006BE0	0x00000116	[  2] _ARMEDIA_VideoEncapsuler_addPVATAtom
0x00006D00	0x00000090	[  3] _atomFromData
0x00006D90	0x000000E0	[  3] _insertAtomIntoAtom
0x00006E70	0x000000F0	[  3] _writeAtomToFile
0x00006F60	0x00000040	[  3] _freeAtom
0x00006FA0	0x00000160	[  3] _ftypAtomForFormatAndCodecWithOffset
0x00007100	0x00000110	[  3] _mdatAtomForFormatWithVideoSize
0x00007210	0x00000180	[  3] _mvhdAtomFromFpsNumFramesAndDate
0x00007390	0x000001D0	[  3] _tkhdAtomWithResolutionNumFramesFpsAndDate
0x00007560	0x00000170	[  3] _cdscAtomGen
0x000076D0	0x00000120	[  3] _mdhdAtomFromFpsNumFramesAndDate
0x000077F0	0x000000D0	[  3] _hdlrAtomForMdia
0x000078C0	0x00000070	[  3] _hdlrAtomForMetadata
0x00007930	0x00000080	[  3] _hdlrAtomForUdtaMetadata
0x000079B0	0x00000060	[  3] _smhdAtomGen
0x00007A10	0x00000070	[  3] _vmhdAtomGen
0x00007A80	0x00000060	[  3] _nmhdAtomGen
0x00007AE0	0x00000080	[  3] _hdlrAtomForMinf
0x00007B60	0x00000080	[  3] _drefAtomGen
0x00007BE0	0x000004D0	[  3] _stsdAtomWithResolutionAndCodec
0x000080B0	0x00000140	[  3] _stsdAtomWithAudioCodec
0x000081F0	0x00000190	[  3] _stsdAtomForMetadata
0x00008380	0x00000290	[  3] _stsdAtomWithResolutionCodecSpsAndPps
0x00008610	0x00000140	[  3] _stscAtomGen
0x00008750	0x00000120	[  3] _stszAtomGen
0x00008870	0x000001E0	[  3] _metadataKeysAtom
0x00008A50	0x00000190	[  3] _metadataAtomFromTagAndValue
0x00008BE0	0x00000280	[  3] _metadataAtomFromTagAndFile
0x00008E60	0x00000090	[  3] _pvatAtomGen
0x00008EF0	0x00000230	[  3] _seekMediaFileToAtom
0x00009120	0x00000250	[  3] _createDataFromFile
0x00009370	0x00000050	[  3] _createDataFromAtom
0x000093C0	0x00000110	[  3] _getVideoFpsFromFile
0x000094D0	0x00000020	[  3] _getVideoFpsFromAtom
0x000094F0	0x00000020	[  3] _swap_uint64
0x00009510	0x00000080	[  3] _seekMediaBufferToAtom
0x00009590	0x000001A3	[  3] _ARMEDIA_VideoAtom_GetPVATString
0x00009734	0x00000006	[  5] _ARDISCOVERY_getProductID
0x0000973A	0x00000006	[  4] _ARSAL_Print_PrintRawEx
0x00009740	0x00000006	[  7] ___bzero
0x00009746	0x00000006	[  7] ___snprintf_chk
0x0000974C	0x00000006	[  7] ___stack_chk_fail
0x00009752	0x00000006	[  7] _calloc
0x00009758	0x00000006	[  7] _fclose
0x0000975E	0x00000006	[  7] _feof
0x00009764	0x00000006	[  7] _fflush
0x0000976A	0x00000006	[  7] _fileno
0x00009770	0x00000006	[  7] _fopen
0x00009776	0x00000006	[  7] _fread
0x0000977C	0x00000006	[  7] _free
0x00009782	0x00000006	[  7] _fscanf
0x00009788	0x00000006	[  7] _fseeko
0x0000978E	0x00000006	[  7] _fsync
0x00009794	0x00000006	[  7] _ftello
0x0000979A	0x00000006	[  7] _ftruncate
0x000097A0	0x00000006	[  7] _fwrite
0x000097A6	0x00000006	[  6] _json_object_new_object
0x000097AC	0x00000006	[  6] _json_object_new_string
0x000097B2	0x00000006	[  6] _json_object_object_add
0x000097B8	0x00000006	[  6] _json_object_put
0x000097BE	0x00000006	[  6] _json_object_to_json_string
0x000097C4	0x00000006	[  6] _json_tokener_parse
0x000097CA	0x00000006	[  7] _localtime
0x000097D0	0x00000006	[  7] _malloc
0x000097D6	0x00000006	[  7] _memcpy
0x000097DC	0x00000006	[  7] _realloc
0x000097E2	0x00000006	[  7] _remove
0x000097E8	0x00000006	[  7] _rename
0x000097EE	0x00000006	[  7] _rewind
0x000097F4	0x00000006	[  7] _sscanf
0x000097FA	0x00000006	[  7] _strdup
0x00009800	0x00000006	[  7] _strftime
0x00009806	0x00000006	[  7] _strlen
0x0000980C	0x00000006	[  7] _strncmp
0x00009812	0x00000006	[  7] _strncpy
0x00009818	0x00000006	[  7] _strnlen
0x0000981E	0x00000006	[  7] _strrchr
0x00009824	0x00000006	[  7] _strtok_r
0x0000982A	0x00000006	[  7] _time
0x00009830	0x00000006	[  7] _utime
0x00009838	0x00000010	[  0] helper helper
0x00009848	0x0000000A	[  4] _ARSAL_Print_PrintRawEx
0x00009852	0x0000000A	[  5] _ARDISCOVERY_getProductID
0x0000985C	0x0000000A	[  6] _json_object_new_object
0x00009866	0x0000000A	[  6] _json_object_new_string
0x00009870	0x0000000A	[  6] _json_object_object_add
0x0000987A	0x0000000A	[  6] _json_object_put
0x00009884	0x0000000A	[  6] _json_object_to_json_string
0x0000988E	0x0000000A	[  6] _json_tokener_parse
0x00009898	0x0000000A	[  7] ___bzero
0x000098A2	0x0000000A	[  7] ___snprintf_chk
0x000098AC	0x0000000A	[  7] ___stack_chk_fail
0x000098B6	0x0000000A	[  7] _calloc
0x000098C0	0x0000000A	[  7] _fclose
0x000098CA	0x0000000A	[  7] _feof
0x000098D4	0x0000000A	[  7] _fflush
0x000098DE	0x0000000A	[  7] _fileno
0x000098E8	0x0000000A	[  7] _fopen
0x000098F2	0x0000000A	[  7] _fread
0x000098FC	0x0000000A	[  7] _free
0x00009906	0x0000000A	[  7] _fscanf
0x00009910	0x0000000A	[  7] _fseeko
0x0000991A	0x0000000A	[  7] _fsync
0x00009924	0x0000000A	[  7] _ftello
0x0000992E	0x0000000A	[  7] _ftruncate
0x00009938	0x0000000A	[  7] _fwrite
0x00009942	0x0000000A	[  7] _localtime
0x0000994C	0x0000000A	[  7] _malloc
0x00009956	0x0000000A	[  7] _memcpy
0x00009960	0x0000000A	[  7] _realloc
0x0000996A	0x0000000A	[  7] _remove
0x00009974	0x0000000A	[  7] _rename
0x0000997E	0x0000000A	[  7] _rewind
0x00009988	0x0000000A	[  7] _sscanf
0x00009992	0x0000000A	[  7] _strdup
0x0000999C	0x0000000A	[  7] _strftime
0x000099A6	0x0000000A	[  7] _strlen
0x000099B0	0x0000000A	[  7] _strncmp
0x000099BA	0x0000000A	[  7] _strncpy
0x000099C4	0x0000000A	[  7] _strnlen
0x000099CE	0x0000000A	[  7] _strrchr
0x000099D8	0x0000000A	[  7] _strtok_r
0x000099E2	0x0000000A	[  7] _time
0x000099EC	0x0000000A	[  7] _utime
0x000099F6	0x00000009	[  1] literal string: No error
0x000099FF	0x00000016	[  1] literal string: Unknown generic error
0x00009A15	0x0000000F	[  1] literal string: Bad parameters
0x00009A24	0x00000019	[  1] literal string: Function not implemented
0x00009A3D	0x00000016	[  1] literal string: Unknown manager error
0x00009A53	0x00000022	[  1] literal string: Error manager already initialized
0x00009A75	0x0000001E	[  1] literal string: Error manager not initialized
0x00009A93	0x0000001F	[  1] literal string: Error encapsuler generic error
0x00009AB2	0x00000025	[  1] literal string: Error encapsuler waiting for i-frame
0x00009AD7	0x00000014	[  1] literal string: Codec non-supported
0x00009AEB	0x0000001C	[  1] literal string: Error in video frame header
0x00009B07	0x0000001D	[  1] literal string: Error in audio sample header
0x00009B24	0x0000001F	[  1] literal string: File error while encapsulating
0x00009B43	0x00000024	[  1] literal string: Timestamp is before previous sample
0x00009B67	0x0000000E	[  1] literal string: Unknown value
0x00009B75	0x0000001C	[  2] literal string: ARMEDIA_VideoEncapsuler_New
0x00009B91	0x00000013	[  2] literal string: ARMEDIA Encapsuler
0x00009BA4	0x00000026	[  2] literal string: error: error pointer must not be null
0x00009BCA	0x0000002A	[  2] literal string: error: mediaPath pointer must not be null
0x00009BF4	0x00000023	[  2] literal string: error: mediaPath must not be empty
0x00009C17	0x00000023	[  2] literal string: error: Unable to allocate retVideo
0x00009C3A	0x00000003	[  2] literal string: %s
0x00009C3D	0x00000005	[  2] literal string: %s%s
0x00009C42	0x0000000C	[  2] literal string: -encaps.dat
0x00009C4E	0x0000000C	[  2] literal string: -encaps.tmp
0x00009C5A	0x00000004	[  2] literal string: w+b
0x00009C5E	0x0000002A	[  2] literal string: error: Unable to open file %s for writing
0x00009C88	0x0000002C	[  2] literal string: ARMEDIA_VideoEncapsuler_SetAvcParameterSets
0x00009CB4	0x0000002B	[  2] literal string: error: encapsuler pointer must not be null
0x00009CDF	0x00000024	[  2] literal string: error: SPS pointer must not be null
0x00009D03	0x00000021	[  2] literal string: error: SPS size must not be null
0x00009D24	0x00000024	[  2] literal string: error: PPS pointer must not be null
0x00009D48	0x0000002A	[  2] literal string: error: Unable to allocate SPS/PPS buffers
0x00009D72	0x00000028	[  2] literal string: ARMEDIA_VideoEncapsuler_SetMetadataInfo
0x00009D9A	0x0000002D	[  2] literal string: error: Unable to allocate metadata structure
0x00009DC7	0x00000021	[  2] literal string: ARMEDIA_VideoEncapsuler_AddFrame
0x00009DE8	0x00000026	[  2] literal string: error: video pointer must not be null
0x00009E0E	0x00000026	[  2] literal string: error: frame pointer must not be null
0x00009E34	0x0000002C	[  2] literal string: error: Unable to get frame data (%d bytes) 
0x00009E60	0x00000015	[  2] literal string: debug > Empty frame\n
0x00009E75	0x0000003E	[  2] literal string: error: Video contains already %d frames, which is the maximum
0x00009EB3	0x0000002F	[  2] literal string: error: Only h.264 or mjpeg codec are supported
0x00009EE2	0x00000022	[  2] literal string: error: Unable to create ftyp atom
0x00009F04	0x00000021	[  2] literal string: error: Unable to write ftyp atom
0x00009F25	0x0000002F	[  2] literal string: error: Unable to set file write pointer to %zu
0x00009F54	0x00000030	[  2] literal string: error: Unable to write size of video descriptor
0x00009F84	0x0000002D	[  2] literal string: error: Unable to write encapsuler descriptor
0x00009FB1	0x00000028	[  2] literal string: error: Unable to write video descriptor
0x00009FD9	0x00000022	[  2] literal string: error: Unable to write sps header
0x00009FFB	0x00000022	[  2] literal string: error: Unable to write pps header
0x0000A01D	0x00000032	[  2] literal string: error: New frame don't match the video size/codec
0x0000A04F	0x0000000F	[  2] literal string: %c:%lld:%c:%u|
0x0000A05E	0x00000030	[  2] literal string: error: Unable to write frameInfo into info file
0x0000A08E	0x00000033	[  2] literal string: error: Unable to write metadataInfo into info file
0x0000A0C1	0x0000002A	[  2] literal string: error: Unable to write SPS into data file
0x0000A0EB	0x0000002A	[  2] literal string: error: Unable to write PPS into data file
0x0000A115	0x0000002C	[  2] literal string: error: Unable to write frame into data file
0x0000A141	0x00000021	[  2] literal string: error: No valid pointer for NALU
0x0000A162	0x0000002A	[  2] literal string: error: Unable to write metadata into file
0x0000A18C	0x00000022	[  2] literal string: ARMEDIA_VideoEncapsuler_AddSample
0x0000A1AE	0x0000001B	[  2] literal string: debug > Waiting for Iframe
0x0000A1C9	0x00000027	[  2] literal string: error: sample pointer must not be null
0x0000A1F0	0x00000016	[  2] literal string: debug > Empty sample\n
0x0000A206	0x0000002C	[  2] literal string: error: Unable to get sample data (%d bytes)
0x0000A232	0x0000002A	[  2] literal string: error: Unable to allocate audio structure
0x0000A25C	0x0000002F	[  2] literal string: error: Unable to rewrite encapsuler descriptor
0x0000A28B	0x00000028	[  2] literal string: error: Unable to write audio descriptor
0x0000A2B3	0x00000037	[  2] literal string: debug > Audio drift too high (%lldµs) on %uth sample\n
0x0000A2EA	0x0000002C	[  2] literal string: error: Unable to write zeros into data file
0x0000A316	0x00000036	[  2] literal string: debug > Audio drift too low (%lldµs) on %uth sample\n
0x0000A34C	0x0000002D	[  2] literal string: error: Timestamp anterior to previous sample
0x0000A379	0x00000031	[  2] literal string: error: Unable to write sampleInfo into info file
0x0000A3AA	0x0000002D	[  2] literal string: error: Unable to write sample into data file
0x0000A3D7	0x00000033	[  2] literal string: error: Issue while getting audio sample (%u - %p)\n
0x0000A40A	0x0000001F	[  2] literal string: ARMEDIA_VideoEncapsuler_Finish
0x0000A429	0x00000032	[  2] literal string: error: encapsuler double pointer must not be null
0x0000A45B	0x00000021	[  2] literal string: error: video was not initialized
0x0000A47C	0x00000033	[  2] literal string: error: Unable to allocate buffers for video finish
0x0000A4AF	0x00000046	[  2] literal string: error: Unable to read descriptor size (probably an old .infovid file)
0x0000A4F5	0x00000005	[  2] literal string: moov
0x0000A4FA	0x00000005	[  2] literal string: udta
0x0000A4FF	0x00000005	[  2] literal string: meta
0x0000A504	0x00000005	[  2] literal string: ilst
0x0000A509	0x00000004	[  2] literal string: ART
0x0000A50D	0x00000006	[  2] literal string: %s %s
0x0000A513	0x00000004	[  2] literal string: nam
0x0000A517	0x00000004	[  2] literal string: day
0x0000A51B	0x00000010	[  2] literal string: %+08.4f%+09.4f/
0x0000A52B	0x00000005	[  2] literal string: �xyz
0x0000A530	0x00000017	[  2] literal string: %+012.8f%+013.8f%+.2f/
0x0000A547	0x00000004	[  2] literal string: mak
0x0000A54B	0x00000004	[  2] literal string: mod
0x0000A54F	0x00000004	[  2] literal string: swr
0x0000A553	0x00000004	[  2] literal string: too
0x0000A557	0x00000004	[  2] literal string: cmt
0x0000A55B	0x00000004	[  2] literal string: cpy
0x0000A55F	0x00000005	[  2] literal string: %.2f
0x0000A564	0x00000005	[  2] literal string: covr
0x0000A569	0x00000022	[  2] literal string: error: Error allocating free data
0x0000A58B	0x00000005	[  2] literal string: free
0x0000A590	0x00000005	[  2] literal string: trak
0x0000A595	0x00000005	[  2] literal string: mdia
0x0000A59A	0x00000005	[  2] literal string: minf
0x0000A59F	0x00000005	[  2] literal string: dinf
0x0000A5A4	0x00000005	[  2] literal string: stbl
0x0000A5A9	0x00000005	[  2] literal string: stts
0x0000A5AE	0x00000005	[  2] literal string: stss
0x0000A5B3	0x00000005	[  2] literal string: co64
0x0000A5B8	0x00000005	[  2] literal string: tref
0x0000A5BD	0x00000024	[  2] literal string: error: Error while writing moovAtom
0x0000A5E1	0x00000024	[  2] literal string: error: Error while writing mdatAtom
0x0000A605	0x00000024	[  2] literal string: error: Error while writing pvatAtom
0x0000A629	0x00000021	[  2] literal string: error: Error allocating freedata
0x0000A64A	0x00000024	[  2] literal string: error: Error while writing fillatom
0x0000A66E	0x00000024	[  2] literal string: error: Error Json Pvat string empty
0x0000A692	0x00000004	[  2] literal string: r+b
0x0000A696	0x00000028	[  2] literal string: ARMEDIA_VideoEncapsuler_TryFixMediaFile
0x0000A6BE	0x00000020	[  2] literal string: debug > Unable to open metaFile
0x0000A6DE	0x00000026	[  2] literal string: debug > Unable to read descriptorSize
0x0000A704	0x0000004F	[  2] literal string: debug > Descriptor size (%d) is not the right size supported by this software\n
0x0000A753	0x0000002D	[  2] literal string: debug > Unable to alloc structures pointers\n
0x0000A780	0x00000040	[  2] literal string: debug > Unable to read ARMEDIA_VideoEncapsuler_t from metaFile\n
0x0000A7C0	0x0000002A	[  2] literal string: debug > Encapsuler version number differ\n
0x0000A7EA	0x00000036	[  2] literal string: debug > Unable to read ARMEDIA_Video_t from metaFile\n
0x0000A820	0x00000029	[  2] literal string: debug > Unable to allocate video sps/pps
0x0000A849	0x00000021	[  2] literal string: debug > Unable to read video SPS
0x0000A86A	0x00000021	[  2] literal string: debug > Unable to read video PPS
0x0000A88B	0x00000024	[  2] literal string: debug > Video SPS/PPS sizes are bad
0x0000A8AF	0x00000039	[  2] literal string: debug > Unable to read ARMEDIA_Metadata_t from metaFile\n
0x0000A8E8	0x00000036	[  2] literal string: debug > Unable to read ARMEDIA_Audio_t from metaFile\n
0x0000A91E	0x00000026	[  2] literal string: debug > Unable to open dataFile : %s\n
0x0000A944	0x0000002A	[  2] literal string: debug > Too many infos : truncate at %zu\n
0x0000A96E	0x00000024	[  2] literal string: debug > Unable to truncate metaFile
0x0000A992	0x00000024	[  2] literal string: debug > Unable to truncate dataFile
0x0000A9B6	0x0000001F	[  2] literal string: debug > Unable to finish video
0x0000A9D5	0x0000001D	[  2] literal string: debug > Freeing local copies
0x0000A9F2	0x0000001B	[  2] literal string: debug > Closing local file
0x0000AA0D	0x0000001A	[  2] literal string: debug > Cleaning up files
0x0000AA27	0x00000014	[  2] literal string: debug > removing %s
0x0000AA3B	0x00000007	[  2] literal string: tmpvid
0x0000AA42	0x00000045	[  2] literal string: debug > Unable to allocate filename buffer, cleanup was not complete
0x0000AA87	0x00000005	[  2] literal string: pvat
0x0000AA8C	0x0000000B	[  2] literal string: media_date
0x0000AA97	0x00000009	[  2] literal string: run_date
0x0000AAA0	0x0000002B	[  2] literal string: ARMEDIA_VideoEncapsuler_changePVATAtomDate
0x0000AACB	0x00000005	[  2] literal string: %04X
0x0000AAD0	0x0000000B	[  2] literal string: product_id
0x0000AADB	0x00000024	[  2] literal string: ARMEDIA_VideoEncapsuler_addPVATAtom
0x0000AAFF	0x00000025	[  2] literal string: com.apple.quicktime.location.ISO6709
0x0000AB24	0x0000001B	[  2] literal string: com.apple.quicktime.artist
0x0000AB3F	0x0000001A	[  2] literal string: com.apple.quicktime.title
0x0000AB59	0x00000021	[  2] literal string: com.apple.quicktime.creationdate
0x0000AB7A	0x0000001C	[  2] literal string: com.apple.quicktime.comment
0x0000AB96	0x0000001E	[  2] literal string: com.apple.quicktime.copyright
0x0000ABB4	0x00000019	[  2] literal string: com.apple.quicktime.make
0x0000ABCD	0x0000001A	[  2] literal string: com.apple.quicktime.model
0x0000ABE7	0x0000001D	[  2] literal string: com.apple.quicktime.software
0x0000AC04	0x0000001C	[  2] literal string: com.apple.quicktime.artwork
0x0000AC20	0x00000012	[  2] literal string: com.parrot.serial
0x0000AC32	0x00000014	[  2] literal string: com.parrot.model.id
0x0000AC46	0x00000014	[  2] literal string: com.parrot.build.id
0x0000AC5A	0x00000012	[  2] literal string: com.parrot.run.id
0x0000AC6C	0x00000014	[  2] literal string: com.parrot.run.date
0x0000AC80	0x00000018	[  2] literal string: com.parrot.picture.hfov
0x0000AC98	0x00000018	[  2] literal string: com.parrot.picture.vfov
0x0000ACB0	0x00000020	[  2] literal string: ARMEDIA_VideoEncapsuler_Cleanup
0x0000ACD0	0x00000020	[  3] literal string: Alloc error for atom insertion\n
0x0000ACF0	0x00000005	[  3] literal string: mdhd
0x0000ACF5	0x00000003	[  3] literal string: rb
0x0000ACF8	0x0000001B	[  3] literal string: metadataAtomFromTagAndFile
0x0000AD13	0x00000013	[  3] literal string: ARMEDIA_VideoAtoms
0x0000AD26	0x0000001F	[  3] literal string: failed to open cover file '%s'
0x0000AD45	0x00000020	[  3] literal string: null length for cover file '%s'
0x0000AD65	0x0000003A	[  3] literal string: cover file '%s' is too large to fit into atom (size: %zu)
0x0000AD9F	0x00000014	[  3] literal string: seekMediaFileToAtom
0x0000ADB3	0x00000022	[  3] literal string: found atom:%s, iterations left:%d
0x0000ADD5	0x00000002	[  3] literal string: /
0x0000ADD7	0x00000013	[  3] literal string: createDataFromFile
0x0000ADEA	0x00000010	[  3] literal string: token=%s len=%d
0x0000ADFA	0x00000006	[  3] literal string: %d:%s
0x0000AE00	0x00000017	[  3] literal string: split %s into %s - %d\n
0x0000AE17	0x00000015	[  3] literal string: looking for token:%s
0x0000AE2C	0x00000015	[  3] literal string: token:%s, seekRes=%d
0x0000AE41	0x00000005	[  3] literal string: uuid
0x0000AE46	0x00000009	[  3] literal string: filename
0x0000AE4F	0x0000000C	[  3] literal string: %FT%H%M%S%z
0x0000AE5B	0x0000001A	[  3] literal string: Error reading a uint32_t\n
0x0000AE75	0x00000015	[  3] literal string: Error reading a 4cc\n
0x0000AE8A	0x00000027	[  3] literal string: Error reading low value of a uint64_t\n
0x0000AEC0	0x00000010	[  2] 16-byte-literal
0x0000AED0	0x00000008	[  2] 8-byte-literal
0x0000AED8	0x00000004	[  2] 4-byte-literal
0x0000AEE0	0x00000010	[  3] 16-byte-literal
0x0000AEF0	0x00000010	[  3] 16-byte-literal
0x0000AF00	0x00000010	[  3] 16-byte-literal
0x0000AF10	0x00000020	[  3] l_hdlrAtomForMdia.data
0x0000AF30	0x000000C4	[  0] compact unwind info
0x0000B000	0x00000008	[  0] non-lazy-pointer-to-local: ___stack_chk_guard
0x0000B008	0x00000008	[  0] non-lazy-pointer-to-local: ___stderrp
0x0000B010	0x00000008	[  0] non-lazy-pointer-to-local: dyld_stub_binder
0x0000B018	0x00000008	[  0] non-lazy-pointer
0x0000B020	0x00000008	[  5] _ARDISCOVERY_getProductID
0x0000B028	0x00000008	[  4] _ARSAL_Print_PrintRawEx
0x0000B030	0x00000008	[  7] ___bzero
0x0000B038	0x00000008	[  7] ___snprintf_chk
0x0000B040	0x00000008	[  7] ___stack_chk_fail
0x0000B048	0x00000008	[  7] _calloc
0x0000B050	0x00000008	[  7] _fclose
0x0000B058	0x00000008	[  7] _feof
0x0000B060	0x00000008	[  7] _fflush
0x0000B068	0x00000008	[  7] _fileno
0x0000B070	0x00000008	[  7] _fopen
0x0000B078	0x00000008	[  7] _fread
0x0000B080	0x00000008	[  7] _free
0x0000B088	0x00000008	[  7] _fscanf
0x0000B090	0x00000008	[  7] _fseeko
0x0000B098	0x00000008	[  7] _fsync
0x0000B0A0	0x00000008	[  7] _ftello
0x0000B0A8	0x00000008	[  7] _ftruncate
0x0000B0B0	0x00000008	[  7] _fwrite
0x0000B0B8	0x00000008	[  6] _json_object_new_object
0x0000B0C0	0x00000008	[  6] _json_object_new_string
0x0000B0C8	0x00000008	[  6] _json_object_object_add
0x0000B0D0	0x00000008	[  6] _json_object_put
0x0000B0D8	0x00000008	[  6] _json_object_to_json_string
0x0000B0E0	0x00000008	[  6] _json_tokener_parse
0x0000B0E8	0x00000008	[  7] _localtime
0x0000B0F0	0x00000008	[  7] _malloc
0x0000B0F8	0x00000008	[  7] _memcpy
0x0000B100	0x00000008	[  7] _realloc
0x0000B108	0x00000008	[  7] _remove
0x0000B110	0x00000008	[  7] _rename
0x0000B118	0x00000008	[  7] _rewind
0x0000B120	0x00000008	[  7] _sscanf
0x0000B128	0x00000008	[  7] _strdup
0x0000B130	0x00000008	[  7] _strftime
0x0000B138	0x00000008	[  7] _strlen
0x0000B140	0x00000008	[  7] _strncmp
0x0000B148	0x00000008	[  7] _strncpy
0x0000B150	0x00000008	[  7] _strnlen
0x0000B158	0x00000008	[  7] _strrchr
0x0000B160	0x00000008	[  7] _strtok_r
0x0000B168	0x00000008	[  7] _time
0x0000B170	0x00000008	[  7] _utime

# Dead Stripped Symbols:
#        	Size    	File  Name
<<dead>> 	0x00000018	[  1] CIE
<<dead>> 	0x00000018	[  2] CIE
<<dead>> 	0x00000005	[  3] literal string: moov
<<dead>> 	0x00000005	[  3] literal string: trak
<<dead>> 	0x00000005	[  3] literal string: mdia
<<dead>> 	0x00000005	[  3] literal string: %04X
<<dead>> 	0x0000000B	[  3] literal string: product_id
<<dead>> 	0x00000009	[  3] literal string: run_date
<<dead>> 	0x0000000B	[  3] literal string: media_date
<<dead>> 	0x00000020	[  3] l_hdlrAtomForMetadata.data
<<dead>> 	0x00000019	[  3] l_hdlrAtomForUdtaMetadata.data
<<dead>> 	0x00000017	[  3] l_vmhdAtomGen.data
<<dead>> 	0x00000020	[  3] l_hdlrAtomForMinf.data
<<dead>> 	0x00000014	[  3] l_drefAtomGen.data
<<dead>> 	0x00000018	[  3] CIE
