# Path: out/arsdk-native/build/libARDiscovery/libardiscovery.dylib
# Arch: x86_64
# Object files:
[  0] linker synthesized
[  1] /Users/nicolassalleron/Desktop/IDMProject/product_and_sdk/macOS/eclipse/SDK_PARROT/out/arsdk-native/build/libARDiscovery/obj/Sources/ARDISCOVERY_Connection.c.o
[  2] /Users/nicolassalleron/Desktop/IDMProject/product_and_sdk/macOS/eclipse/SDK_PARROT/out/arsdk-native/build/libARDiscovery/obj/Sources/ARDISCOVERY_Discovery.c.o
[  3] /Users/nicolassalleron/Desktop/IDMProject/product_and_sdk/macOS/eclipse/SDK_PARROT/out/arsdk-native/build/libARDiscovery/obj/Sources/ARDISCOVERY_Device.c.o
[  4] /Users/nicolassalleron/Desktop/IDMProject/product_and_sdk/macOS/eclipse/SDK_PARROT/out/arsdk-native/build/libARDiscovery/obj/Sources/ARDISCOVERY_MuxDiscovery.c.o
[  5] /Users/nicolassalleron/Desktop/IDMProject/product_and_sdk/macOS/eclipse/SDK_PARROT/out/arsdk-native/build/libARDiscovery/obj/Sources/Wifi/ARDISCOVERY_DEVICE_Wifi.c.o
[  6] /Users/nicolassalleron/Desktop/IDMProject/product_and_sdk/macOS/eclipse/SDK_PARROT/out/arsdk-native/build/libARDiscovery/obj/Sources/BLE/ARDISCOVERY_DEVICE_Ble.c.o
[  7] /Users/nicolassalleron/Desktop/IDMProject/product_and_sdk/macOS/eclipse/SDK_PARROT/out/arsdk-native/build/libARDiscovery/obj/Sources/Usb/ARDISCOVERY_DEVICE_Usb.c.o
[  8] /Users/nicolassalleron/Desktop/IDMProject/product_and_sdk/macOS/eclipse/SDK_PARROT/out/arsdk-native/build/libARDiscovery/obj/gen/Sources/ARDISCOVERY_Error.c.o
[  9] /Users/nicolassalleron/Desktop/IDMProject/product_and_sdk/macOS/eclipse/SDK_PARROT/out/arsdk-native/build/libARDiscovery/obj/Sources/ARDISCOVERY_BonjourDiscovery.m.o
[ 10] /Users/nicolassalleron/Desktop/IDMProject/product_and_sdk/macOS/eclipse/SDK_PARROT/out/arsdk-native/staging/usr/lib/libarsal.dylib
[ 11] /Users/nicolassalleron/Desktop/IDMProject/product_and_sdk/macOS/eclipse/SDK_PARROT/out/arsdk-native/staging/usr/lib/libarnetworkal.dylib
[ 12] /Users/nicolassalleron/Desktop/IDMProject/product_and_sdk/macOS/eclipse/SDK_PARROT/out/arsdk-native/staging/usr/lib/libarcommands.dylib
[ 13] /Users/nicolassalleron/Desktop/IDMProject/product_and_sdk/macOS/eclipse/SDK_PARROT/out/arsdk-native/staging/usr/lib/libmux.dylib
[ 14] /Users/nicolassalleron/Desktop/IDMProject/product_and_sdk/macOS/eclipse/SDK_PARROT/out/arsdk-native/staging/usr/lib/libpomp.dylib
[ 15] /Library/Developer/CommandLineTools/SDKs/MacOSX.sdk/System/Library/Frameworks//Foundation.framework/Foundation.tbd
[ 16] /Users/nicolassalleron/Desktop/IDMProject/product_and_sdk/macOS/eclipse/SDK_PARROT/out/arsdk-native/staging/usr/lib/libjson-c.dylib
[ 17] /Library/Developer/CommandLineTools/SDKs/MacOSX.sdk/usr/lib/libSystem.tbd
[ 18] /Library/Developer/CommandLineTools/SDKs/MacOSX.sdk/usr/lib/libobjc.A.tbd
# Sections:
# Address	Size    	Segment	Section
0x00001380	0x0000A26B	__TEXT	__text
0x0000B5EC	0x00000240	__TEXT	__stubs
0x0000B82C	0x000003D0	__TEXT	__stub_helper
0x0000BBFC	0x00001779	__TEXT	__cstring
0x0000D380	0x000001E0	__TEXT	__const
0x0000D560	0x00001360	__TEXT	__gcc_except_tab
0x0000E8C0	0x0000008C	__TEXT	__objc_classname
0x0000E94C	0x00000F0C	__TEXT	__objc_methname
0x0000F858	0x00000528	__TEXT	__objc_methtype
0x0000FD80	0x00000280	__TEXT	__unwind_info
0x00010000	0x00000010	__DATA	__nl_symbol_ptr
0x00010010	0x00000050	__DATA	__got
0x00010060	0x00000300	__DATA	__la_symbol_ptr
0x00010360	0x00000120	__DATA	__const
0x00010480	0x000003E0	__DATA	__cfstring
0x00010860	0x00000020	__DATA	__objc_classlist
0x00010880	0x00000020	__DATA	__objc_protolist
0x000108A0	0x00000008	__DATA	__objc_imageinfo
0x000108A8	0x00001838	__DATA	__objc_const
0x000120E0	0x000003C8	__DATA	__objc_selrefs
0x000124A8	0x00000078	__DATA	__objc_classrefs
0x00012520	0x000000F8	__DATA	__objc_ivar
0x00012618	0x00000140	__DATA	__objc_data
0x00012760	0x000007F8	__DATA	__data
0x00012F58	0x00000010	__DATA	__bss
# Symbols:
# Address	Size    	File  Name
0x00001380	0x00000150	[  1] _ARDISCOVERY_Connection_New
0x000014D0	0x00000100	[  1] _ARDISCOVERY_Connection_Delete
0x000015D0	0x00000480	[  1] _ARDISCOVERY_Connection_DeviceListeningLoop
0x00001A50	0x000003F0	[  1] _ARDISCOVERY_Connection_RxPending
0x00001E40	0x00000290	[  1] _ARDISCOVERY_Connection_TxPending
0x000020D0	0x000000A0	[  1] _ARDISCOVERY_Connection_Device_StopListening
0x00002170	0x00000650	[  1] _ARDISCOVERY_Connection_ControllerConnection
0x000027C0	0x00000028	[  1] _ARDISCOVERY_Connection_getControllerIP
0x000027F0	0x00000060	[  2] _ARDISCOVERY_getProductID
0x00002850	0x00000050	[  2] _ARDISCOVERY_getProductName
0x000028A0	0x000000E0	[  2] _ARDISCOVERY_getProductPathName
0x00002980	0x00000080	[  2] _ARDISCOVERY_getProductFromName
0x00002A00	0x00000140	[  2] _ARDISCOVERY_getProductFromPathName
0x00002B40	0x00000040	[  2] _ARDISCOVERY_getProductFromProductID
0x00002B80	0x0000001F	[  2] _ARDISCOVERY_getProductFamily
0x00002BA0	0x00000080	[  3] _ARDISCOVERY_Device_New
0x00002C20	0x00000060	[  3] _ARDISCOVERY_Device_Delete
0x00002C80	0x00000110	[  3] _ARDISCOVERY_Device_NewByCopy
0x00002D90	0x000000F0	[  3] _ARDISCOVERY_Device_NewARNetworkAL
0x00002E80	0x00000030	[  3] _ARDISCOVERY_Device_DeleteARNetworkAL
0x00002EB0	0x00000030	[  3] _ARDISCOVERY_Device_InitNetworkConfiguration
0x00002EE0	0x00000040	[  3] _ARDISCOVERY_Device_DestroyNetworkConfiguration
0x00002F20	0x000001D0	[  3] _ARDISCOVERY_Device_InitWifi
0x000030F0	0x00000010	[  3] _ARDISCOVERY_Device_WifiAddConnectionCallbacks
0x00003100	0x00000010	[  3] _ARDISCOVERY_DEVICE_WifiGetIpAddress
0x00003110	0x00000010	[  3] _ARDISCOVERY_DEVICE_WifiSetQoSLevel
0x00003120	0x00000010	[  3] _ARDISCOVERY_Device_WifiSetDeviceToControllerPort
0x00003130	0x000000C0	[  3] _ARDISCOVERY_Device_InitBLE
0x000031F0	0x00000010	[  3] _ARDISCOVERY_Device_BLEGetManager
0x00003200	0x00000010	[  3] _ARDISCOVERY_Device_BLEGetDevice
0x00003210	0x000000A0	[  3] _ARDISCOVERY_Device_InitUSB
0x000032B0	0x00000010	[  3] _ARDISCOVERY_Device_UsbAddConnectionCallbacks
0x000032C0	0x0000000A	[  3] _ARDISCOVERY_Device_UsbGetMux
0x000032D0	0x00000110	[  4] _ARDiscovery_MuxDiscovery_new
0x000033E0	0x00000200	[  4] _mux_discovery_channel_cb
0x000035E0	0x00000170	[  4] _mux_write_msg
0x00003750	0x000000B0	[  4] _ARDiscovery_MuxConnection_new
0x00003800	0x00000140	[  4] _mux_backend_channel_cb
0x00003940	0x000000D0	[  4] _ARDiscovery_MuxConnection_sendConnReq
0x00003A10	0x00000040	[  4] _ARDiscovery_MuxDiscovery_dispose
0x00003A50	0x00000038	[  4] _ARDiscovery_MuxConnection_dispose
0x00003A90	0x000000F0	[  5] _ARDISCOVERY_DEVICE_Wifi_CreateSpecificParameters
0x00003B80	0x00000060	[  5] _ARDISCOVERY_DEVICE_Wifi_DeleteSpecificParameters
0x00003BE0	0x00000030	[  5] _ARDISCOVERY_DEVICE_Wifi_SetDeviceToControllerPort
0x00003C10	0x00000120	[  5] _ARDISCOVERY_DEVICE_Wifi_GetCopyOfSpecificParameters
0x00003D30	0x00000030	[  5] _ARDISCOVERY_DEVICE_Wifi_AddConnectionCallbacks
0x00003D60	0x00000190	[  5] _ARDISCOVERY_DEVICE_Wifi_NewARNetworkAL
0x00003EF0	0x00000080	[  5] _ARDISCOVERY_DEVICE_Wifi_DiscoveryConnect
0x00003F70	0x00000050	[  5] _ARDISCOVERY_DEVICE_Wifi_DeleteARNetworkAL
0x00003FC0	0x00000080	[  5] _ARDISCOVERY_DEVICE_Wifi_GetIpAddress
0x00004040	0x00000030	[  5] _ARDISCOVERY_DEVICE_Wifi_SetQoSLevel
0x00004070	0x00000140	[  5] _ARDISCOVERY_DEVICE_Wifi_InitBebopNetworkConfiguration
0x000041B0	0x00000010	[  5] _BebopStartStreamingGenerator
0x000041C0	0x00000010	[  5] _BebopStopStreamingGenerator
0x000041D0	0x00000140	[  5] _ARDISCOVERY_DEVICE_Wifi_InitSkyControllerNetworkConfiguration
0x00004310	0x00000140	[  5] _ARDISCOVERY_DEVICE_Wifi_InitBebop2NetworkConfiguration
0x00004450	0x00000140	[  5] _ARDISCOVERY_DEVICE_Wifi_InitUnknownproduct_4NetworkConfiguration
0x00004590	0x00000140	[  5] _ARDISCOVERY_DEVICE_Wifi_InitUnknownproduct_5NetworkConfiguration
0x000046D0	0x00000150	[  5] _ARDISCOVERY_DEVICE_Wifi_InitDelos3NetworkConfiguration
0x00004820	0x00000140	[  5] _ARDISCOVERY_DEVICE_Wifi_InitChimeraNetworkConfiguration
0x00004960	0x00000140	[  5] _ARDISCOVERY_DEVICE_Wifi_InitSkyController2NetworkConfiguration
0x00004AA0	0x00000130	[  5] _ARDISCOVERY_DEVICE_Wifi_InitJumpingSumoNetworkConfiguration
0x00004BD0	0x00000010	[  5] _JSStartStreamingGenerator
0x00004BE0	0x00000010	[  5] _JSStopStreamingGenerator
0x00004BF0	0x00000140	[  5] _ARDISCOVERY_DEVICE_Wifi_InitJumpingSumoEvoNetworkConfiguration
0x00004D30	0x00000130	[  5] _ARDISCOVERY_DEVICE_Wifi_InitPowerUpNetworkConfiguration
0x00004E60	0x00000010	[  5] _PowerUpStartStreamingGenerator
0x00004E70	0x00000010	[  5] _PowerUpStopStreamingGenerator
0x00004E80	0x00000140	[  5] _ARDISCOVERY_DEVICE_Wifi_InitEvinrudeNetworkConfiguration
0x00004FC0	0x00000100	[  5] _ARDISCOVERY_DEVICE_Wifi_SendJsonCallback
0x000050C0	0x000000FB	[  5] _ARDISCOVERY_DEVICE_Wifi_ReceiveJsonCallback
0x000051C0	0x00000070	[  6] _ARDISCOVERY_DEVICE_Ble_CreateSpecificParameters
0x00005230	0x00000040	[  6] _ARDISCOVERY_DEVICE_Ble_DeleteSpecificParameters
0x00005270	0x00000080	[  6] _ARDISCOVERY_DEVICE_Ble_GetCopyOfSpecificParameters
0x000052F0	0x00000140	[  6] _ARDISCOVERY_DEVICE_Ble_NewARNetworkAL
0x00005430	0x00000050	[  6] _ARDISCOVERY_DEVICE_Ble_DeleteARNetworkAL
0x00005480	0x00000120	[  6] _ARDISCOVERY_DEVICE_Ble_InitRollingSpiderNetworkConfiguration
0x000055A0	0x00000030	[  6] _ARDISCOVERY_Device_Ble_GetManager
0x000055D0	0x00000028	[  6] _ARDISCOVERY_Device_Ble_GetDevice
0x00005600	0x000000D0	[  7] _ARDISCOVERY_DEVICE_Usb_CreateSpecificParameters
0x000056D0	0x00000060	[  7] _ARDISCOVERY_DEVICE_Usb_DeleteSpecificParameters
0x00005730	0x000000F0	[  7] _ARDISCOVERY_DEVICE_Usb_GetCopyOfSpecificParameters
0x00005820	0x00000030	[  7] _ARDISCOVERY_DEVICE_Usb_AddConnectionCallbacks
0x00005850	0x00000120	[  7] _ARDISCOVERY_DEVICE_Usb_NewARNetworkAL
0x00005970	0x000001F0	[  7] _ARDISCOVERY_DEVICE_Usb_DiscoveryConnect
0x00005B60	0x00000050	[  7] _ARDISCOVERY_DEVICE_Usb_DeleteARNetworkAL
0x00005BB0	0x00000140	[  7] _ARDISCOVERY_DEVICE_Usb_InitSkyController2NetworkConfiguration
0x00005CF0	0x00000010	[  7] _SkyController2StartStreamingGenerator
0x00005D00	0x00000010	[  7] _SkyController2StopStreamingGenerator
0x00005D10	0x00000070	[  7] _device_conn_resp_cb
0x00005D80	0x0000002C	[  7] _ARDISCOVERY_DEVICE_Usb_GetMux
0x00005DB0	0x000002C8	[  8] _ARDISCOVERY_Error_ToString
0x00006080	0x00000020	[  9] -[ARBLEService centralManager]
0x000060A0	0x00000020	[  9] -[ARBLEService setCentralManager:]
0x000060C0	0x00000020	[  9] -[ARBLEService peripheral]
0x000060E0	0x00000020	[  9] -[ARBLEService setPeripheral:]
0x00006100	0x00000010	[  9] -[ARBLEService connectionState]
0x00006110	0x00000010	[  9] -[ARBLEService setConnectionState:]
0x00006120	0x00000020	[  9] -[ARBLEService hasMinicam]
0x00006140	0x00000010	[  9] -[ARBLEService setHasMinicam:]
0x00006150	0x00000040	[  9] -[ARBLEService .cxx_destruct]
0x00006190	0x00000020	[  9] -[ARUSBService usbMux]
0x000061B0	0x00000020	[  9] -[ARUSBService setUsbMux:]
0x000061D0	0x00000020	[  9] -[ARUSBService connectionId]
0x000061F0	0x00000020	[  9] -[ARUSBService setConnectionId:]
0x00006210	0x00000020	[  9] -[ARUSBService serial]
0x00006230	0x00000020	[  9] -[ARUSBService setSerial:]
0x00006250	0x00000020	[  9] -[ARUSBService .cxx_destruct]
0x00006270	0x000002E0	[  9] -[ARService createDevice:]
0x00006550	0x00000310	[  9] -[ARService isEqual:]
0x00006860	0x00000020	[  9] -[ARService signal]
0x00006880	0x00000020	[  9] -[ARService setSignal:]
0x000068A0	0x00000020	[  9] -[ARService name]
0x000068C0	0x00000020	[  9] -[ARService setName:]
0x000068E0	0x00000010	[  9] -[ARService product]
0x000068F0	0x00000010	[  9] -[ARService setProduct:]
0x00006900	0x00000020	[  9] -[ARService service]
0x00006920	0x00000020	[  9] -[ARService setService:]
0x00006940	0x00000010	[  9] -[ARService network_type]
0x00006950	0x00000010	[  9] -[ARService setNetwork_type:]
0x00006960	0x00000050	[  9] -[ARService .cxx_destruct]
0x000069B0	0x00000040	[  9] +[ARDiscovery sharedInstance]
0x000069F0	0x000004E0	[  9] ___29+[ARDiscovery sharedInstance]_block_invoke
0x00006ED0	0x000000A0	[  9] -[ARDiscovery setSupportedProducts:]
0x00006F70	0x000000E0	[  9] -[ARDiscovery getCurrentListOfDevicesServices]
0x00007050	0x000000E0	[  9] -[ARDiscovery getCurrentListOfControllersServices]
0x00007130	0x000000E0	[  9] -[ARDiscovery getCurrentPublishedServiceName]
0x00007210	0x000000A0	[  9] -[ARDiscovery removeDeviceService:]
0x000072B0	0x000000F0	[  9] -[ARDiscovery isNetServiceValid:]
0x000073A0	0x000001D0	[  9] -[ARDiscovery resolveService:]
0x00007570	0x000000C0	[  9] -[ARDiscovery resolveServiceSync:]
0x00007630	0x00000260	[  9] -[ARDiscovery start]
0x00007890	0x00000080	[  9] -[ARDiscovery pauseBLE]
0x00007910	0x000001F0	[  9] -[ARDiscovery stop]
0x00007B00	0x000000D0	[  9] -[ARDiscovery removeAllServices]
0x00007BD0	0x000002B0	[  9] -[ARDiscovery removeAllBLEServices]
0x00007E80	0x000002B0	[  9] -[ARDiscovery removeAllUSBServices]
0x00008130	0x000002B0	[  9] -[ARDiscovery removeAllWifiServices]
0x000083E0	0x000002E0	[  9] -[ARDiscovery convertNSNetServiceToIp:]
0x000086C0	0x00000330	[  9] -[ARDiscovery uniqueNameFromServiceName:isController:]
0x000089F0	0x000001B0	[  9] -[ARDiscovery publishControllerServiceWithName:]
0x00008BA0	0x000000D0	[  9] -[ARDiscovery unpublishService]
0x00008C70	0x00000A10	[  9] -[ARDiscovery netServiceBrowser:didFindService:moreComing:]
0x00009680	0x00000410	[  9] -[ARDiscovery netServiceBrowser:didRemoveService:moreComing:]
0x00009A90	0x000000B0	[  9] -[ARDiscovery netService:didNotPublish:]
0x00009B40	0x00000090	[  9] -[ARDiscovery netServiceDidPublish:]
0x00009BD0	0x000000E0	[  9] -[ARDiscovery netService:didNotResolve:]
0x00009CB0	0x000000B0	[  9] -[ARDiscovery netServiceDidResolveAddress:]
0x00009D60	0x00000260	[  9] -[ARDiscovery deviceBLERemoveServices:]
0x00009FC0	0x00000050	[  9] -[ARDiscovery deviceBLETimeout:]
0x0000A010	0x00000170	[  9] -[ARDiscovery centralManagerDidUpdateState:]
0x0000A180	0x00000770	[  9] -[ARDiscovery centralManager:didDiscoverPeripheral:advertisementData:RSSI:]
0x0000A8F0	0x000001A0	[  9] ___75-[ARDiscovery centralManager:didDiscoverPeripheral:advertisementData:RSSI:]_block_invoke
0x0000AA90	0x00000030	[  9] ___copy_helper_block_
0x0000AAC0	0x00000030	[  9] ___destroy_helper_block_
0x0000AAF0	0x00000170	[  9] -[ARDiscovery centralManager:didDisconnectPeripheral:error:]
0x0000AC60	0x000000B0	[  9] -[ARDiscovery isParrotBLEDevice:]
0x0000AD10	0x00000010	[  9] -[ARDiscovery connectionStateForValue:]
0x0000AD20	0x00000130	[  9] -[ARDiscovery sendPublishNotification]
0x0000AE50	0x000000F0	[  9] -[ARDiscovery sendDevicesListUpdateNotification]
0x0000AF40	0x000000F0	[  9] -[ARDiscovery sendControllersListUpdateNotification]
0x0000B030	0x000000F0	[  9] -[ARDiscovery sendResolveNotification]
0x0000B120	0x00000060	[  9] -[ARDiscovery sendNotResolveNotification]
0x0000B180	0x00000020	[  9] -[ARDiscovery controllersServicesList]
0x0000B1A0	0x00000020	[  9] -[ARDiscovery setControllersServicesList:]
0x0000B1C0	0x00000020	[  9] -[ARDiscovery devicesServicesList]
0x0000B1E0	0x00000020	[  9] -[ARDiscovery setDevicesServicesList:]
0x0000B200	0x00000020	[  9] -[ARDiscovery devicesBLEServicesTimerList]
0x0000B220	0x00000020	[  9] -[ARDiscovery setDevicesBLEServicesTimerList:]
0x0000B240	0x00000020	[  9] -[ARDiscovery currentPublishedService]
0x0000B260	0x00000020	[  9] -[ARDiscovery setCurrentPublishedService:]
0x0000B280	0x00000020	[  9] -[ARDiscovery tryPublishService]
0x0000B2A0	0x00000020	[  9] -[ARDiscovery setTryPublishService:]
0x0000B2C0	0x00000020	[  9] -[ARDiscovery currentResolutionService]
0x0000B2E0	0x00000020	[  9] -[ARDiscovery setCurrentResolutionService:]
0x0000B300	0x00000020	[  9] -[ARDiscovery controllersServiceBrowser]
0x0000B320	0x00000020	[  9] -[ARDiscovery setControllersServiceBrowser:]
0x0000B340	0x00000020	[  9] -[ARDiscovery devicesServiceBrowsers]
0x0000B360	0x00000020	[  9] -[ARDiscovery setDevicesServiceBrowsers:]
0x0000B380	0x00000020	[  9] -[ARDiscovery valid]
0x0000B3A0	0x00000010	[  9] -[ARDiscovery setValid:]
0x0000B3B0	0x00000020	[  9] -[ARDiscovery centralManagerQueue]
0x0000B3D0	0x00000020	[  9] -[ARDiscovery setCentralManagerQueue:]
0x0000B3F0	0x00000020	[  9] -[ARDiscovery centralManager]
0x0000B410	0x00000020	[  9] -[ARDiscovery setCentralManager:]
0x0000B430	0x00000020	[  9] -[ARDiscovery centralManagerInitialized]
0x0000B450	0x00000010	[  9] -[ARDiscovery setCentralManagerInitialized:]
0x0000B460	0x00000020	[  9] -[ARDiscovery askForCBDiscovering]
0x0000B480	0x00000010	[  9] -[ARDiscovery setAskForCBDiscovering:]
0x0000B490	0x00000020	[  9] -[ARDiscovery isNSNetDiscovering]
0x0000B4B0	0x00000010	[  9] -[ARDiscovery setIsNSNetDiscovering:]
0x0000B4C0	0x00000020	[  9] -[ARDiscovery isCBDiscovering]
0x0000B4E0	0x00000010	[  9] -[ARDiscovery setIsCBDiscovering:]
0x0000B4F0	0x00000020	[  9] -[ARDiscovery supportedProducts]
0x0000B510	0x000000DB	[  9] -[ARDiscovery .cxx_destruct]
0x0000B5EC	0x00000006	[ 12] _ARCOMMANDS_Generator_GenerateARDrone3MediaStreamingVideoEnable
0x0000B5F2	0x00000006	[ 12] _ARCOMMANDS_Generator_GenerateJumpingSumoMediaStreamingVideoEnable
0x0000B5F8	0x00000006	[ 12] _ARCOMMANDS_Generator_GeneratePowerupMediaStreamingVideoEnable
0x0000B5FE	0x00000006	[ 11] _ARNETWORKAL_Manager_CloseBLENetwork
0x0000B604	0x00000006	[ 11] _ARNETWORKAL_Manager_CloseMuxNetwork
0x0000B60A	0x00000006	[ 11] _ARNETWORKAL_Manager_CloseWifiNetwork
0x0000B610	0x00000006	[ 11] _ARNETWORKAL_Manager_Delete
0x0000B616	0x00000006	[ 11] _ARNETWORKAL_Manager_InitBLENetwork
0x0000B61C	0x00000006	[ 11] _ARNETWORKAL_Manager_InitMuxNetwork
0x0000B622	0x00000006	[ 11] _ARNETWORKAL_Manager_InitWifiNetwork
0x0000B628	0x00000006	[ 11] _ARNETWORKAL_Manager_New
0x0000B62E	0x00000006	[ 11] _ARNETWORKAL_Manager_SetRecvClassSelector
0x0000B634	0x00000006	[ 11] _ARNETWORKAL_Manager_SetSendClassSelector
0x0000B63A	0x00000006	[ 11] _ARNETWORKAL_Manager_Unlock
0x0000B640	0x00000006	[ 10] _ARSAL_Print_PrintRawEx
0x0000B646	0x00000006	[ 10] _ARSAL_Sem_Destroy
0x0000B64C	0x00000006	[ 10] _ARSAL_Sem_Getvalue
0x0000B652	0x00000006	[ 10] _ARSAL_Sem_Init
0x0000B658	0x00000006	[ 10] _ARSAL_Sem_Post
0x0000B65E	0x00000006	[ 10] _ARSAL_Sem_Trywait
0x0000B664	0x00000006	[ 10] _ARSAL_Sem_Wait
0x0000B66A	0x00000006	[ 10] _ARSAL_Socket_Accept
0x0000B670	0x00000006	[ 10] _ARSAL_Socket_Bind
0x0000B676	0x00000006	[ 10] _ARSAL_Socket_Close
0x0000B67C	0x00000006	[ 10] _ARSAL_Socket_Connect
0x0000B682	0x00000006	[ 10] _ARSAL_Socket_Create
0x0000B688	0x00000006	[ 10] _ARSAL_Socket_Listen
0x0000B68E	0x00000006	[ 10] _ARSAL_Socket_Recv
0x0000B694	0x00000006	[ 10] _ARSAL_Socket_Send
0x0000B69A	0x00000006	[ 15] _NSLog
0x0000B6A0	0x00000006	[ 15] _NSStringFromClass
0x0000B6A6	0x00000006	[ 17] __Unwind_Resume
0x0000B6AC	0x00000006	[ 17] ___error
0x0000B6B2	0x00000006	[ 17] ___snprintf_chk
0x0000B6B8	0x00000006	[ 17] ___stack_chk_fail
0x0000B6BE	0x00000006	[ 17] ___strncpy_chk
0x0000B6C4	0x00000006	[ 17] _calloc
0x0000B6CA	0x00000006	[ 17] _close
0x0000B6D0	0x00000006	[ 17] _dispatch_async
0x0000B6D6	0x00000006	[ 17] _dispatch_once
0x0000B6DC	0x00000006	[ 17] _dispatch_queue_create
0x0000B6E2	0x00000006	[ 17] _dispatch_semaphore_create
0x0000B6E8	0x00000006	[ 17] _dispatch_semaphore_signal
0x0000B6EE	0x00000006	[ 17] _dispatch_semaphore_wait
0x0000B6F4	0x00000006	[ 17] _fcntl
0x0000B6FA	0x00000006	[ 17] _free
0x0000B700	0x00000006	[ 17] _getsockopt
0x0000B706	0x00000006	[ 17] _inet_addr
0x0000B70C	0x00000006	[ 17] _inet_ntoa
0x0000B712	0x00000006	[ 17] _inet_ntop
0x0000B718	0x00000006	[ 16] _json_object_get
0x0000B71E	0x00000006	[ 16] _json_object_get_int
0x0000B724	0x00000006	[ 16] _json_object_get_string
0x0000B72A	0x00000006	[ 16] _json_object_new_int
0x0000B730	0x00000006	[ 16] _json_object_new_object
0x0000B736	0x00000006	[ 16] _json_object_object_add
0x0000B73C	0x00000006	[ 16] _json_object_object_del
0x0000B742	0x00000006	[ 16] _json_object_object_get_ex
0x0000B748	0x00000006	[ 16] _json_object_put
0x0000B74E	0x00000006	[ 16] _json_object_to_json_string
0x0000B754	0x00000006	[ 16] _json_tokener_parse
0x0000B75A	0x00000006	[ 17] _malloc
0x0000B760	0x00000006	[ 17] _memcpy
0x0000B766	0x00000006	[ 13] _mux_channel_close
0x0000B76C	0x00000006	[ 13] _mux_channel_open
0x0000B772	0x00000006	[ 13] _mux_encode
0x0000B778	0x00000006	[ 13] _mux_ref
0x0000B77E	0x00000006	[ 13] _mux_unref
0x0000B784	0x00000006	[ 18] _objc_autoreleaseReturnValue
0x0000B78A	0x00000006	[ 18] _objc_enumerationMutation
0x0000B790	0x00000006	[ 18] _objc_retainAutorelease
0x0000B796	0x00000006	[ 18] _objc_retainAutoreleaseReturnValue
0x0000B79C	0x00000006	[ 18] _objc_retainAutoreleasedReturnValue
0x0000B7A2	0x00000006	[ 18] _objc_storeStrong
0x0000B7A8	0x00000006	[ 18] _objc_sync_enter
0x0000B7AE	0x00000006	[ 18] _objc_sync_exit
0x0000B7B4	0x00000006	[ 17] _pipe
0x0000B7BA	0x00000006	[ 14] _pomp_msg_destroy
0x0000B7C0	0x00000006	[ 14] _pomp_msg_get_buffer
0x0000B7C6	0x00000006	[ 14] _pomp_msg_get_id
0x0000B7CC	0x00000006	[ 14] _pomp_msg_new
0x0000B7D2	0x00000006	[ 14] _pomp_msg_new_with_buffer
0x0000B7D8	0x00000006	[ 14] _pomp_msg_read
0x0000B7DE	0x00000006	[ 14] _pomp_msg_writev
0x0000B7E4	0x00000006	[ 17] _read
0x0000B7EA	0x00000006	[ 17] _realloc
0x0000B7F0	0x00000006	[ 17] _select$1050
0x0000B7F6	0x00000006	[ 17] _setsockopt
0x0000B7FC	0x00000006	[ 17] _sleep
0x0000B802	0x00000006	[ 17] _strcmp
0x0000B808	0x00000006	[ 17] _strdup
0x0000B80E	0x00000006	[ 17] _strerror
0x0000B814	0x00000006	[ 17] _strlen
0x0000B81A	0x00000006	[ 17] _strncmp
0x0000B820	0x00000006	[ 17] _strncpy
0x0000B826	0x00000006	[ 17] _write
0x0000B82C	0x00000010	[  0] helper helper
0x0000B83C	0x0000000A	[ 10] _ARSAL_Print_PrintRawEx
0x0000B846	0x0000000A	[ 10] _ARSAL_Sem_Destroy
0x0000B850	0x0000000A	[ 10] _ARSAL_Sem_Getvalue
0x0000B85A	0x0000000A	[ 10] _ARSAL_Sem_Init
0x0000B864	0x0000000A	[ 10] _ARSAL_Sem_Post
0x0000B86E	0x0000000A	[ 10] _ARSAL_Sem_Trywait
0x0000B878	0x0000000A	[ 10] _ARSAL_Sem_Wait
0x0000B882	0x0000000A	[ 10] _ARSAL_Socket_Accept
0x0000B88C	0x0000000A	[ 10] _ARSAL_Socket_Bind
0x0000B896	0x0000000A	[ 10] _ARSAL_Socket_Close
0x0000B8A0	0x0000000A	[ 10] _ARSAL_Socket_Connect
0x0000B8AA	0x0000000A	[ 10] _ARSAL_Socket_Create
0x0000B8B4	0x0000000A	[ 10] _ARSAL_Socket_Listen
0x0000B8BE	0x0000000A	[ 10] _ARSAL_Socket_Recv
0x0000B8C8	0x0000000A	[ 10] _ARSAL_Socket_Send
0x0000B8D2	0x0000000A	[ 11] _ARNETWORKAL_Manager_CloseBLENetwork
0x0000B8DC	0x0000000A	[ 11] _ARNETWORKAL_Manager_CloseMuxNetwork
0x0000B8E6	0x0000000A	[ 11] _ARNETWORKAL_Manager_CloseWifiNetwork
0x0000B8F0	0x0000000A	[ 11] _ARNETWORKAL_Manager_Delete
0x0000B8FA	0x0000000A	[ 11] _ARNETWORKAL_Manager_InitBLENetwork
0x0000B904	0x0000000A	[ 11] _ARNETWORKAL_Manager_InitMuxNetwork
0x0000B90E	0x0000000A	[ 11] _ARNETWORKAL_Manager_InitWifiNetwork
0x0000B918	0x0000000A	[ 11] _ARNETWORKAL_Manager_New
0x0000B922	0x0000000A	[ 11] _ARNETWORKAL_Manager_SetRecvClassSelector
0x0000B92C	0x0000000A	[ 11] _ARNETWORKAL_Manager_SetSendClassSelector
0x0000B936	0x0000000A	[ 11] _ARNETWORKAL_Manager_Unlock
0x0000B940	0x0000000A	[ 12] _ARCOMMANDS_Generator_GenerateARDrone3MediaStreamingVideoEnable
0x0000B94A	0x0000000A	[ 12] _ARCOMMANDS_Generator_GenerateJumpingSumoMediaStreamingVideoEnable
0x0000B954	0x0000000A	[ 12] _ARCOMMANDS_Generator_GeneratePowerupMediaStreamingVideoEnable
0x0000B95E	0x0000000A	[ 13] _mux_channel_close
0x0000B968	0x0000000A	[ 13] _mux_channel_open
0x0000B972	0x0000000A	[ 13] _mux_encode
0x0000B97C	0x0000000A	[ 13] _mux_ref
0x0000B986	0x0000000A	[ 13] _mux_unref
0x0000B990	0x0000000A	[ 14] _pomp_msg_destroy
0x0000B99A	0x0000000A	[ 14] _pomp_msg_get_buffer
0x0000B9A4	0x0000000A	[ 14] _pomp_msg_get_id
0x0000B9AE	0x0000000A	[ 14] _pomp_msg_new
0x0000B9B8	0x0000000A	[ 14] _pomp_msg_new_with_buffer
0x0000B9C2	0x0000000A	[ 14] _pomp_msg_read
0x0000B9CC	0x0000000A	[ 14] _pomp_msg_writev
0x0000B9D6	0x0000000A	[ 15] _NSLog
0x0000B9E0	0x0000000A	[ 15] _NSStringFromClass
0x0000B9EA	0x0000000A	[ 16] _json_object_get
0x0000B9F4	0x0000000A	[ 16] _json_object_get_int
0x0000B9FE	0x0000000A	[ 16] _json_object_get_string
0x0000BA08	0x0000000A	[ 16] _json_object_new_int
0x0000BA12	0x0000000A	[ 16] _json_object_new_object
0x0000BA1C	0x0000000A	[ 16] _json_object_object_add
0x0000BA26	0x0000000A	[ 16] _json_object_object_del
0x0000BA30	0x0000000A	[ 16] _json_object_object_get_ex
0x0000BA3A	0x0000000A	[ 16] _json_object_put
0x0000BA44	0x0000000A	[ 16] _json_object_to_json_string
0x0000BA4E	0x0000000A	[ 16] _json_tokener_parse
0x0000BA58	0x0000000A	[ 17] __Unwind_Resume
0x0000BA62	0x0000000A	[ 17] ___error
0x0000BA6C	0x0000000A	[ 17] ___snprintf_chk
0x0000BA76	0x0000000A	[ 17] ___stack_chk_fail
0x0000BA80	0x0000000A	[ 17] ___strncpy_chk
0x0000BA8A	0x0000000A	[ 17] _calloc
0x0000BA94	0x0000000A	[ 17] _close
0x0000BA9E	0x0000000A	[ 17] _dispatch_async
0x0000BAA8	0x0000000A	[ 17] _dispatch_once
0x0000BAB2	0x0000000A	[ 17] _dispatch_queue_create
0x0000BABC	0x0000000A	[ 17] _dispatch_semaphore_create
0x0000BAC6	0x0000000A	[ 17] _dispatch_semaphore_signal
0x0000BAD0	0x0000000A	[ 17] _dispatch_semaphore_wait
0x0000BADA	0x0000000A	[ 17] _fcntl
0x0000BAE4	0x0000000A	[ 17] _free
0x0000BAEE	0x0000000A	[ 17] _getsockopt
0x0000BAF8	0x0000000A	[ 17] _inet_addr
0x0000BB02	0x0000000A	[ 17] _inet_ntoa
0x0000BB0C	0x0000000A	[ 17] _inet_ntop
0x0000BB16	0x0000000A	[ 17] _malloc
0x0000BB20	0x0000000A	[ 17] _memcpy
0x0000BB2A	0x0000000A	[ 17] _pipe
0x0000BB34	0x0000000A	[ 17] _read
0x0000BB3E	0x0000000A	[ 17] _realloc
0x0000BB48	0x0000000A	[ 17] _select$1050
0x0000BB52	0x0000000A	[ 17] _setsockopt
0x0000BB5C	0x0000000A	[ 17] _sleep
0x0000BB66	0x0000000A	[ 17] _strcmp
0x0000BB70	0x0000000A	[ 17] _strdup
0x0000BB7A	0x0000000A	[ 17] _strerror
0x0000BB84	0x0000000A	[ 17] _strlen
0x0000BB8E	0x0000000A	[ 17] _strncmp
0x0000BB98	0x0000000A	[ 17] _strncpy
0x0000BBA2	0x0000000A	[ 17] _write
0x0000BBAC	0x0000000A	[ 18] _objc_autoreleaseReturnValue
0x0000BBB6	0x0000000A	[ 18] _objc_enumerationMutation
0x0000BBC0	0x0000000A	[ 18] _objc_retainAutorelease
0x0000BBCA	0x0000000A	[ 18] _objc_retainAutoreleaseReturnValue
0x0000BBD4	0x0000000A	[ 18] _objc_retainAutoreleasedReturnValue
0x0000BBDE	0x0000000A	[ 18] _objc_storeStrong
0x0000BBE8	0x0000000A	[ 18] _objc_sync_enter
0x0000BBF2	0x0000000A	[ 18] _objc_sync_exit
0x0000BBFC	0x0000002B	[  1] literal string: ARDISCOVERY_Connection_DeviceListeningLoop
0x0000BC27	0x00000017	[  1] literal string: ARDISCOVERY_Connection
0x0000BC3E	0x00000018	[  1] literal string: Device accepts a socket
0x0000BC56	0x0000000A	[  1] literal string: error: %s
0x0000BC60	0x00000028	[  1] literal string: ARDISCOVERY_Connection_DeviceInitSocket
0x0000BC88	0x00000012	[  1] literal string: bind() failed: %s
0x0000BC9A	0x00000014	[  1] literal string: listen() failed: %s
0x0000BCAE	0x0000002C	[  1] literal string: ARDISCOVERY_Connection_ControllerInitSocket
0x0000BCDA	0x00000010	[  1] literal string: fcntl error: %s
0x0000BCEA	0x00000027	[  1] literal string: contoller try to connect ip:%s port:%d
0x0000BD11	0x00000015	[  1] literal string: fcntl() error: %d %s
0x0000BD26	0x0000001A	[  1] literal string: getsockopt() error: %d %s
0x0000BD40	0x0000001A	[  1] literal string: connect() SO_ERROR: %d %s
0x0000BD5A	0x00000014	[  1] literal string: read() error: %d %s
0x0000BD6E	0x0000001B	[  1] literal string: ARDISCOVERY_Socket_Connect
0x0000BD89	0x0000003D	[  1] literal string: connect() failed: %d %s => Try reconnecting after %d seconds
0x0000BDC6	0x00000018	[  1] literal string: connect() failed: %d %s
0x0000BDDE	0x00000024	[  1] literal string: ARDISCOVERY_Connection_DeviceAccept
0x0000BE02	0x00000020	[  1] literal string: Device waits to accept a socket
0x0000BE22	0x00000014	[  1] literal string: accept() failed: %s
0x0000BE36	0x00000021	[  1] literal string: ARDISCOVERY_Connection_RxPending
0x0000BE57	0x00000015	[  1] literal string: No more data to read
0x0000BE6C	0x00000021	[  1] literal string: ARSAL_Socket_Recv did return %zd
0x0000BE8D	0x00000011	[  1] literal string: realloc size: %d
0x0000BE9E	0x00000013	[  1] literal string: data read size: %d
0x0000BEB1	0x0000000E	[  1] literal string: data read: %s
0x0000BEBF	0x00000021	[  1] literal string: ARDISCOVERY_Connection_TxPending
0x0000BEE0	0x00000013	[  1] literal string: data send size: %d
0x0000BEF3	0x0000000E	[  1] literal string: data send: %s
0x0000BF01	0x00000002	[  1] literal string: x
0x0000BF03	0x0000001E	[  1] literal string: ARDISCOVERY_Connection_Unlock
0x0000BF21	0x00000015	[  1] literal string: write() error: %d %s
0x0000BF36	0x00000019	[  2] literal string: ARDISCOVERY_getProductID
0x0000BF4F	0x00000016	[  2] literal string: ARDISCOVERY_Discovery
0x0000BF65	0x00000015	[  2] literal string: Unknown product : %d
0x0000BF7A	0x0000001B	[  2] literal string: ARDISCOVERY_getProductName
0x0000BF95	0x00000008	[  2] literal string: UNKNOWN
0x0000BF9D	0x0000001F	[  2] literal string: ARDISCOVERY_getProductPathName
0x0000BFBC	0x0000000C	[  2] literal string: Bebop Drone
0x0000BFC8	0x0000000D	[  2] literal string: Jumping Sumo
0x0000BFD5	0x0000000E	[  2] literal string: SkyController
0x0000BFE3	0x0000000E	[  2] literal string: Jumping Night
0x0000BFF1	0x0000000D	[  2] literal string: Jumping Race
0x0000BFFE	0x00000008	[  2] literal string: Bebop 2
0x0000C006	0x00000009	[  2] literal string: Power Up
0x0000C00F	0x00000006	[  2] literal string: Disco
0x0000C015	0x00000011	[  2] literal string: Unknownproduct_4
0x0000C026	0x00000011	[  2] literal string: Unknownproduct_5
0x0000C037	0x0000000A	[  2] literal string: Bluegrass
0x0000C041	0x0000000F	[  2] literal string: Rolling Spider
0x0000C050	0x0000000F	[  2] literal string: Airborne Night
0x0000C05F	0x0000000F	[  2] literal string: Airborne Cargo
0x0000C06E	0x0000000A	[  2] literal string: Hydrofoil
0x0000C078	0x00000006	[  2] literal string: Mambo
0x0000C07E	0x00000006	[  2] literal string: Swing
0x0000C084	0x00000010	[  2] literal string: SkyController 2
0x0000C094	0x00000011	[  2] literal string: SkyController 2P
0x0000C0A5	0x00000007	[  2] literal string: Flypad
0x0000C0AC	0x00000008	[  2] literal string: Sequoia
0x0000C0B4	0x00000022	[  3] literal string: ARDISCOVERY_Device_NewARNetworkAL
0x0000C0D6	0x00000013	[  3] literal string: ARDISCOVERY_Device
0x0000C0E9	0x0000001C	[  3] literal string: ARDISCOVERY_Device_InitWifi
0x0000C105	0x00000015	[  3] literal string: Product:%d not known
0x0000C11A	0x0000001B	[  3] literal string: ARDISCOVERY_Device_InitBLE
0x0000C135	0x0000001B	[  3] literal string: ARDISCOVERY_Device_InitUSB
0x0000C150	0x0000001D	[  4] literal string: ARDiscovery_MuxDiscovery_new
0x0000C16D	0x00000019	[  4] literal string: ARDISCOVERY_MuxDiscovery
0x0000C186	0x00000023	[  4] literal string: Error opening discovery channel %d
0x0000C1A9	0x00000023	[  4] literal string: Error sending discovery request %d
0x0000C1CC	0x0000001E	[  4] literal string: ARDiscovery_MuxConnection_new
0x0000C1EA	0x00000021	[  4] literal string: Error opening backend channel %d
0x0000C20B	0x00000026	[  4] literal string: ARDiscovery_MuxConnection_sendConnReq
0x0000C231	0x00000028	[  4] literal string: mux_write_msg MUX_ARSDK_MSG_ID_CONN_REQ
0x0000C259	0x00000009	[  4] literal string: %s%s%s%s
0x0000C262	0x00000024	[  4] literal string: Error sending Connection request %d
0x0000C286	0x00000030	[  4] literal string: mux_write_msg MUX_ARSDK_MSG_ID_CONN_REQ done %d
0x0000C2B6	0x00000019	[  4] literal string: mux_discovery_channel_cb
0x0000C2CF	0x0000001C	[  4] literal string: mux discovery channel reset
0x0000C2EB	0x00000025	[  4] literal string: unsupported discovery channel msg %d
0x0000C310	0x00000027	[  4] literal string: unsupported discovery channel event %d
0x0000C337	0x00000009	[  4] literal string: %ms%u%ms
0x0000C340	0x00000010	[  4] literal string: rx_device_added
0x0000C350	0x00000017	[  4] literal string: pomp_msg_read error %d
0x0000C367	0x00000012	[  4] literal string: rx_device_removed
0x0000C379	0x0000000E	[  4] literal string: mux_write_msg
0x0000C387	0x00000018	[  4] literal string: error pomp_msg_write %d
0x0000C39F	0x00000014	[  4] literal string: error mux_encode %d
0x0000C3B3	0x00000017	[  4] literal string: mux_backend_channel_cb
0x0000C3CA	0x0000001A	[  4] literal string: mux backend channel reset
0x0000C3E4	0x00000023	[  4] literal string: unsupported backend channel msg %d
0x0000C407	0x00000025	[  4] literal string: unsupported backend channel event %d
0x0000C42C	0x00000006	[  4] literal string: %d%ms
0x0000C432	0x00000011	[  4] literal string: mux_rx_conn_resp
0x0000C443	0x00000003	[  5] literal string: %s
0x0000C446	0x00000022	[  5] literal string: rtsp://192.168.99.1/media/stream2
0x0000C468	0x00000009	[  5] literal string: qos_mode
0x0000C471	0x00000009	[  5] literal string: d2c_port
0x0000C47A	0x00000009	[  5] literal string: c2d_port
0x0000C483	0x00000007	[  5] literal string: status
0x0000C48A	0x00000001	[  7] literal string: 
0x0000C48B	0x00000010	[  7] literal string: controller_name
0x0000C49B	0x00000010	[  7] literal string: controller_type
0x0000C4AB	0x0000000F	[  7] literal string: generic_device
0x0000C4BA	0x0000000D	[  7] literal string: arsdk_client
0x0000C4C7	0x00000009	[  8] literal string: No error
0x0000C4D0	0x00000016	[  8] literal string: Unknown generic error
0x0000C4E6	0x0000002A	[  8] literal string: Avahi failed to create simple poll object
0x0000C510	0x0000001E	[  8] literal string: Avahi failed to create client
0x0000C52E	0x0000001D	[  8] literal string: Failed to create config file
0x0000C54B	0x0000001D	[  8] literal string: Failed to delete config file
0x0000C568	0x00000023	[  8] literal string: Avahi failed to create entry group
0x0000C58B	0x0000001C	[  8] literal string: Avahi failed to add service
0x0000C5A7	0x0000001D	[  8] literal string: Avahi failed to commit group
0x0000C5C4	0x00000034	[  8] literal string: Avahi failed to allocate desired number of browsers
0x0000C5F8	0x00000023	[  8] literal string: Avahi failed to create one browser
0x0000C61B	0x00000028	[  8] literal string: Failed to allocate connection resources
0x0000C643	0x00000019	[  8] literal string: Wrong type to connect as
0x0000C65C	0x00000016	[  8] literal string: Socket creation error
0x0000C672	0x00000020	[  8] literal string: Socket access permission denied
0x0000C692	0x0000001C	[  8] literal string: Socket is already connected
0x0000C6AE	0x00000015	[  8] literal string: Socket accept failed
0x0000C6C3	0x00000020	[  8] literal string: Failed to write frame to socket
0x0000C6E3	0x00000021	[  8] literal string: Failed to read frame from socket
0x0000C704	0x00000016	[  8] literal string: Failed to select sets
0x0000C71A	0x0000000E	[  8] literal string: timeout error
0x0000C728	0x00000014	[  8] literal string: Aborted by the user
0x0000C73C	0x0000001D	[  8] literal string: Failed to intitialize a pipe
0x0000C759	0x0000000F	[  8] literal string: Bad parameters
0x0000C768	0x00000012	[  8] literal string: discovery is busy
0x0000C77A	0x0000001D	[  8] literal string: host or net is not reachable
0x0000C797	0x00000025	[  8] literal string: the length of the output is to small
0x0000C7BC	0x0000000A	[  8] literal string: JNI error
0x0000C7C6	0x00000025	[  8] literal string: JNI virtual machine, not initialized
0x0000C7EB	0x00000015	[  8] literal string: null JNI environment
0x0000C800	0x0000001B	[  8] literal string: null jni callback listener
0x0000C81B	0x00000011	[  8] literal string: Connection error
0x0000C82C	0x0000001A	[  8] literal string: Product already connected
0x0000C846	0x0000001D	[  8] literal string: Product not ready to connect
0x0000C863	0x0000001B	[  8] literal string: It is not the good Product
0x0000C87E	0x00000015	[  8] literal string: Device generic error
0x0000C893	0x00000033	[  8] literal string: The current device does not support this operation
0x0000C8C6	0x00000013	[  8] literal string: Json generic error
0x0000C8D9	0x00000014	[  8] literal string: Json parssing error
0x0000C8ED	0x00000035	[  8] literal string: The size of the buffer storing the Json is too small
0x0000C922	0x0000000E	[  8] literal string: Unknown value
0x0000C930	0x0000000F	[  9] literal string: centralManager
0x0000C93F	0x0000002E	[  9] literal string: T@"ARSAL_CentralManager",&,N,V_centralManager
0x0000C96D	0x0000000B	[  9] literal string: peripheral
0x0000C978	0x00000022	[  9] literal string: T@"CBPeripheral",&,N,V_peripheral
0x0000C99A	0x00000010	[  9] literal string: connectionState
0x0000C9AA	0x00000017	[  9] literal string: Ti,N,V_connectionState
0x0000C9C1	0x0000000B	[  9] literal string: hasMinicam
0x0000C9CC	0x00000012	[  9] literal string: Tc,N,V_hasMinicam
0x0000C9DE	0x00000007	[  9] literal string: usbMux
0x0000C9E5	0x00000018	[  9] literal string: T^{mux_ctx=},N,V_usbMux
0x0000C9FD	0x0000000D	[  9] literal string: connectionId
0x0000CA0A	0x00000014	[  9] literal string: TQ,N,V_connectionId
0x0000CA1E	0x00000007	[  9] literal string: serial
0x0000CA25	0x0000001A	[  9] literal string: T@"NSString",&,N,V_serial
0x0000CA3F	0x00000016	[  9] literal string: -[ARService isEqual:]
0x0000CA55	0x0000001D	[  9] literal string: ARDISCOVERY_BonjourDiscovery
0x0000CA72	0x0000001C	[  9] literal string: Unknown network media type.
0x0000CA8E	0x00000005	[  9] literal string: name
0x0000CA93	0x00000018	[  9] literal string: T@"NSString",&,N,V_name
0x0000CAAB	0x00000008	[  9] literal string: product
0x0000CAB3	0x0000000F	[  9] literal string: Ti,N,V_product
0x0000CAC2	0x00000008	[  9] literal string: service
0x0000CACA	0x00000011	[  9] literal string: T@,&,N,V_service
0x0000CADB	0x0000000D	[  9] literal string: network_type
0x0000CAE8	0x00000014	[  9] literal string: Ti,N,V_network_type
0x0000CAFC	0x00000007	[  9] literal string: signal
0x0000CB03	0x00000019	[  9] literal string: T@"NSNumber",&,N,Vsignal
0x0000CB1C	0x00000030	[  9] literal string: com.parrot.ardiscovery.ble-centralmanager-queue
0x0000CB4C	0x00000006	[  9] literal string: v8@?0
0x0000CB52	0x00000029	[  9] literal string: %s Supported products list was not empty
0x0000CB7B	0x00000025	[  9] literal string: -[ARDiscovery setSupportedProducts:]
0x0000CBA0	0x00000012	[  9] literal string: _arsdk-%04x._udp.
0x0000CBB2	0x00000015	[  9] literal string: -[ARDiscovery start]
0x0000CBC7	0x00000006	[  9] literal string: %s:%d
0x0000CBCD	0x00000010	[  9] literal string: _arsdk-ff3._udp
0x0000CBDD	0x00000006	[  9] literal string: local
0x0000CBE3	0x00000018	[  9] literal string: -[ARDiscovery pauseBLE]
0x0000CBFB	0x00000014	[  9] literal string: -[ARDiscovery stop]
0x0000CC0F	0x00000003	[  9] literal string: %@
0x0000CC12	0x00000015	[  9] literal string: Resolved:%@-->%@:%u\n
0x0000CC27	0x00000003	[  9] literal string: %d
0x0000CC2A	0x00000017	[  9] literal string: Service found : %@, %@
0x0000CC41	0x00000052	[  9] literal string: Service's TXTRecordData is nil. Updated controllers list notification is not sent
0x0000CC93	0x0000000C	[  9] literal string: rssi_signal
0x0000CC9F	0x00000038	[  9] literal string: netServiceBrowser %@ didRemoveService %@ moreComing: %i
0x0000CCD7	0x00000018	[  9] literal string: Removed service %@ : %@
0x0000CCEF	0x0000001D	[  9] literal string: New CBCentralManager state :
0x0000CD0C	0x00000022	[  9] literal string: %@ CBCentralManagerStatePoweredOn
0x0000CD2E	0x00000022	[  9] literal string: %@ CBCentralManagerStateResetting
0x0000CD50	0x00000024	[  9] literal string: %@ CBCentralManagerStateUnsupported
0x0000CD74	0x00000025	[  9] literal string: %@ CBCentralManagerStateUnauthorized
0x0000CD99	0x00000023	[  9] literal string: %@ CBCentralManagerStatePoweredOff
0x0000CDBC	0x00000020	[  9] literal string: %@ CBCentralManagerStateUnknown
0x0000CDDC	0x0000000E	[  9] literal string: New device %@
0x0000CDEA	0x00000037	[  9] literal string: centralManager %@ didDisconnectPeripheral %@ error: %@
0x0000CE21	0x0000001C	[  9] literal string: Will remove BLE service: %@
0x0000CE3D	0x00000018	[  9] literal string: kARDiscoveryServiceName
0x0000CE55	0x00000029	[  9] literal string: kARDiscoveryNotificationServicePublished
0x0000CE7E	0x00000019	[  9] literal string: kARDiscoveryServicesList
0x0000CE97	0x00000033	[  9] literal string: kARDiscoveryNotificationServicesDevicesListUpdated
0x0000CECA	0x00000037	[  9] literal string: kARDiscoveryNotificationServicesControllersListUpdated
0x0000CF01	0x0000001C	[  9] literal string: kARDiscoveryServiceResolved
0x0000CF1D	0x00000028	[  9] literal string: kARDiscoveryNotificationServiceResolved
0x0000CF45	0x0000002B	[  9] literal string: kARDiscoveryNotificationServiceNotResolved
0x0000CF70	0x00000005	[  9] literal string: hash
0x0000CF75	0x00000005	[  9] literal string: TQ,R
0x0000CF7A	0x0000000B	[  9] literal string: superclass
0x0000CF85	0x00000005	[  9] literal string: T#,R
0x0000CF8A	0x0000000C	[  9] literal string: description
0x0000CF96	0x00000011	[  9] literal string: T@"NSString",R,C
0x0000CFA7	0x00000011	[  9] literal string: debugDescription
0x0000CFB8	0x00000012	[  9] literal string: supportedProducts
0x0000CFCA	0x00000022	[  9] literal string: T@"NSSet",&,N,V_supportedProducts
0x0000CFEC	0x00000018	[  9] literal string: controllersServicesList
0x0000D004	0x00000035	[  9] literal string: T@"NSMutableDictionary",&,N,VcontrollersServicesList
0x0000D039	0x00000014	[  9] literal string: devicesServicesList
0x0000D04D	0x00000031	[  9] literal string: T@"NSMutableDictionary",&,N,VdevicesServicesList
0x0000D07E	0x00000018	[  9] literal string: currentPublishedService
0x0000D096	0x0000002E	[  9] literal string: T@"NSNetService",&,N,VcurrentPublishedService
0x0000D0C4	0x00000012	[  9] literal string: tryPublishService
0x0000D0D6	0x00000028	[  9] literal string: T@"NSNetService",&,N,VtryPublishService
0x0000D0FE	0x00000019	[  9] literal string: currentResolutionService
0x0000D117	0x0000002C	[  9] literal string: T@"ARService",&,N,VcurrentResolutionService
0x0000D143	0x0000001A	[  9] literal string: controllersServiceBrowser
0x0000D15D	0x00000037	[  9] literal string: T@"NSNetServiceBrowser",&,N,VcontrollersServiceBrowser
0x0000D194	0x00000017	[  9] literal string: devicesServiceBrowsers
0x0000D1AB	0x0000002F	[  9] literal string: T@"NSMutableArray",&,N,VdevicesServiceBrowsers
0x0000D1DA	0x00000014	[  9] literal string: centralManagerQueue
0x0000D1EE	0x00000039	[  9] literal string: T@"NSObject<OS_dispatch_queue>",&,N,VcentralManagerQueue
0x0000D227	0x0000002D	[  9] literal string: T@"ARSAL_CentralManager",&,N,VcentralManager
0x0000D254	0x0000001A	[  9] literal string: centralManagerInitialized
0x0000D26E	0x00000020	[  9] literal string: Tc,N,VcentralManagerInitialized
0x0000D28E	0x0000001C	[  9] literal string: devicesBLEServicesTimerList
0x0000D2AA	0x00000039	[  9] literal string: T@"NSMutableDictionary",&,N,VdevicesBLEServicesTimerList
0x0000D2E3	0x00000006	[  9] literal string: valid
0x0000D2E9	0x0000000C	[  9] literal string: Tc,N,Vvalid
0x0000D2F5	0x00000013	[  9] literal string: isNSNetDiscovering
0x0000D308	0x00000019	[  9] literal string: Tc,N,VisNSNetDiscovering
0x0000D321	0x00000010	[  9] literal string: isCBDiscovering
0x0000D331	0x00000016	[  9] literal string: Tc,N,VisCBDiscovering
0x0000D347	0x00000014	[  9] literal string: askForCBDiscovering
0x0000D35B	0x0000001A	[  9] literal string: Tc,N,VaskForCBDiscovering
0x0000D380	0x00000010	[  1] 16-byte-literal
0x0000D390	0x00000030	[  2] _ARDISCOVERY_Discovery_ProductTable
0x0000D3C0	0x00000058	[  2] l_switch.table
0x0000D420	0x00000010	[  5] 16-byte-literal
0x0000D430	0x00000010	[  5] 16-byte-literal
0x0000D440	0x00000010	[  5] 16-byte-literal
0x0000D450	0x00000010	[  5] 16-byte-literal
0x0000D460	0x00000010	[  5] 16-byte-literal
0x0000D470	0x00000010	[  5] 16-byte-literal
0x0000D480	0x00000010	[  5] 16-byte-literal
0x0000D490	0x00000010	[  5] 16-byte-literal
0x0000D4A0	0x00000010	[  5] 16-byte-literal
0x0000D4B0	0x00000010	[  5] 16-byte-literal
0x0000D4C0	0x00000010	[  5] 16-byte-literal
0x0000D4D0	0x00000010	[  5] 16-byte-literal
0x0000D4E0	0x00000030	[  5] l_switch.table
0x0000D510	0x00000010	[  6] 16-byte-literal
0x0000D520	0x00000010	[  6] 16-byte-literal
0x0000D530	0x00000010	[  6] 16-byte-literal
0x0000D540	0x00000010	[  6] 16-byte-literal
0x0000D550	0x00000008	[  9] 8-byte-literal
0x0000D558	0x00000008	[  9] 8-byte-literal
0x0000D560	0x0000002C	[  9] GCC_except_table31
0x0000D58C	0x00000060	[  9] GCC_except_table32
0x0000D5EC	0x00000060	[  9] GCC_except_table33
0x0000D64C	0x00000060	[  9] GCC_except_table34
0x0000D6AC	0x00000118	[  9] GCC_except_table37
0x0000D7C4	0x00000098	[  9] GCC_except_table42
0x0000D85C	0x000000B0	[  9] GCC_except_table43
0x0000D90C	0x000000B0	[  9] GCC_except_table44
0x0000D9BC	0x000000B0	[  9] GCC_except_table45
0x0000DA6C	0x000000E4	[  9] GCC_except_table48
0x0000DB50	0x00000060	[  9] GCC_except_table49
0x0000DBB0	0x00000544	[  9] GCC_except_table50
0x0000E0F4	0x00000278	[  9] GCC_except_table51
0x0000E36C	0x0000002C	[  9] GCC_except_table52
0x0000E398	0x0000002C	[  9] GCC_except_table53
0x0000E3C4	0x0000002C	[  9] GCC_except_table54
0x0000E3F0	0x0000002C	[  9] GCC_except_table55
0x0000E41C	0x0000019C	[  9] GCC_except_table56
0x0000E5B8	0x00000308	[  9] GCC_except_table59
0x0000E8C0	0x0000000D	[  9] literal string: ARBLEService
0x0000E8CD	0x00000002	[  9] literal string: 
0x0000E8CF	0x0000000D	[  9] literal string: ARUSBService
0x0000E8DC	0x00000002	[  9] literal string: !
0x0000E8DE	0x0000000A	[  9] literal string: ARService
0x0000E8E8	0x00000002	[  9] literal string: 
0x0000E8EA	0x0000000C	[  9] literal string: ARDiscovery
0x0000E8F6	0x0000001C	[  9] literal string: NSNetServiceBrowserDelegate
0x0000E912	0x00000009	[  9] literal string: NSObject
0x0000E91B	0x00000015	[  9] literal string: NSNetServiceDelegate
0x0000E930	0x00000019	[  9] literal string: CBCentralManagerDelegate
0x0000E949	0x00000003	[  9] literal string: 
0x0000E94C	0x0000000E	[  9] literal string: .cxx_destruct
0x0000E95A	0x0000000F	[  9] literal string: centralManager
0x0000E969	0x00000013	[  9] literal string: setCentralManager:
0x0000E97C	0x0000000B	[  9] literal string: peripheral
0x0000E987	0x0000000F	[  9] literal string: setPeripheral:
0x0000E996	0x00000010	[  9] literal string: connectionState
0x0000E9A6	0x00000014	[  9] literal string: setConnectionState:
0x0000E9BA	0x0000000B	[  9] literal string: hasMinicam
0x0000E9C5	0x0000000F	[  9] literal string: setHasMinicam:
0x0000E9D4	0x0000000C	[  9] literal string: _hasMinicam
0x0000E9E0	0x00000011	[  9] literal string: _connectionState
0x0000E9F1	0x00000010	[  9] literal string: _centralManager
0x0000EA01	0x0000000C	[  9] literal string: _peripheral
0x0000EA0D	0x00000007	[  9] literal string: usbMux
0x0000EA14	0x0000000B	[  9] literal string: setUsbMux:
0x0000EA1F	0x0000000D	[  9] literal string: connectionId
0x0000EA2C	0x00000011	[  9] literal string: setConnectionId:
0x0000EA3D	0x00000007	[  9] literal string: serial
0x0000EA44	0x0000000B	[  9] literal string: setSerial:
0x0000EA4F	0x00000008	[  9] literal string: _usbMux
0x0000EA57	0x0000000E	[  9] literal string: _connectionId
0x0000EA65	0x00000008	[  9] literal string: _serial
0x0000EA6D	0x0000000D	[  9] literal string: network_type
0x0000EA7A	0x0000000F	[  9] literal string: sharedInstance
0x0000EA89	0x00000014	[  9] literal string: resolveServiceSync:
0x0000EA9D	0x00000019	[  9] literal string: convertNSNetServiceToIp:
0x0000EAB6	0x00000008	[  9] literal string: service
0x0000EABE	0x00000005	[  9] literal string: port
0x0000EAC3	0x00000008	[  9] literal string: product
0x0000EACB	0x00000005	[  9] literal string: name
0x0000EAD0	0x0000000B	[  9] literal string: UTF8String
0x0000EADB	0x00000009	[  9] literal string: isEqual:
0x0000EAE4	0x0000000B	[  9] literal string: identifier
0x0000EAEF	0x0000000B	[  9] literal string: UUIDString
0x0000EAFA	0x0000000E	[  9] literal string: createDevice:
0x0000EB08	0x00000007	[  9] literal string: signal
0x0000EB0F	0x0000000B	[  9] literal string: setSignal:
0x0000EB1A	0x00000009	[  9] literal string: setName:
0x0000EB23	0x0000000C	[  9] literal string: setProduct:
0x0000EB2F	0x0000000C	[  9] literal string: setService:
0x0000EB3B	0x00000011	[  9] literal string: setNetwork_type:
0x0000EB4C	0x00000009	[  9] literal string: _product
0x0000EB55	0x0000000E	[  9] literal string: _network_type
0x0000EB63	0x00000006	[  9] literal string: _name
0x0000EB69	0x00000009	[  9] literal string: _service
0x0000EB72	0x00000006	[  9] literal string: alloc
0x0000EB78	0x00000005	[  9] literal string: init
0x0000EB7D	0x0000001C	[  9] literal string: setControllersServicesList:
0x0000EB99	0x00000018	[  9] literal string: setDevicesServicesList:
0x0000EBB1	0x00000020	[  9] literal string: setDevicesBLEServicesTimerList:
0x0000EBD1	0x0000000F	[  9] literal string: numberWithInt:
0x0000EBE0	0x0000000B	[  9] literal string: addObject:
0x0000EBEB	0x0000000D	[  9] literal string: initWithSet:
0x0000EBF8	0x00000016	[  9] literal string: setSupportedProducts:
0x0000EC0E	0x0000001C	[  9] literal string: setCurrentPublishedService:
0x0000EC2A	0x00000016	[  9] literal string: setTryPublishService:
0x0000EC40	0x0000001E	[  9] literal string: setControllersServiceBrowser:
0x0000EC5E	0x0000001A	[  9] literal string: controllersServiceBrowser
0x0000EC78	0x0000000D	[  9] literal string: setDelegate:
0x0000EC85	0x0000001B	[  9] literal string: setDevicesServiceBrowsers:
0x0000ECA0	0x00000017	[  9] literal string: devicesServiceBrowsers
0x0000ECB7	0x0000001D	[  9] literal string: setCurrentResolutionService:
0x0000ECD4	0x0000000A	[  9] literal string: setValid:
0x0000ECDE	0x0000001E	[  9] literal string: setCentralManagerInitialized:
0x0000ECFC	0x00000018	[  9] literal string: setCentralManagerQueue:
0x0000ED14	0x00000014	[  9] literal string: centralManagerQueue
0x0000ED28	0x0000000F	[  9] literal string: initWithQueue:
0x0000ED37	0x0000000D	[  9] literal string: addDelegate:
0x0000ED44	0x00000017	[  9] literal string: setIsNSNetDiscovering:
0x0000ED5B	0x00000014	[  9] literal string: setIsCBDiscovering:
0x0000ED6F	0x00000018	[  9] literal string: setAskForCBDiscovering:
0x0000ED87	0x00000006	[  9] literal string: valid
0x0000ED8D	0x00000014	[  9] literal string: devicesServicesList
0x0000EDA1	0x0000000A	[  9] literal string: allValues
0x0000EDAB	0x00000005	[  9] literal string: copy
0x0000EDB0	0x00000018	[  9] literal string: controllersServicesList
0x0000EDC8	0x00000018	[  9] literal string: currentPublishedService
0x0000EDE0	0x00000014	[  9] literal string: removeObjectForKey:
0x0000EDF4	0x00000012	[  9] literal string: stringWithFormat:
0x0000EE06	0x00000005	[  9] literal string: type
0x0000EE0B	0x00000011	[  9] literal string: isEqualToString:
0x0000EE1C	0x00000019	[  9] literal string: currentResolutionService
0x0000EE35	0x00000005	[  9] literal string: stop
0x0000EE3A	0x00000014	[  9] literal string: resolveWithTimeout:
0x0000EE4E	0x00000010	[  9] literal string: resolveService:
0x0000EE5E	0x00000022	[  9] literal string: searchForServicesOfType:inDomain:
0x0000EE80	0x00000006	[  9] literal string: count
0x0000EE86	0x0000000F	[  9] literal string: objectAtIndex:
0x0000EE95	0x00000010	[  9] literal string: numberWithBool:
0x0000EEA5	0x0000001E	[  9] literal string: dictionaryWithObjectsAndKeys:
0x0000EEC3	0x00000028	[  9] literal string: scanForPeripheralsWithServices:options:
0x0000EEEB	0x00000009	[  9] literal string: stopScan
0x0000EEF4	0x00000012	[  9] literal string: removeAllServices
0x0000EF06	0x0000002B	[  9] literal string: countByEnumeratingWithState:objects:count:
0x0000EF31	0x00000011	[  9] literal string: removeAllObjects
0x0000EF42	0x00000022	[  9] literal string: sendDevicesListUpdateNotification
0x0000EF64	0x00000026	[  9] literal string: sendControllersListUpdateNotification
0x0000EF8A	0x0000000E	[  9] literal string: objectForKey:
0x0000EF98	0x00000016	[  9] literal string: removeObjectsForKeys:
0x0000EFAE	0x0000000A	[  9] literal string: addresses
0x0000EFB8	0x00000006	[  9] literal string: bytes
0x0000EFBE	0x00000009	[  9] literal string: hostName
0x0000EFC7	0x00000024	[  9] literal string: getCurrentListOfControllersServices
0x0000EFEB	0x00000020	[  9] literal string: getCurrentListOfDevicesServices
0x0000F00B	0x00000019	[  9] literal string: stringByAppendingFormat:
0x0000F024	0x00000028	[  9] literal string: uniqueNameFromServiceName:isController:
0x0000F04C	0x00000012	[  9] literal string: tryPublishService
0x0000F05E	0x0000001F	[  9] literal string: initWithDomain:type:name:port:
0x0000F07D	0x00000008	[  9] literal string: publish
0x0000F085	0x00000018	[  9] literal string: sendPublishNotification
0x0000F09D	0x0000000E	[  9] literal string: TXTRecordData
0x0000F0AB	0x0000001D	[  9] literal string: dictionaryFromTXTRecordData:
0x0000F0C8	0x00000016	[  9] literal string: stringWithUTF8String:
0x0000F0DE	0x00000012	[  9] literal string: setObject:forKey:
0x0000F0F0	0x00000012	[  9] literal string: supportedProducts
0x0000F102	0x00000010	[  9] literal string: containsObject:
0x0000F112	0x00000013	[  9] literal string: isNetServiceValid:
0x0000F125	0x00000006	[  9] literal string: class
0x0000F12B	0x0000001B	[  9] literal string: sendNotResolveNotification
0x0000F146	0x00000018	[  9] literal string: sendResolveNotification
0x0000F15E	0x0000001C	[  9] literal string: devicesBLEServicesTimerList
0x0000F17A	0x00000009	[  9] literal string: userInfo
0x0000F183	0x00000019	[  9] literal string: deviceBLERemoveServices:
0x0000F19C	0x00000006	[  9] literal string: state
0x0000F1A2	0x00000006	[  9] literal string: start
0x0000F1A8	0x00000015	[  9] literal string: removeAllBLEServices
0x0000F1BD	0x00000013	[  9] literal string: isParrotBLEDevice:
0x0000F1D0	0x0000000D	[  9] literal string: valueForKey:
0x0000F1DD	0x00000019	[  9] literal string: connectionStateForValue:
0x0000F1F6	0x00000009	[  9] literal string: compare:
0x0000F1FF	0x0000000B	[  9] literal string: invalidate
0x0000F20A	0x00000012	[  9] literal string: deviceBLETimeout:
0x0000F21C	0x00000041	[  9] literal string: scheduledTimerWithTimeInterval:target:selector:userInfo:repeats:
0x0000F25D	0x00000007	[  9] literal string: length
0x0000F264	0x0000001F	[  9] literal string: getCurrentPublishedServiceName
0x0000F283	0x00000025	[  9] literal string: dictionaryWithObjects:forKeys:count:
0x0000F2A8	0x0000000E	[  9] literal string: defaultCenter
0x0000F2B6	0x00000026	[  9] literal string: postNotificationName:object:userInfo:
0x0000F2DC	0x0000001D	[  9] literal string: netServiceBrowserWillSearch:
0x0000F2F9	0x00000020	[  9] literal string: netServiceBrowserDidStopSearch:
0x0000F319	0x00000020	[  9] literal string: netServiceBrowser:didNotSearch:
0x0000F339	0x0000002C	[  9] literal string: netServiceBrowser:didFindDomain:moreComing:
0x0000F365	0x0000002D	[  9] literal string: netServiceBrowser:didFindService:moreComing:
0x0000F392	0x0000002E	[  9] literal string: netServiceBrowser:didRemoveDomain:moreComing:
0x0000F3C0	0x0000002F	[  9] literal string: netServiceBrowser:didRemoveService:moreComing:
0x0000F3EF	0x00000005	[  9] literal string: self
0x0000F3F4	0x00000011	[  9] literal string: performSelector:
0x0000F405	0x0000001C	[  9] literal string: performSelector:withObject:
0x0000F421	0x00000027	[  9] literal string: performSelector:withObject:withObject:
0x0000F448	0x00000008	[  9] literal string: isProxy
0x0000F450	0x0000000F	[  9] literal string: isKindOfClass:
0x0000F45F	0x00000011	[  9] literal string: isMemberOfClass:
0x0000F470	0x00000014	[  9] literal string: conformsToProtocol:
0x0000F484	0x00000014	[  9] literal string: respondsToSelector:
0x0000F498	0x00000007	[  9] literal string: retain
0x0000F49F	0x00000008	[  9] literal string: release
0x0000F4A7	0x0000000C	[  9] literal string: autorelease
0x0000F4B3	0x0000000C	[  9] literal string: retainCount
0x0000F4BF	0x00000005	[  9] literal string: zone
0x0000F4C4	0x00000005	[  9] literal string: hash
0x0000F4C9	0x0000000B	[  9] literal string: superclass
0x0000F4D4	0x0000000C	[  9] literal string: description
0x0000F4E0	0x00000011	[  9] literal string: debugDescription
0x0000F4F1	0x00000017	[  9] literal string: netServiceWillPublish:
0x0000F508	0x00000016	[  9] literal string: netServiceDidPublish:
0x0000F51E	0x0000001A	[  9] literal string: netService:didNotPublish:
0x0000F538	0x00000017	[  9] literal string: netServiceWillResolve:
0x0000F54F	0x0000001D	[  9] literal string: netServiceDidResolveAddress:
0x0000F56C	0x0000001A	[  9] literal string: netService:didNotResolve:
0x0000F586	0x00000013	[  9] literal string: netServiceDidStop:
0x0000F599	0x00000023	[  9] literal string: netService:didUpdateTXTRecordData:
0x0000F5BC	0x0000003C	[  9] literal string: netService:didAcceptConnectionWithInputStream:outputStream:
0x0000F5F8	0x0000001E	[  9] literal string: centralManagerDidUpdateState:
0x0000F616	0x00000021	[  9] literal string: centralManager:willRestoreState:
0x0000F637	0x00000027	[  9] literal string: centralManager:didRetrievePeripherals:
0x0000F65E	0x00000030	[  9] literal string: centralManager:didRetrieveConnectedPeripherals:
0x0000F68E	0x0000003D	[  9] literal string: centralManager:didDiscoverPeripheral:advertisementData:RSSI:
0x0000F6CB	0x00000025	[  9] literal string: centralManager:didConnectPeripheral:
0x0000F6F0	0x00000031	[  9] literal string: centralManager:didFailToConnectPeripheral:error:
0x0000F721	0x0000002E	[  9] literal string: centralManager:didDisconnectPeripheral:error:
0x0000F74F	0x00000015	[  9] literal string: removeDeviceService:
0x0000F764	0x00000009	[  9] literal string: pauseBLE
0x0000F76D	0x00000015	[  9] literal string: removeAllUSBServices
0x0000F782	0x00000016	[  9] literal string: removeAllWifiServices
0x0000F798	0x00000022	[  9] literal string: publishControllerServiceWithName:
0x0000F7BA	0x00000011	[  9] literal string: unpublishService
0x0000F7CB	0x0000001A	[  9] literal string: centralManagerInitialized
0x0000F7E5	0x00000014	[  9] literal string: askForCBDiscovering
0x0000F7F9	0x00000013	[  9] literal string: isNSNetDiscovering
0x0000F80C	0x00000010	[  9] literal string: isCBDiscovering
0x0000F81C	0x0000000E	[  9] literal string: resolveResult
0x0000F82A	0x0000000B	[  9] literal string: resolveSem
0x0000F835	0x00000010	[  9] literal string: resolveSyncBusy
0x0000F845	0x00000013	[  9] literal string: _supportedProducts
0x0000F858	0x00000008	[  9] literal string: v16@0:8
0x0000F860	0x00000008	[  9] literal string: @16@0:8
0x0000F868	0x0000000B	[  9] literal string: v24@0:8@16
0x0000F873	0x00000008	[  9] literal string: i16@0:8
0x0000F87B	0x0000000B	[  9] literal string: v20@0:8i16
0x0000F886	0x00000008	[  9] literal string: c16@0:8
0x0000F88E	0x0000000B	[  9] literal string: v20@0:8c16
0x0000F899	0x00000002	[  9] literal string: c
0x0000F89B	0x00000002	[  9] literal string: i
0x0000F89D	0x00000018	[  9] literal string: @"ARSAL_CentralManager"
0x0000F8B5	0x00000010	[  9] literal string: @"CBPeripheral"
0x0000F8C5	0x00000012	[  9] literal string: ^{mux_ctx=}16@0:8
0x0000F8D7	0x00000015	[  9] literal string: v24@0:8^{mux_ctx=}16
0x0000F8EC	0x00000008	[  9] literal string: Q16@0:8
0x0000F8F4	0x0000000B	[  9] literal string: v24@0:8Q16
0x0000F8FF	0x0000000C	[  9] literal string: ^{mux_ctx=}
0x0000F90B	0x00000002	[  9] literal string: Q
0x0000F90D	0x0000000C	[  9] literal string: @"NSString"
0x0000F919	0x00000032	[  9] literal string: ^{ARDISCOVERY_Device_t=*ii^?^?^?^v^?^?}24@0:8^i16
0x0000F94B	0x0000000B	[  9] literal string: c24@0:8@16
0x0000F956	0x0000000C	[  9] literal string: @"NSNumber"
0x0000F962	0x00000002	[  9] literal string: @
0x0000F964	0x00000020	[  9] literal string: v24@0:8@"NSNetServiceBrowser"16
0x0000F984	0x0000000E	[  9] literal string: v32@0:8@16@24
0x0000F992	0x00000031	[  9] literal string: v32@0:8@"NSNetServiceBrowser"16@"NSDictionary"24
0x0000F9C3	0x00000011	[  9] literal string: v36@0:8@16@24c32
0x0000F9D4	0x00000030	[  9] literal string: v36@0:8@"NSNetServiceBrowser"16@"NSString"24c32
0x0000FA04	0x00000034	[  9] literal string: v36@0:8@"NSNetServiceBrowser"16@"NSNetService"24c32
0x0000FA38	0x00000008	[  9] literal string: #16@0:8
0x0000FA40	0x0000000B	[  9] literal string: @24@0:8:16
0x0000FA4B	0x0000000E	[  9] literal string: @32@0:8:16@24
0x0000FA59	0x00000011	[  9] literal string: @40@0:8:16@24@32
0x0000FA6A	0x0000000B	[  9] literal string: c24@0:8#16
0x0000FA75	0x00000015	[  9] literal string: c24@0:8@"Protocol"16
0x0000FA8A	0x0000000B	[  9] literal string: c24@0:8:16
0x0000FA95	0x00000009	[  9] literal string: Vv16@0:8
0x0000FA9E	0x00000012	[  9] literal string: ^{_NSZone=}16@0:8
0x0000FAB0	0x00000012	[  9] literal string: @"NSString"16@0:8
0x0000FAC2	0x00000019	[  9] literal string: v24@0:8@"NSNetService"16
0x0000FADB	0x0000002A	[  9] literal string: v32@0:8@"NSNetService"16@"NSDictionary"24
0x0000FB05	0x00000024	[  9] literal string: v32@0:8@"NSNetService"16@"NSData"24
0x0000FB29	0x00000011	[  9] literal string: v40@0:8@16@24@32
0x0000FB3A	0x0000003E	[  9] literal string: v40@0:8@"NSNetService"16@"NSInputStream"24@"NSOutputStream"32
0x0000FB78	0x0000001D	[  9] literal string: v24@0:8@"CBCentralManager"16
0x0000FB95	0x0000002E	[  9] literal string: v32@0:8@"CBCentralManager"16@"NSDictionary"24
0x0000FBC3	0x00000029	[  9] literal string: v32@0:8@"CBCentralManager"16@"NSArray"24
0x0000FBEC	0x00000014	[  9] literal string: v48@0:8@16@24@32@40
0x0000FC00	0x0000004C	[  9] literal string: v48@0:8@"CBCentralManager"16@"CBPeripheral"24@"NSDictionary"32@"NSNumber"40
0x0000FC4C	0x0000002E	[  9] literal string: v32@0:8@"CBCentralManager"16@"CBPeripheral"24
0x0000FC7A	0x0000003A	[  9] literal string: v40@0:8@"CBCentralManager"16@"CBPeripheral"24@"NSError"32
0x0000FCB4	0x0000000B	[  9] literal string: @24@0:8@16
0x0000FCBF	0x0000000E	[  9] literal string: @28@0:8@16c24
0x0000FCCD	0x0000000B	[  9] literal string: i20@0:8C16
0x0000FCD8	0x00000023	[  9] literal string: @"NSObject<OS_dispatch_semaphore>"
0x0000FCFB	0x00000017	[  9] literal string: @"NSMutableDictionary"
0x0000FD12	0x00000010	[  9] literal string: @"NSNetService"
0x0000FD22	0x0000000D	[  9] literal string: @"ARService"
0x0000FD2F	0x00000017	[  9] literal string: @"NSNetServiceBrowser"
0x0000FD46	0x00000012	[  9] literal string: @"NSMutableArray"
0x0000FD58	0x0000001F	[  9] literal string: @"NSObject<OS_dispatch_queue>"
0x0000FD77	0x00000009	[  9] literal string: @"NSSet"
0x0000FD80	0x00000280	[  0] compact unwind info
0x00010000	0x00000008	[  0] non-lazy-pointer-to-local: dyld_stub_binder
0x00010008	0x00000008	[  0] non-lazy-pointer
0x00010010	0x00000008	[  0] non-lazy-pointer-to-local: _CBAdvertisementDataLocalNameKey
0x00010018	0x00000008	[  0] non-lazy-pointer-to-local: _CBAdvertisementDataManufacturerDataKey
0x00010020	0x00000008	[  0] non-lazy-pointer-to-local: _CBCentralManagerScanOptionAllowDuplicatesKey
0x00010028	0x00000008	[  0] non-lazy-pointer-to-local: __NSConcreteStackBlock
0x00010030	0x00000008	[  0] non-lazy-pointer-to-local: ___objc_personality_v0
0x00010038	0x00000008	[  0] non-lazy-pointer-to-local: ___stack_chk_guard
0x00010040	0x00000008	[  0] non-lazy-pointer-to-local: __dispatch_main_q
0x00010048	0x00000008	[  0] non-lazy-pointer-to-local: _objc_msgSend
0x00010050	0x00000008	[  0] non-lazy-pointer-to-local: _objc_release
0x00010058	0x00000008	[  0] non-lazy-pointer-to-local: _objc_retain
0x00010060	0x00000008	[ 12] _ARCOMMANDS_Generator_GenerateARDrone3MediaStreamingVideoEnable
0x00010068	0x00000008	[ 12] _ARCOMMANDS_Generator_GenerateJumpingSumoMediaStreamingVideoEnable
0x00010070	0x00000008	[ 12] _ARCOMMANDS_Generator_GeneratePowerupMediaStreamingVideoEnable
0x00010078	0x00000008	[ 11] _ARNETWORKAL_Manager_CloseBLENetwork
0x00010080	0x00000008	[ 11] _ARNETWORKAL_Manager_CloseMuxNetwork
0x00010088	0x00000008	[ 11] _ARNETWORKAL_Manager_CloseWifiNetwork
0x00010090	0x00000008	[ 11] _ARNETWORKAL_Manager_Delete
0x00010098	0x00000008	[ 11] _ARNETWORKAL_Manager_InitBLENetwork
0x000100A0	0x00000008	[ 11] _ARNETWORKAL_Manager_InitMuxNetwork
0x000100A8	0x00000008	[ 11] _ARNETWORKAL_Manager_InitWifiNetwork
0x000100B0	0x00000008	[ 11] _ARNETWORKAL_Manager_New
0x000100B8	0x00000008	[ 11] _ARNETWORKAL_Manager_SetRecvClassSelector
0x000100C0	0x00000008	[ 11] _ARNETWORKAL_Manager_SetSendClassSelector
0x000100C8	0x00000008	[ 11] _ARNETWORKAL_Manager_Unlock
0x000100D0	0x00000008	[ 10] _ARSAL_Print_PrintRawEx
0x000100D8	0x00000008	[ 10] _ARSAL_Sem_Destroy
0x000100E0	0x00000008	[ 10] _ARSAL_Sem_Getvalue
0x000100E8	0x00000008	[ 10] _ARSAL_Sem_Init
0x000100F0	0x00000008	[ 10] _ARSAL_Sem_Post
0x000100F8	0x00000008	[ 10] _ARSAL_Sem_Trywait
0x00010100	0x00000008	[ 10] _ARSAL_Sem_Wait
0x00010108	0x00000008	[ 10] _ARSAL_Socket_Accept
0x00010110	0x00000008	[ 10] _ARSAL_Socket_Bind
0x00010118	0x00000008	[ 10] _ARSAL_Socket_Close
0x00010120	0x00000008	[ 10] _ARSAL_Socket_Connect
0x00010128	0x00000008	[ 10] _ARSAL_Socket_Create
0x00010130	0x00000008	[ 10] _ARSAL_Socket_Listen
0x00010138	0x00000008	[ 10] _ARSAL_Socket_Recv
0x00010140	0x00000008	[ 10] _ARSAL_Socket_Send
0x00010148	0x00000008	[ 15] _NSLog
0x00010150	0x00000008	[ 15] _NSStringFromClass
0x00010158	0x00000008	[ 17] __Unwind_Resume
0x00010160	0x00000008	[ 17] ___error
0x00010168	0x00000008	[ 17] ___snprintf_chk
0x00010170	0x00000008	[ 17] ___stack_chk_fail
0x00010178	0x00000008	[ 17] ___strncpy_chk
0x00010180	0x00000008	[ 17] _calloc
0x00010188	0x00000008	[ 17] _close
0x00010190	0x00000008	[ 17] _dispatch_async
0x00010198	0x00000008	[ 17] _dispatch_once
0x000101A0	0x00000008	[ 17] _dispatch_queue_create
0x000101A8	0x00000008	[ 17] _dispatch_semaphore_create
0x000101B0	0x00000008	[ 17] _dispatch_semaphore_signal
0x000101B8	0x00000008	[ 17] _dispatch_semaphore_wait
0x000101C0	0x00000008	[ 17] _fcntl
0x000101C8	0x00000008	[ 17] _free
0x000101D0	0x00000008	[ 17] _getsockopt
0x000101D8	0x00000008	[ 17] _inet_addr
0x000101E0	0x00000008	[ 17] _inet_ntoa
0x000101E8	0x00000008	[ 17] _inet_ntop
0x000101F0	0x00000008	[ 16] _json_object_get
0x000101F8	0x00000008	[ 16] _json_object_get_int
0x00010200	0x00000008	[ 16] _json_object_get_string
0x00010208	0x00000008	[ 16] _json_object_new_int
0x00010210	0x00000008	[ 16] _json_object_new_object
0x00010218	0x00000008	[ 16] _json_object_object_add
0x00010220	0x00000008	[ 16] _json_object_object_del
0x00010228	0x00000008	[ 16] _json_object_object_get_ex
0x00010230	0x00000008	[ 16] _json_object_put
0x00010238	0x00000008	[ 16] _json_object_to_json_string
0x00010240	0x00000008	[ 16] _json_tokener_parse
0x00010248	0x00000008	[ 17] _malloc
0x00010250	0x00000008	[ 17] _memcpy
0x00010258	0x00000008	[ 13] _mux_channel_close
0x00010260	0x00000008	[ 13] _mux_channel_open
0x00010268	0x00000008	[ 13] _mux_encode
0x00010270	0x00000008	[ 13] _mux_ref
0x00010278	0x00000008	[ 13] _mux_unref
0x00010280	0x00000008	[ 18] _objc_autoreleaseReturnValue
0x00010288	0x00000008	[ 18] _objc_enumerationMutation
0x00010290	0x00000008	[ 18] _objc_retainAutorelease
0x00010298	0x00000008	[ 18] _objc_retainAutoreleaseReturnValue
0x000102A0	0x00000008	[ 18] _objc_retainAutoreleasedReturnValue
0x000102A8	0x00000008	[ 18] _objc_storeStrong
0x000102B0	0x00000008	[ 18] _objc_sync_enter
0x000102B8	0x00000008	[ 18] _objc_sync_exit
0x000102C0	0x00000008	[ 17] _pipe
0x000102C8	0x00000008	[ 14] _pomp_msg_destroy
0x000102D0	0x00000008	[ 14] _pomp_msg_get_buffer
0x000102D8	0x00000008	[ 14] _pomp_msg_get_id
0x000102E0	0x00000008	[ 14] _pomp_msg_new
0x000102E8	0x00000008	[ 14] _pomp_msg_new_with_buffer
0x000102F0	0x00000008	[ 14] _pomp_msg_read
0x000102F8	0x00000008	[ 14] _pomp_msg_writev
0x00010300	0x00000008	[ 17] _read
0x00010308	0x00000008	[ 17] _realloc
0x00010310	0x00000008	[ 17] _select$1050
0x00010318	0x00000008	[ 17] _setsockopt
0x00010320	0x00000008	[ 17] _sleep
0x00010328	0x00000008	[ 17] _strcmp
0x00010330	0x00000008	[ 17] _strdup
0x00010338	0x00000008	[ 17] _strerror
0x00010340	0x00000008	[ 17] _strlen
0x00010348	0x00000008	[ 17] _strncmp
0x00010350	0x00000008	[ 17] _strncpy
0x00010358	0x00000008	[ 17] _write
0x00010360	0x000000B0	[  2] _ARDISCOVERY_Discovery_ProductNameTable
0x00010410	0x00000020	[  9] ___block_descriptor_tmp
0x00010430	0x00000020	[  9] ___block_literal_global
0x00010450	0x00000030	[  9] ___block_descriptor_tmp.354
0x00010480	0x00000020	[  9] CFString
0x000104A0	0x00000020	[  9] CFString
0x000104C0	0x00000020	[  9] CFString
0x000104E0	0x00000020	[  9] CFString
0x00010500	0x00000020	[  9] CFString
0x00010520	0x00000020	[  9] CFString
0x00010540	0x00000020	[  9] CFString
0x00010560	0x00000020	[  9] CFString
0x00010580	0x00000020	[  9] CFString
0x000105A0	0x00000020	[  9] CFString
0x000105C0	0x00000020	[  9] CFString
0x000105E0	0x00000020	[  9] CFString
0x00010600	0x00000020	[  9] CFString
0x00010620	0x00000020	[  9] CFString
0x00010640	0x00000020	[  9] CFString
0x00010660	0x00000020	[  9] CFString
0x00010680	0x00000020	[  9] CFString
0x000106A0	0x00000020	[  9] CFString
0x000106C0	0x00000020	[  9] CFString
0x000106E0	0x00000020	[  9] CFString
0x00010700	0x00000020	[  9] CFString
0x00010720	0x00000020	[  9] CFString
0x00010740	0x00000020	[  9] CFString
0x00010760	0x00000020	[  9] CFString
0x00010780	0x00000020	[  9] CFString
0x000107A0	0x00000020	[  9] CFString
0x000107C0	0x00000020	[  9] CFString
0x000107E0	0x00000020	[  9] CFString
0x00010800	0x00000020	[  9] CFString
0x00010820	0x00000020	[  9] CFString
0x00010840	0x00000020	[  9] CFString
0x00010860	0x00000020	[  9] anon
0x00010880	0x00000008	[  9] l_OBJC_LABEL_PROTOCOL_$_NSObject
0x00010888	0x00000008	[  9] l_OBJC_LABEL_PROTOCOL_$_NSNetServiceBrowserDelegate
0x00010890	0x00000008	[  9] l_OBJC_LABEL_PROTOCOL_$_NSNetServiceDelegate
0x00010898	0x00000008	[  9] l_OBJC_LABEL_PROTOCOL_$_CBCentralManagerDelegate
0x000108A0	0x00000008	[  0] objc image info
0x000108A8	0x00000048	[  9] l_OBJC_METACLASS_RO_$_ARBLEService
0x000108F0	0x000000E0	[  9] l_OBJC_$_INSTANCE_METHODS_ARBLEService
0x000109D0	0x00000088	[  9] l_OBJC_$_INSTANCE_VARIABLES_ARBLEService
0x00010A58	0x00000048	[  9] l_OBJC_$_PROP_LIST_ARBLEService
0x00010AA0	0x00000048	[  9] l_OBJC_CLASS_RO_$_ARBLEService
0x00010AE8	0x00000048	[  9] l_OBJC_METACLASS_RO_$_ARUSBService
0x00010B30	0x000000B0	[  9] l_OBJC_$_INSTANCE_METHODS_ARUSBService
0x00010BE0	0x00000068	[  9] l_OBJC_$_INSTANCE_VARIABLES_ARUSBService
0x00010C48	0x00000038	[  9] l_OBJC_$_PROP_LIST_ARUSBService
0x00010C80	0x00000048	[  9] l_OBJC_CLASS_RO_$_ARUSBService
0x00010CC8	0x00000048	[  9] l_OBJC_METACLASS_RO_$_ARService
0x00010D10	0x00000140	[  9] l_OBJC_$_INSTANCE_METHODS_ARService
0x00010E50	0x000000A8	[  9] l_OBJC_$_INSTANCE_VARIABLES_ARService
0x00010EF8	0x00000058	[  9] l_OBJC_$_PROP_LIST_ARService
0x00010F50	0x00000048	[  9] l_OBJC_CLASS_RO_$_ARService
0x00010F98	0x00000020	[  9] l_OBJC_$_CLASS_METHODS_ARDiscovery
0x00010FB8	0x000001D0	[  9] l_OBJC_$_PROTOCOL_INSTANCE_METHODS_NSObject
0x00011188	0x00000020	[  9] l_OBJC_$_PROTOCOL_INSTANCE_METHODS_OPT_NSObject
0x000111A8	0x00000048	[  9] l_OBJC_$_PROP_LIST_NSObject
0x000111F0	0x000000A0	[  9] l_OBJC_$_PROTOCOL_METHOD_TYPES_NSObject
0x00011290	0x00000018	[  9] l_OBJC_$_PROTOCOL_REFS_NSNetServiceBrowserDelegate
0x000112A8	0x000000B0	[  9] l_OBJC_$_PROTOCOL_INSTANCE_METHODS_OPT_NSNetServiceBrowserDelegate
0x00011358	0x00000038	[  9] l_OBJC_$_PROTOCOL_METHOD_TYPES_NSNetServiceBrowserDelegate
0x00011390	0x00000018	[  9] l_OBJC_$_PROTOCOL_REFS_NSNetServiceDelegate
0x000113A8	0x000000E0	[  9] l_OBJC_$_PROTOCOL_INSTANCE_METHODS_OPT_NSNetServiceDelegate
0x00011488	0x00000048	[  9] l_OBJC_$_PROTOCOL_METHOD_TYPES_NSNetServiceDelegate
0x000114D0	0x00000018	[  9] l_OBJC_$_PROTOCOL_REFS_CBCentralManagerDelegate
0x000114E8	0x00000020	[  9] l_OBJC_$_PROTOCOL_INSTANCE_METHODS_CBCentralManagerDelegate
0x00011508	0x000000B0	[  9] l_OBJC_$_PROTOCOL_INSTANCE_METHODS_OPT_CBCentralManagerDelegate
0x000115B8	0x00000040	[  9] l_OBJC_$_PROTOCOL_METHOD_TYPES_CBCentralManagerDelegate
0x000115F8	0x00000028	[  9] l_OBJC_CLASS_PROTOCOLS_$_ARDiscovery
0x00011620	0x00000048	[  9] l_OBJC_METACLASS_RO_$_ARDiscovery
0x00011668	0x00000680	[  9] l_OBJC_$_INSTANCE_METHODS_ARDiscovery
0x00011CE8	0x00000268	[  9] l_OBJC_$_INSTANCE_VARIABLES_ARDiscovery
0x00011F50	0x00000148	[  9] l_OBJC_$_PROP_LIST_ARDiscovery
0x00012098	0x00000048	[  9] l_OBJC_CLASS_RO_$_ARDiscovery
0x000120E0	0x00000008	[  9] pointer-to-literal-cstring
0x000120E8	0x00000008	[  9] pointer-to-literal-cstring
0x000120F0	0x00000008	[  9] pointer-to-literal-cstring
0x000120F8	0x00000008	[  9] pointer-to-literal-cstring
0x00012100	0x00000008	[  9] pointer-to-literal-cstring
0x00012108	0x00000008	[  9] pointer-to-literal-cstring
0x00012110	0x00000008	[  9] pointer-to-literal-cstring
0x00012118	0x00000008	[  9] pointer-to-literal-cstring
0x00012120	0x00000008	[  9] pointer-to-literal-cstring
0x00012128	0x00000008	[  9] pointer-to-literal-cstring
0x00012130	0x00000008	[  9] pointer-to-literal-cstring
0x00012138	0x00000008	[  9] pointer-to-literal-cstring
0x00012140	0x00000008	[  9] pointer-to-literal-cstring
0x00012148	0x00000008	[  9] pointer-to-literal-cstring
0x00012150	0x00000008	[  9] pointer-to-literal-cstring
0x00012158	0x00000008	[  9] pointer-to-literal-cstring
0x00012160	0x00000008	[  9] pointer-to-literal-cstring
0x00012168	0x00000008	[  9] pointer-to-literal-cstring
0x00012170	0x00000008	[  9] pointer-to-literal-cstring
0x00012178	0x00000008	[  9] pointer-to-literal-cstring
0x00012180	0x00000008	[  9] pointer-to-literal-cstring
0x00012188	0x00000008	[  9] pointer-to-literal-cstring
0x00012190	0x00000008	[  9] pointer-to-literal-cstring
0x00012198	0x00000008	[  9] pointer-to-literal-cstring
0x000121A0	0x00000008	[  9] pointer-to-literal-cstring
0x000121A8	0x00000008	[  9] pointer-to-literal-cstring
0x000121B0	0x00000008	[  9] pointer-to-literal-cstring
0x000121B8	0x00000008	[  9] pointer-to-literal-cstring
0x000121C0	0x00000008	[  9] pointer-to-literal-cstring
0x000121C8	0x00000008	[  9] pointer-to-literal-cstring
0x000121D0	0x00000008	[  9] pointer-to-literal-cstring
0x000121D8	0x00000008	[  9] pointer-to-literal-cstring
0x000121E0	0x00000008	[  9] pointer-to-literal-cstring
0x000121E8	0x00000008	[  9] pointer-to-literal-cstring
0x000121F0	0x00000008	[  9] pointer-to-literal-cstring
0x000121F8	0x00000008	[  9] pointer-to-literal-cstring
0x00012200	0x00000008	[  9] pointer-to-literal-cstring
0x00012208	0x00000008	[  9] pointer-to-literal-cstring
0x00012210	0x00000008	[  9] pointer-to-literal-cstring
0x00012218	0x00000008	[  9] pointer-to-literal-cstring
0x00012220	0x00000008	[  9] pointer-to-literal-cstring
0x00012228	0x00000008	[  9] pointer-to-literal-cstring
0x00012230	0x00000008	[  9] pointer-to-literal-cstring
0x00012238	0x00000008	[  9] pointer-to-literal-cstring
0x00012240	0x00000008	[  9] pointer-to-literal-cstring
0x00012248	0x00000008	[  9] pointer-to-literal-cstring
0x00012250	0x00000008	[  9] pointer-to-literal-cstring
0x00012258	0x00000008	[  9] pointer-to-literal-cstring
0x00012260	0x00000008	[  9] pointer-to-literal-cstring
0x00012268	0x00000008	[  9] pointer-to-literal-cstring
0x00012270	0x00000008	[  9] pointer-to-literal-cstring
0x00012278	0x00000008	[  9] pointer-to-literal-cstring
0x00012280	0x00000008	[  9] pointer-to-literal-cstring
0x00012288	0x00000008	[  9] pointer-to-literal-cstring
0x00012290	0x00000008	[  9] pointer-to-literal-cstring
0x00012298	0x00000008	[  9] pointer-to-literal-cstring
0x000122A0	0x00000008	[  9] pointer-to-literal-cstring
0x000122A8	0x00000008	[  9] pointer-to-literal-cstring
0x000122B0	0x00000008	[  9] pointer-to-literal-cstring
0x000122B8	0x00000008	[  9] pointer-to-literal-cstring
0x000122C0	0x00000008	[  9] pointer-to-literal-cstring
0x000122C8	0x00000008	[  9] pointer-to-literal-cstring
0x000122D0	0x00000008	[  9] pointer-to-literal-cstring
0x000122D8	0x00000008	[  9] pointer-to-literal-cstring
0x000122E0	0x00000008	[  9] pointer-to-literal-cstring
0x000122E8	0x00000008	[  9] pointer-to-literal-cstring
0x000122F0	0x00000008	[  9] pointer-to-literal-cstring
0x000122F8	0x00000008	[  9] pointer-to-literal-cstring
0x00012300	0x00000008	[  9] pointer-to-literal-cstring
0x00012308	0x00000008	[  9] pointer-to-literal-cstring
0x00012310	0x00000008	[  9] pointer-to-literal-cstring
0x00012318	0x00000008	[  9] pointer-to-literal-cstring
0x00012320	0x00000008	[  9] pointer-to-literal-cstring
0x00012328	0x00000008	[  9] pointer-to-literal-cstring
0x00012330	0x00000008	[  9] pointer-to-literal-cstring
0x00012338	0x00000008	[  9] pointer-to-literal-cstring
0x00012340	0x00000008	[  9] pointer-to-literal-cstring
0x00012348	0x00000008	[  9] pointer-to-literal-cstring
0x00012350	0x00000008	[  9] pointer-to-literal-cstring
0x00012358	0x00000008	[  9] pointer-to-literal-cstring
0x00012360	0x00000008	[  9] pointer-to-literal-cstring
0x00012368	0x00000008	[  9] pointer-to-literal-cstring
0x00012370	0x00000008	[  9] pointer-to-literal-cstring
0x00012378	0x00000008	[  9] pointer-to-literal-cstring
0x00012380	0x00000008	[  9] pointer-to-literal-cstring
0x00012388	0x00000008	[  9] pointer-to-literal-cstring
0x00012390	0x00000008	[  9] pointer-to-literal-cstring
0x00012398	0x00000008	[  9] pointer-to-literal-cstring
0x000123A0	0x00000008	[  9] pointer-to-literal-cstring
0x000123A8	0x00000008	[  9] pointer-to-literal-cstring
0x000123B0	0x00000008	[  9] pointer-to-literal-cstring
0x000123B8	0x00000008	[  9] pointer-to-literal-cstring
0x000123C0	0x00000008	[  9] pointer-to-literal-cstring
0x000123C8	0x00000008	[  9] pointer-to-literal-cstring
0x000123D0	0x00000008	[  9] pointer-to-literal-cstring
0x000123D8	0x00000008	[  9] pointer-to-literal-cstring
0x000123E0	0x00000008	[  9] pointer-to-literal-cstring
0x000123E8	0x00000008	[  9] pointer-to-literal-cstring
0x000123F0	0x00000008	[  9] pointer-to-literal-cstring
0x000123F8	0x00000008	[  9] pointer-to-literal-cstring
0x00012400	0x00000008	[  9] pointer-to-literal-cstring
0x00012408	0x00000008	[  9] pointer-to-literal-cstring
0x00012410	0x00000008	[  9] pointer-to-literal-cstring
0x00012418	0x00000008	[  9] pointer-to-literal-cstring
0x00012420	0x00000008	[  9] pointer-to-literal-cstring
0x00012428	0x00000008	[  9] pointer-to-literal-cstring
0x00012430	0x00000008	[  9] pointer-to-literal-cstring
0x00012438	0x00000008	[  9] pointer-to-literal-cstring
0x00012440	0x00000008	[  9] pointer-to-literal-cstring
0x00012448	0x00000008	[  9] pointer-to-literal-cstring
0x00012450	0x00000008	[  9] pointer-to-literal-cstring
0x00012458	0x00000008	[  9] pointer-to-literal-cstring
0x00012460	0x00000008	[  9] pointer-to-literal-cstring
0x00012468	0x00000008	[  9] pointer-to-literal-cstring
0x00012470	0x00000008	[  9] pointer-to-literal-cstring
0x00012478	0x00000008	[  9] pointer-to-literal-cstring
0x00012480	0x00000008	[  9] pointer-to-literal-cstring
0x00012488	0x00000008	[  9] pointer-to-literal-cstring
0x00012490	0x00000008	[  9] pointer-to-literal-cstring
0x00012498	0x00000008	[  9] pointer-to-literal-cstring
0x000124A0	0x00000008	[  9] pointer-to-literal-cstring
0x000124A8	0x00000008	[  9] objc-class-ref
0x000124B0	0x00000008	[  9] objc-class-ref
0x000124B8	0x00000008	[  9] objc-class-ref
0x000124C0	0x00000008	[  9] objc-class-ref
0x000124C8	0x00000008	[  9] objc-class-ref
0x000124D0	0x00000008	[  9] objc-class-ref
0x000124D8	0x00000008	[  9] objc-class-ref
0x000124E0	0x00000008	[  9] objc-class-ref
0x000124E8	0x00000008	[  9] objc-class-ref
0x000124F0	0x00000008	[  9] objc-class-ref
0x000124F8	0x00000008	[  9] objc-class-ref
0x00012500	0x00000008	[  9] objc-class-ref
0x00012508	0x00000008	[  9] objc-class-ref
0x00012510	0x00000008	[  9] objc-class-ref
0x00012518	0x00000008	[  9] objc-class-ref
0x00012520	0x00000008	[  9] _OBJC_IVAR_$_ARBLEService._centralManager
0x00012528	0x00000008	[  9] _OBJC_IVAR_$_ARBLEService._peripheral
0x00012530	0x00000008	[  9] _OBJC_IVAR_$_ARBLEService._connectionState
0x00012538	0x00000008	[  9] _OBJC_IVAR_$_ARBLEService._hasMinicam
0x00012540	0x00000008	[  9] _OBJC_IVAR_$_ARUSBService._usbMux
0x00012548	0x00000008	[  9] _OBJC_IVAR_$_ARUSBService._connectionId
0x00012550	0x00000008	[  9] _OBJC_IVAR_$_ARUSBService._serial
0x00012558	0x00000008	[  9] _OBJC_IVAR_$_ARService.signal
0x00012560	0x00000008	[  9] _OBJC_IVAR_$_ARService._name
0x00012568	0x00000008	[  9] _OBJC_IVAR_$_ARService._product
0x00012570	0x00000008	[  9] _OBJC_IVAR_$_ARService._service
0x00012578	0x00000008	[  9] _OBJC_IVAR_$_ARService._network_type
0x00012580	0x00000008	[  9] _OBJC_IVAR_$_ARDiscovery.resolveResult
0x00012588	0x00000008	[  9] _OBJC_IVAR_$_ARDiscovery.resolveSem
0x00012590	0x00000008	[  9] _OBJC_IVAR_$_ARDiscovery.resolveSyncBusy
0x00012598	0x00000008	[  9] _OBJC_IVAR_$_ARDiscovery._supportedProducts
0x000125A0	0x00000008	[  9] _OBJC_IVAR_$_ARDiscovery.isNSNetDiscovering
0x000125A8	0x00000008	[  9] _OBJC_IVAR_$_ARDiscovery.controllersServiceBrowser
0x000125B0	0x00000008	[  9] _OBJC_IVAR_$_ARDiscovery.devicesServiceBrowsers
0x000125B8	0x00000008	[  9] _OBJC_IVAR_$_ARDiscovery.isCBDiscovering
0x000125C0	0x00000008	[  9] _OBJC_IVAR_$_ARDiscovery.centralManagerInitialized
0x000125C8	0x00000008	[  9] _OBJC_IVAR_$_ARDiscovery.centralManager
0x000125D0	0x00000008	[  9] _OBJC_IVAR_$_ARDiscovery.askForCBDiscovering
0x000125D8	0x00000008	[  9] _OBJC_IVAR_$_ARDiscovery.devicesServicesList
0x000125E0	0x00000008	[  9] _OBJC_IVAR_$_ARDiscovery.controllersServicesList
0x000125E8	0x00000008	[  9] _OBJC_IVAR_$_ARDiscovery.devicesBLEServicesTimerList
0x000125F0	0x00000008	[  9] _OBJC_IVAR_$_ARDiscovery.currentPublishedService
0x000125F8	0x00000008	[  9] _OBJC_IVAR_$_ARDiscovery.tryPublishService
0x00012600	0x00000008	[  9] _OBJC_IVAR_$_ARDiscovery.currentResolutionService
0x00012608	0x00000008	[  9] _OBJC_IVAR_$_ARDiscovery.valid
0x00012610	0x00000008	[  9] _OBJC_IVAR_$_ARDiscovery.centralManagerQueue
0x00012618	0x00000028	[  9] _OBJC_METACLASS_$_ARBLEService
0x00012640	0x00000028	[  9] _OBJC_CLASS_$_ARBLEService
0x00012668	0x00000028	[  9] _OBJC_METACLASS_$_ARUSBService
0x00012690	0x00000028	[  9] _OBJC_CLASS_$_ARUSBService
0x000126B8	0x00000028	[  9] _OBJC_CLASS_$_ARDiscovery
0x000126E0	0x00000028	[  9] _OBJC_METACLASS_$_ARService
0x00012708	0x00000028	[  9] _OBJC_CLASS_$_ARService
0x00012730	0x00000028	[  9] _OBJC_METACLASS_$_ARDiscovery
0x00012760	0x00000060	[  5] _ARDISCOVERY_DEVICE_Wifi_InitBebopNetworkConfiguration.c2dParams
0x000127C0	0x00000040	[  5] _ARDISCOVERY_DEVICE_Wifi_InitBebopNetworkConfiguration.d2cParams
0x00012800	0x00000010	[  5] _ARDISCOVERY_DEVICE_Wifi_InitBebopNetworkConfiguration.commandBufferIds
0x00012810	0x00000040	[  5] _ARDISCOVERY_DEVICE_Wifi_InitDelos3NetworkConfiguration.c2dParams
0x00012850	0x00000040	[  5] _ARDISCOVERY_DEVICE_Wifi_InitDelos3NetworkConfiguration.d2cParams
0x00012890	0x00000010	[  5] _ARDISCOVERY_DEVICE_Wifi_InitDelos3NetworkConfiguration.commandBufferIds
0x000128A0	0x00000060	[  5] _ARDISCOVERY_DEVICE_Wifi_InitSkyController2NetworkConfiguration.c2dParams
0x00012900	0x00000040	[  5] _ARDISCOVERY_DEVICE_Wifi_InitSkyController2NetworkConfiguration.d2cParams
0x00012940	0x00000010	[  5] _ARDISCOVERY_DEVICE_Wifi_InitSkyController2NetworkConfiguration.commandBufferIds
0x00012950	0x00000060	[  5] _ARDISCOVERY_DEVICE_Wifi_InitJumpingSumoNetworkConfiguration.c2dParams
0x000129B0	0x00000060	[  5] _ARDISCOVERY_DEVICE_Wifi_InitJumpingSumoNetworkConfiguration.d2cParams
0x00012A10	0x00000010	[  5] _ARDISCOVERY_DEVICE_Wifi_InitJumpingSumoNetworkConfiguration.commandBufferIds
0x00012A20	0x000000A0	[  5] _ARDISCOVERY_DEVICE_Wifi_InitJumpingSumoEvoNetworkConfiguration.c2dParams
0x00012AC0	0x000000A0	[  5] _ARDISCOVERY_DEVICE_Wifi_InitJumpingSumoEvoNetworkConfiguration.d2cParams
0x00012B60	0x00000010	[  5] _ARDISCOVERY_DEVICE_Wifi_InitJumpingSumoEvoNetworkConfiguration.commandBufferIds
0x00012B70	0x00000080	[  5] _ARDISCOVERY_DEVICE_Wifi_InitPowerUpNetworkConfiguration.c2dParams
0x00012BF0	0x00000080	[  5] _ARDISCOVERY_DEVICE_Wifi_InitPowerUpNetworkConfiguration.d2cParams
0x00012C70	0x00000008	[  5] _ARDISCOVERY_DEVICE_Wifi_InitPowerUpNetworkConfiguration.commandBufferIds
0x00012C80	0x00000060	[  6] _ARDISCOVERY_DEVICE_Ble_InitRollingSpiderNetworkConfiguration.c2dParams
0x00012CE0	0x00000040	[  6] _ARDISCOVERY_DEVICE_Ble_InitRollingSpiderNetworkConfiguration.d2cParams
0x00012D20	0x00000008	[  6] _ARDISCOVERY_DEVICE_Ble_InitRollingSpiderNetworkConfiguration.commandBufferIds
0x00012D30	0x00000060	[  7] _ARDISCOVERY_DEVICE_Usb_InitSkyController2NetworkConfiguration.c2dParams
0x00012D90	0x00000040	[  7] _ARDISCOVERY_DEVICE_Usb_InitSkyController2NetworkConfiguration.d2cParams
0x00012DD0	0x00000008	[  7] _ARDISCOVERY_DEVICE_Usb_InitSkyController2NetworkConfiguration.commandBufferIds
0x00012DD8	0x00000060	[  9] l_OBJC_PROTOCOL_$_NSObject
0x00012E38	0x00000060	[  9] l_OBJC_PROTOCOL_$_NSNetServiceBrowserDelegate
0x00012E98	0x00000060	[  9] l_OBJC_PROTOCOL_$_NSNetServiceDelegate
0x00012EF8	0x00000060	[  9] l_OBJC_PROTOCOL_$_CBCentralManagerDelegate
0x00012F58	0x00000008	[  9] _sharedInstance._sharedInstance
0x00012F60	0x00000008	[  9] _sharedInstance.onceToken

# Dead Stripped Symbols:
#        	Size    	File  Name
<<dead>> 	0x00000018	[  1] CIE
<<dead>> 	0x00000018	[  2] CIE
<<dead>> 	0x0000000A	[  3] literal string: error: %s
<<dead>> 	0x00000018	[  3] CIE
<<dead>> 	0x00000018	[  4] CIE
<<dead>> 	0x00000010	[  5] 16-byte-literal
<<dead>> 	0x00000010	[  5] 16-byte-literal
<<dead>> 	0x00000010	[  5] 16-byte-literal
<<dead>> 	0x00000010	[  5] 16-byte-literal
<<dead>> 	0x00000010	[  5] 16-byte-literal
<<dead>> 	0x00000010	[  5] 16-byte-literal
<<dead>> 	0x00000010	[  5] 16-byte-literal
<<dead>> 	0x00000010	[  5] 16-byte-literal
<<dead>> 	0x00000010	[  5] 16-byte-literal
<<dead>> 	0x00000010	[  5] 16-byte-literal
<<dead>> 	0x00000010	[  5] 16-byte-literal
<<dead>> 	0x00000010	[  5] 16-byte-literal
<<dead>> 	0x00000010	[  5] 16-byte-literal
<<dead>> 	0x00000010	[  5] 16-byte-literal
<<dead>> 	0x00000010	[  5] 16-byte-literal
<<dead>> 	0x00000010	[  5] 16-byte-literal
<<dead>> 	0x00000010	[  5] 16-byte-literal
<<dead>> 	0x00000010	[  5] 16-byte-literal
<<dead>> 	0x00000010	[  5] 16-byte-literal
<<dead>> 	0x00000010	[  5] 16-byte-literal
<<dead>> 	0x00000010	[  5] 16-byte-literal
<<dead>> 	0x00000010	[  5] 16-byte-literal
<<dead>> 	0x00000010	[  5] 16-byte-literal
<<dead>> 	0x00000018	[  5] CIE
<<dead>> 	0x00000018	[  6] CIE
<<dead>> 	0x00000010	[  7] 16-byte-literal
<<dead>> 	0x00000010	[  7] 16-byte-literal
<<dead>> 	0x00000010	[  7] 16-byte-literal
<<dead>> 	0x00000018	[  7] CIE
<<dead>> 	0x00000018	[  8] CIE
<<dead>> 	0x00000003	[  9] literal string: %s
<<dead>> 	0x00000001	[  9] literal string: 
<<dead>> 	0x00000018	[  9] CIE
<<dead>> 	0x00000020	[  9] CIE
